******************************************************************************
                  TI ARM Linker PC v20.2.7                     
******************************************************************************
>> Linked Tue Apr 30 21:25:32 2024

OUTPUT FILE NAME:   <most_fin.out>
ENTRY POINT SYMBOL: "_c_int00_noargs"  address: 00001e95


MEMORY CONFIGURATION

         name            origin    length      used     unused   attr    fill
----------------------  --------  ---------  --------  --------  ----  --------
  FLASH                 00000000   00040000  000020df  0003df21  R  X
  SRAM                  20000000   00008000  00000454  00007bac  RW X


SEGMENT ALLOCATION MAP

run origin  load origin   length   init length attrs members
----------  ----------- ---------- ----------- ----- -------
00000000    00000000    000020e0   000020e0    r-x
  00000000    00000000    0000026c   0000026c    r-- .intvecs
  0000026c    0000026c    00001d32   00001d32    r-x .text
  00001f9e    00001f9e    00000101   00000101    r-- .const
  000020a0    000020a0    00000040   00000040    r-- .cinit
20000000    20000000    00000454   00000000    rw-
  20000000    20000000    00000400   00000000    rw- .stack
  20000400    20000400    00000048   00000000    rw- .data
  20000448    20000448    0000000c   00000000    rw- .bss


SECTION ALLOCATION MAP

 output                                  attributes/
section   page    origin      length       input sections
--------  ----  ----------  ----------   ----------------
.intvecs   0    00000000    0000026c     
                  00000000    0000026c     tm4c123gh6pm_startup_ccs.obj (.intvecs)

.text      0    0000026c    00001d32     
                  0000026c    000010c0     function.obj (.text)
                  0000132c    00000538     inthw.obj (.text)
                  00001864    000001fc     main.obj (.text)
                  00001a60    0000015c     uart0.obj (.text)
                  00001bbc    000000fc     rtsv7M4_T_le_v4SPD16_eabi.lib : fd_mul_t2.asm.obj (.text)
                  00001cb8    0000009c                                   : memcpy_t2.asm.obj (.text)
                  00001d54    00000068                                   : copy_decompress_lzss.c.obj (.text:decompress:lzss:__TI_decompress_lzss)
                  00001dbc    0000004c                                   : atoi.c.obj (.text:atoi)
                  00001e08    00000048                                   : fd_toi_t2.asm.obj (.text)
                  00001e50    00000044                                   : autoinit.c.obj (.text:__TI_auto_init_nobinit_nopinit:__TI_auto_init_nobinit_nopinit)
                  00001e94    00000034                                   : boot_cortex_m.c.obj (.text:_c_int00_noargs:_c_int00_noargs)
                  00001ec8    00000034                                   : rand.c.obj (.text:rand)
                  00001efc    0000002e                                   : i_tofd_t2.asm.obj (.text)
                  00001f2a    00000024     wait.obj (.text)
                  00001f4e    0000001c     rtsv7M4_T_le_v4SPD16_eabi.lib : copy_zero_init.c.obj (.text:decompress:ZI:__TI_zero_init_nomemset:__TI_zero_init_nomemset)
                  00001f6a    00000002                                   : _lock.c.obj (.text:_nop)
                  00001f6c    00000010     clock.obj (.text)
                  00001f7c    0000000e     rtsv7M4_T_le_v4SPD16_eabi.lib : copy_decompress_none.c.obj (.text:decompress:none:__TI_decompress_none)
                  00001f8a    0000000c     tm4c123gh6pm_startup_ccs.obj (.text)
                  00001f96    00000004     rtsv7M4_T_le_v4SPD16_eabi.lib : pre_init.c.obj (.text:_system_pre_init)
                  00001f9a    00000004                                   : exit.c.obj (.text:abort:abort)

.const     0    00001f9e    00000101     
                  00001f9e    00000101     rtsv7M4_T_le_v4SPD16_eabi.lib : ctype.c.obj (.const:.string:_ctypes_)

.cinit     0    000020a0    00000040     
                  000020a0    00000017     (.cinit..data.load) [load image, compression = lzss]
                  000020b7    00000001     --HOLE-- [fill = 0]
                  000020b8    0000000c     (__TI_handler_table)
                  000020c4    00000004     --HOLE-- [fill = 0]
                  000020c8    00000008     (.cinit..bss.load) [load image, compression = zero_init]
                  000020d0    00000010     (__TI_cinit_table)

.init_array 
*          0    00000000    00000000     UNINITIALIZED

.data      0    20000400    00000048     UNINITIALIZED
                  20000400    0000003b     function.obj (.data)
                  2000043b    00000001     --HOLE--
                  2000043c    00000008     rtsv7M4_T_le_v4SPD16_eabi.lib : _lock.c.obj (.data:$O1$$)
                  20000444    00000004                                   : rand.c.obj (.data)

.bss       0    20000448    0000000c     UNINITIALIZED
                  20000448    00000004     (.common:angle_of_robot)
                  2000044c    00000004     (.common:left_tire_cmp_val)
                  20000450    00000004     (.common:right_tire_cmp_val)

.stack     0    20000000    00000400     UNINITIALIZED
                  20000000    00000004     rtsv7M4_T_le_v4SPD16_eabi.lib : boot_cortex_m.c.obj (.stack)
                  20000004    000003fc     --HOLE--

__llvm_prf_cnts 
*          0    20000000    00000000     UNINITIALIZED

MODULE SUMMARY

       Module                         code   ro data   rw data
       ------                         ----   -------   -------
    .\
       function.obj                   4288   0         71     
       inthw.obj                      1336   0         0      
       tm4c123gh6pm_startup_ccs.obj   12     620       0      
       main.obj                       508    0         0      
       uart0.obj                      348    0         0      
       wait.obj                       36     0         0      
       clock.obj                      16     0         0      
    +--+------------------------------+------+---------+---------+
       Total:                         6544   620       71     
                                                              
    C:\ti\ccs1260\ccs\tools\compiler\ti-cgt-arm_20.2.7.LTS\lib\rtsv7M4_T_le_v4SPD16_eabi.lib
       ctype.c.obj                    0      257       0      
       fd_mul_t2.asm.obj              252    0         0      
       memcpy_t2.asm.obj              156    0         0      
       copy_decompress_lzss.c.obj     104    0         0      
       atoi.c.obj                     76     0         0      
       fd_toi_t2.asm.obj              72     0         0      
       autoinit.c.obj                 68     0         0      
       rand.c.obj                     52     0         4      
       boot_cortex_m.c.obj            52     0         0      
       i_tofd_t2.asm.obj              46     0         0      
       copy_zero_init.c.obj           28     0         0      
       copy_decompress_none.c.obj     14     0         0      
       _lock.c.obj                    2      0         8      
       exit.c.obj                     4      0         0      
       pre_init.c.obj                 4      0         0      
    +--+------------------------------+------+---------+---------+
       Total:                         930    257       12     
                                                              
       Stack:                         0      0         1024   
       Linker Generated:              0      59        0      
    +--+------------------------------+------+---------+---------+
       Grand Total:                   7474   936       1107   


LINKER GENERATED COPY TABLES

__TI_cinit_table @ 000020d0 records: 2, size/record: 8, table size: 16
	.data: load addr=000020a0, load size=00000017 bytes, run addr=20000400, run size=00000048 bytes, compression=lzss
	.bss: load addr=000020c8, load size=00000008 bytes, run addr=20000448, run size=0000000c bytes, compression=zero_init


LINKER GENERATED HANDLER TABLE

__TI_handler_table @ 000020b8 records: 3, size/record: 4, table size: 12
	index: 0, handler: __TI_decompress_lzss
	index: 1, handler: __TI_decompress_none
	index: 2, handler: __TI_zero_init


GLOBAL SYMBOLS: SORTED ALPHABETICALLY BY Name 

address   name                          
-------   ----                          
20000435  Bits_Read                     
00001f9b  C$$EXIT                       
00000b2d  Distance                      
20000415  LOCK_DIR                      
20000417  LOCK_Wheesl                   
0000097b  Motor_Driver                  
000014db  PIR_init                      
000013c7  Remote_wideTimer              
00001f8b  ResetISR                      
20000434  STATE                         
00000945  Stringcmp                     
20000436  TURN_OFF_ON_AUTO              
20000400  __STACK_END                   
00000400  __STACK_SIZE                  
20000200  __STACK_TOP                   
000020d0  __TI_CINIT_Base               
000020e0  __TI_CINIT_Limit              
000020b8  __TI_Handler_Table_Base       
000020c4  __TI_Handler_Table_Limit      
00001e51  __TI_auto_init_nobinit_nopinit
00001d55  __TI_decompress_lzss          
00001f7d  __TI_decompress_none          
ffffffff  __TI_pprof_out_hndl           
ffffffff  __TI_prof_data_size           
ffffffff  __TI_prof_data_start          
00000000  __TI_static_base__            
00001f4f  __TI_zero_init_nomemset       
00001e09  __aeabi_d2iz                  
00001bbd  __aeabi_dmul                  
00001efd  __aeabi_i2d                   
00001cb9  __aeabi_memcpy                
00001cb9  __aeabi_memcpy4               
00001cb9  __aeabi_memcpy8               
ffffffff  __binit__                     
ffffffff  __c_args__                    
UNDEFED   __mpu_init                    
20000000  __stack                       
20000000  __start___llvm_prf_cnts       
20000000  __stop___llvm_prf_cnts        
00001e95  _c_int00_noargs               
00001f9e  _ctypes_                      
2000043c  _lock                         
00001f6b  _nop                          
UNDEFED   _system_post_cinit            
00001f97  _system_pre_init              
20000440  _unlock                       
00001f9b  abort                         
20000448  angle_of_robot                
00001dbd  atoi                          
ffffffff  binit                         
00000ad7  ccw                           
00000a0b  compvale                      
00000ac3  cw                            
20000424  dis_sonar0                    
20000428  dis_sonar0_time               
20000410  distance                      
00000351  fallinedge                    
000009a3  forward                       
00000a4b  forwardSpeed                  
00000000  g_pfnVectors                  
00000889  getFieldInteger               
00000839  getFieldString                
00001b5f  getcUart0                     
00000669  getsUart0                     
20000437  halt_rob_rot                  
00001627  initHw                        
0000132d  initINTER                     
0000165b  initPWM                       
00001f6d  initSystemClockTo40Mhz        
00001509  initTimer                     
00001a61  initUart0                     
20000400  init_left_tire                
20000404  init_right_tire               
0000026d  intTostring                   
000008e1  isCommand                     
00000f57  is_motion                     
00001b73  kbhitUart0                    
20000416  lOCK_ROT                      
2000044c  left_tire_cmp_val             
20000408  left_tire_count               
00001865  main                          
00001cb9  memcpy                        
20000438  modes_main                    
20000419  motion                        
20000418  offset                        
00000725  parseFields                   
20000430  past_time                     
2000043a  phase                         
00000f0f  ping_distance                 
2000042c  pres_time                     
00000331  print_wheel                   
00001b17  putcUart0                     
00001b33  putsUart0                     
00000ff1  putty                         
00001ec9  rand                          
20000420  remote_val                    
00000f7d  ret_ran_num                   
000009d7  reverse                       
00000a87  reverseSpeed                  
20000450  right_tire_cmp_val            
2000040c  right_tire_count              
20000439  rob_is_stop                   
00000f25  rot_auto                      
00001ad3  setUart0BaudRate              
20000414  set_distance                  
00001441  sonar_init                    
00000aeb  stop                          
000005cd  timer1Isr                     
000005f7  timer2Isr                     
00000d49  timer3ISR                     
00000e9b  timer4Isr                     
2000041c  total_time                    
00001f2b  waitMicrosecond               
00000ed1  wtimer5ISR                    


GLOBAL SYMBOLS: SORTED BY Symbol Address 

address   name                          
-------   ----                          
00000000  __TI_static_base__            
00000000  g_pfnVectors                  
0000026d  intTostring                   
00000331  print_wheel                   
00000351  fallinedge                    
00000400  __STACK_SIZE                  
000005cd  timer1Isr                     
000005f7  timer2Isr                     
00000669  getsUart0                     
00000725  parseFields                   
00000839  getFieldString                
00000889  getFieldInteger               
000008e1  isCommand                     
00000945  Stringcmp                     
0000097b  Motor_Driver                  
000009a3  forward                       
000009d7  reverse                       
00000a0b  compvale                      
00000a4b  forwardSpeed                  
00000a87  reverseSpeed                  
00000ac3  cw                            
00000ad7  ccw                           
00000aeb  stop                          
00000b2d  Distance                      
00000d49  timer3ISR                     
00000e9b  timer4Isr                     
00000ed1  wtimer5ISR                    
00000f0f  ping_distance                 
00000f25  rot_auto                      
00000f57  is_motion                     
00000f7d  ret_ran_num                   
00000ff1  putty                         
0000132d  initINTER                     
000013c7  Remote_wideTimer              
00001441  sonar_init                    
000014db  PIR_init                      
00001509  initTimer                     
00001627  initHw                        
0000165b  initPWM                       
00001865  main                          
00001a61  initUart0                     
00001ad3  setUart0BaudRate              
00001b17  putcUart0                     
00001b33  putsUart0                     
00001b5f  getcUart0                     
00001b73  kbhitUart0                    
00001bbd  __aeabi_dmul                  
00001cb9  __aeabi_memcpy                
00001cb9  __aeabi_memcpy4               
00001cb9  __aeabi_memcpy8               
00001cb9  memcpy                        
00001d55  __TI_decompress_lzss          
00001dbd  atoi                          
00001e09  __aeabi_d2iz                  
00001e51  __TI_auto_init_nobinit_nopinit
00001e95  _c_int00_noargs               
00001ec9  rand                          
00001efd  __aeabi_i2d                   
00001f2b  waitMicrosecond               
00001f4f  __TI_zero_init_nomemset       
00001f6b  _nop                          
00001f6d  initSystemClockTo40Mhz        
00001f7d  __TI_decompress_none          
00001f8b  ResetISR                      
00001f97  _system_pre_init              
00001f9b  C$$EXIT                       
00001f9b  abort                         
00001f9e  _ctypes_                      
000020b8  __TI_Handler_Table_Base       
000020c4  __TI_Handler_Table_Limit      
000020d0  __TI_CINIT_Base               
000020e0  __TI_CINIT_Limit              
20000000  __stack                       
20000000  __start___llvm_prf_cnts       
20000000  __stop___llvm_prf_cnts        
20000200  __STACK_TOP                   
20000400  __STACK_END                   
20000400  init_left_tire                
20000404  init_right_tire               
20000408  left_tire_count               
2000040c  right_tire_count              
20000410  distance                      
20000414  set_distance                  
20000415  LOCK_DIR                      
20000416  lOCK_ROT                      
20000417  LOCK_Wheesl                   
20000418  offset                        
20000419  motion                        
2000041c  total_time                    
20000420  remote_val                    
20000424  dis_sonar0                    
20000428  dis_sonar0_time               
2000042c  pres_time                     
20000430  past_time                     
20000434  STATE                         
20000435  Bits_Read                     
20000436  TURN_OFF_ON_AUTO              
20000437  halt_rob_rot                  
20000438  modes_main                    
20000439  rob_is_stop                   
2000043a  phase                         
2000043c  _lock                         
20000440  _unlock                       
20000448  angle_of_robot                
2000044c  left_tire_cmp_val             
20000450  right_tire_cmp_val            
ffffffff  __TI_pprof_out_hndl           
ffffffff  __TI_prof_data_size           
ffffffff  __TI_prof_data_start          
ffffffff  __binit__                     
ffffffff  __c_args__                    
ffffffff  binit                         
UNDEFED   __mpu_init                    
UNDEFED   _system_post_cinit            

[114 symbols]
