<?xml version="1.0" encoding="ISO-8859-1" ?>
<link_info>
   <banner>TI ARM Linker PC v20.2.7.LTS</banner>
   <copyright>Copyright (c) 1996-2018 Texas Instruments Incorporated</copyright>
   <link_time>0x6631a81c</link_time>
   <link_errors>0x0</link_errors>
   <output_file>most_fin.out</output_file>
   <entry_point>
      <name>_c_int00_noargs</name>
      <address>0x1e95</address>
   </entry_point>
   <input_file_list>
      <input_file id="fl-2">
         <path>.\</path>
         <kind>object</kind>
         <file>clock.obj</file>
         <name>clock.obj</name>
      </input_file>
      <input_file id="fl-3">
         <path>.\</path>
         <kind>object</kind>
         <file>function.obj</file>
         <name>function.obj</name>
      </input_file>
      <input_file id="fl-4">
         <path>.\</path>
         <kind>object</kind>
         <file>inthw.obj</file>
         <name>inthw.obj</name>
      </input_file>
      <input_file id="fl-5">
         <path>.\</path>
         <kind>object</kind>
         <file>main.obj</file>
         <name>main.obj</name>
      </input_file>
      <input_file id="fl-6">
         <path>.\</path>
         <kind>object</kind>
         <file>tm4c123gh6pm_startup_ccs.obj</file>
         <name>tm4c123gh6pm_startup_ccs.obj</name>
      </input_file>
      <input_file id="fl-7">
         <path>.\</path>
         <kind>object</kind>
         <file>uart0.obj</file>
         <name>uart0.obj</name>
      </input_file>
      <input_file id="fl-8">
         <path>.\</path>
         <kind>object</kind>
         <file>wait.obj</file>
         <name>wait.obj</name>
      </input_file>
      <input_file id="fl-c">
         <kind>object</kind>
         <file>&lt;internal&gt;</file>
         <name>&lt;internal&gt;</name>
      </input_file>
      <input_file id="fl-c2">
         <path>C:\ti\ccs1260\ccs\tools\compiler\ti-cgt-arm_20.2.7.LTS\lib\</path>
         <kind>archive</kind>
         <file>rtsv7M4_T_le_v4SPD16_eabi.lib</file>
         <name>fd_mul_t2.asm.obj</name>
      </input_file>
      <input_file id="fl-c3">
         <path>C:\ti\ccs1260\ccs\tools\compiler\ti-cgt-arm_20.2.7.LTS\lib\</path>
         <kind>archive</kind>
         <file>rtsv7M4_T_le_v4SPD16_eabi.lib</file>
         <name>fd_toi_t2.asm.obj</name>
      </input_file>
      <input_file id="fl-c4">
         <path>C:\ti\ccs1260\ccs\tools\compiler\ti-cgt-arm_20.2.7.LTS\lib\</path>
         <kind>archive</kind>
         <file>rtsv7M4_T_le_v4SPD16_eabi.lib</file>
         <name>i_tofd_t2.asm.obj</name>
      </input_file>
      <input_file id="fl-c5">
         <path>C:\ti\ccs1260\ccs\tools\compiler\ti-cgt-arm_20.2.7.LTS\lib\</path>
         <kind>archive</kind>
         <file>rtsv7M4_T_le_v4SPD16_eabi.lib</file>
         <name>copy_zero_init.c.obj</name>
      </input_file>
      <input_file id="fl-c6">
         <path>C:\ti\ccs1260\ccs\tools\compiler\ti-cgt-arm_20.2.7.LTS\lib\</path>
         <kind>archive</kind>
         <file>rtsv7M4_T_le_v4SPD16_eabi.lib</file>
         <name>copy_decompress_none.c.obj</name>
      </input_file>
      <input_file id="fl-c7">
         <path>C:\ti\ccs1260\ccs\tools\compiler\ti-cgt-arm_20.2.7.LTS\lib\</path>
         <kind>archive</kind>
         <file>rtsv7M4_T_le_v4SPD16_eabi.lib</file>
         <name>copy_decompress_lzss.c.obj</name>
      </input_file>
      <input_file id="fl-c8">
         <path>C:\ti\ccs1260\ccs\tools\compiler\ti-cgt-arm_20.2.7.LTS\lib\</path>
         <kind>archive</kind>
         <file>rtsv7M4_T_le_v4SPD16_eabi.lib</file>
         <name>atoi.c.obj</name>
      </input_file>
      <input_file id="fl-c9">
         <path>C:\ti\ccs1260\ccs\tools\compiler\ti-cgt-arm_20.2.7.LTS\lib\</path>
         <kind>archive</kind>
         <file>rtsv7M4_T_le_v4SPD16_eabi.lib</file>
         <name>ctype.c.obj</name>
      </input_file>
      <input_file id="fl-ca">
         <path>C:\ti\ccs1260\ccs\tools\compiler\ti-cgt-arm_20.2.7.LTS\lib\</path>
         <kind>archive</kind>
         <file>rtsv7M4_T_le_v4SPD16_eabi.lib</file>
         <name>rand.c.obj</name>
      </input_file>
      <input_file id="fl-cb">
         <path>C:\ti\ccs1260\ccs\tools\compiler\ti-cgt-arm_20.2.7.LTS\lib\</path>
         <kind>archive</kind>
         <file>rtsv7M4_T_le_v4SPD16_eabi.lib</file>
         <name>boot_cortex_m.c.obj</name>
      </input_file>
      <input_file id="fl-cc">
         <path>C:\ti\ccs1260\ccs\tools\compiler\ti-cgt-arm_20.2.7.LTS\lib\</path>
         <kind>archive</kind>
         <file>rtsv7M4_T_le_v4SPD16_eabi.lib</file>
         <name>memcpy_t2.asm.obj</name>
      </input_file>
      <input_file id="fl-cd">
         <path>C:\ti\ccs1260\ccs\tools\compiler\ti-cgt-arm_20.2.7.LTS\lib\</path>
         <kind>archive</kind>
         <file>rtsv7M4_T_le_v4SPD16_eabi.lib</file>
         <name>memset_t2.asm.obj</name>
      </input_file>
      <input_file id="fl-ce">
         <path>C:\ti\ccs1260\ccs\tools\compiler\ti-cgt-arm_20.2.7.LTS\lib\</path>
         <kind>archive</kind>
         <file>rtsv7M4_T_le_v4SPD16_eabi.lib</file>
         <name>autoinit.c.obj</name>
      </input_file>
      <input_file id="fl-cf">
         <path>C:\ti\ccs1260\ccs\tools\compiler\ti-cgt-arm_20.2.7.LTS\lib\</path>
         <kind>archive</kind>
         <file>rtsv7M4_T_le_v4SPD16_eabi.lib</file>
         <name>pre_init.c.obj</name>
      </input_file>
      <input_file id="fl-d0">
         <path>C:\ti\ccs1260\ccs\tools\compiler\ti-cgt-arm_20.2.7.LTS\lib\</path>
         <kind>archive</kind>
         <file>rtsv7M4_T_le_v4SPD16_eabi.lib</file>
         <name>cpy_tbl.c.obj</name>
      </input_file>
      <input_file id="fl-d1">
         <path>C:\ti\ccs1260\ccs\tools\compiler\ti-cgt-arm_20.2.7.LTS\lib\</path>
         <kind>archive</kind>
         <file>rtsv7M4_T_le_v4SPD16_eabi.lib</file>
         <name>exit.c.obj</name>
      </input_file>
      <input_file id="fl-d2">
         <path>C:\ti\ccs1260\ccs\tools\compiler\ti-cgt-arm_20.2.7.LTS\lib\</path>
         <kind>archive</kind>
         <file>rtsv7M4_T_le_v4SPD16_eabi.lib</file>
         <name>_lock.c.obj</name>
      </input_file>
      <input_file id="fl-d3">
         <path>C:\ti\ccs1260\ccs\tools\compiler\ti-cgt-arm_20.2.7.LTS\lib\</path>
         <kind>archive</kind>
         <file>rtsv7M4_T_le_v4SPD16_eabi.lib</file>
         <name>args_main.c.obj</name>
      </input_file>
   </input_file_list>
   <object_component_list>
      <object_component id="oc-12">
         <name>.intvecs</name>
         <load_address>0x0</load_address>
         <run_address>0x0</run_address>
         <size>0x26c</size>
         <input_file_ref idref="fl-6"/>
      </object_component>
      <object_component id="oc-2d">
         <name>.text</name>
         <load_address>0x26c</load_address>
         <run_address>0x26c</run_address>
         <size>0x10c0</size>
         <input_file_ref idref="fl-3"/>
      </object_component>
      <object_component id="oc-11e">
         <name>.text</name>
         <load_address>0x132c</load_address>
         <run_address>0x132c</run_address>
         <size>0x538</size>
         <input_file_ref idref="fl-4"/>
      </object_component>
      <object_component id="oc-db">
         <name>.text</name>
         <load_address>0x1864</load_address>
         <run_address>0x1864</run_address>
         <size>0x1fc</size>
         <input_file_ref idref="fl-5"/>
      </object_component>
      <object_component id="oc-74">
         <name>.text</name>
         <load_address>0x1a60</load_address>
         <run_address>0x1a60</run_address>
         <size>0x15c</size>
         <input_file_ref idref="fl-7"/>
      </object_component>
      <object_component id="oc-8c">
         <name>.text</name>
         <load_address>0x1bbc</load_address>
         <run_address>0x1bbc</run_address>
         <size>0xfc</size>
         <input_file_ref idref="fl-c2"/>
      </object_component>
      <object_component id="oc-41">
         <name>.text</name>
         <load_address>0x1cb8</load_address>
         <run_address>0x1cb8</run_address>
         <size>0x9c</size>
         <input_file_ref idref="fl-cc"/>
      </object_component>
      <object_component id="oc-15">
         <name>.text:decompress:lzss:__TI_decompress_lzss</name>
         <load_address>0x1d54</load_address>
         <run_address>0x1d54</run_address>
         <size>0x68</size>
         <input_file_ref idref="fl-c7"/>
      </object_component>
      <object_component id="oc-7d">
         <name>.text:atoi</name>
         <load_address>0x1dbc</load_address>
         <run_address>0x1dbc</run_address>
         <size>0x4c</size>
         <input_file_ref idref="fl-c8"/>
      </object_component>
      <object_component id="oc-91">
         <name>.text</name>
         <load_address>0x1e08</load_address>
         <run_address>0x1e08</run_address>
         <size>0x48</size>
         <input_file_ref idref="fl-c3"/>
      </object_component>
      <object_component id="oc-131">
         <name>.text:__TI_auto_init_nobinit_nopinit:__TI_auto_init_nobinit_nopinit</name>
         <load_address>0x1e50</load_address>
         <run_address>0x1e50</run_address>
         <size>0x44</size>
         <input_file_ref idref="fl-ce"/>
      </object_component>
      <object_component id="oc-5f">
         <name>.text:_c_int00_noargs:_c_int00_noargs</name>
         <load_address>0x1e94</load_address>
         <run_address>0x1e94</run_address>
         <size>0x34</size>
         <input_file_ref idref="fl-cb"/>
      </object_component>
      <object_component id="oc-9d">
         <name>.text:rand</name>
         <load_address>0x1ec8</load_address>
         <run_address>0x1ec8</run_address>
         <size>0x34</size>
         <input_file_ref idref="fl-ca"/>
      </object_component>
      <object_component id="oc-87">
         <name>.text</name>
         <load_address>0x1efc</load_address>
         <run_address>0x1efc</run_address>
         <size>0x2e</size>
         <input_file_ref idref="fl-c4"/>
      </object_component>
      <object_component id="oc-97">
         <name>.text</name>
         <load_address>0x1f2a</load_address>
         <run_address>0x1f2a</run_address>
         <size>0x24</size>
         <input_file_ref idref="fl-8"/>
      </object_component>
      <object_component id="oc-4d">
         <name>.text:decompress:ZI:__TI_zero_init_nomemset:__TI_zero_init_nomemset</name>
         <load_address>0x1f4e</load_address>
         <run_address>0x1f4e</run_address>
         <size>0x1c</size>
         <input_file_ref idref="fl-c5"/>
      </object_component>
      <object_component id="oc-16a">
         <name>.text:_nop</name>
         <load_address>0x1f6a</load_address>
         <run_address>0x1f6a</run_address>
         <size>0x2</size>
         <input_file_ref idref="fl-d2"/>
      </object_component>
      <object_component id="oc-178">
         <name>.text</name>
         <load_address>0x1f6c</load_address>
         <run_address>0x1f6c</run_address>
         <size>0x10</size>
         <input_file_ref idref="fl-2"/>
      </object_component>
      <object_component id="oc-1b">
         <name>.text:decompress:none:__TI_decompress_none</name>
         <load_address>0x1f7c</load_address>
         <run_address>0x1f7c</run_address>
         <size>0xe</size>
         <input_file_ref idref="fl-c6"/>
      </object_component>
      <object_component id="oc-27">
         <name>.text</name>
         <load_address>0x1f8a</load_address>
         <run_address>0x1f8a</run_address>
         <size>0xc</size>
         <input_file_ref idref="fl-6"/>
      </object_component>
      <object_component id="oc-d5">
         <name>.text:_system_pre_init</name>
         <load_address>0x1f96</load_address>
         <run_address>0x1f96</run_address>
         <size>0x4</size>
         <input_file_ref idref="fl-cf"/>
      </object_component>
      <object_component id="oc-125">
         <name>.text:abort:abort</name>
         <load_address>0x1f9a</load_address>
         <run_address>0x1f9a</run_address>
         <size>0x4</size>
         <input_file_ref idref="fl-d1"/>
      </object_component>
      <object_component id="oc-f1">
         <name>.const:.string:_ctypes_</name>
         <load_address>0x1f9e</load_address>
         <run_address>0x1f9e</run_address>
         <size>0x101</size>
         <input_file_ref idref="fl-c9"/>
      </object_component>
      <object_component id="oc-1f0">
         <name>.cinit..data.load</name>
         <load_address>0x20a0</load_address>
         <run_address>0x20a0</run_address>
         <size>0x17</size>
      </object_component>
      <object_component id="oc-1ee">
         <name>__TI_handler_table</name>
         <load_address>0x20b8</load_address>
         <run_address>0x20b8</run_address>
         <size>0xc</size>
      </object_component>
      <object_component id="oc-1f1">
         <name>.cinit..bss.load</name>
         <load_address>0x20c8</load_address>
         <run_address>0x20c8</run_address>
         <size>0x8</size>
      </object_component>
      <object_component id="oc-1ef">
         <name>__TI_cinit_table</name>
         <load_address>0x20d0</load_address>
         <run_address>0x20d0</run_address>
         <size>0x10</size>
      </object_component>
      <object_component id="oc-7a">
         <name>.data</name>
         <load_address>0x20000400</load_address>
         <run_address>0x20000400</run_address>
         <size>0x3b</size>
         <input_file_ref idref="fl-3"/>
      </object_component>
      <object_component id="oc-104">
         <name>.data</name>
         <load_address>0x20000444</load_address>
         <run_address>0x20000444</run_address>
         <size>0x4</size>
         <input_file_ref idref="fl-ca"/>
      </object_component>
      <object_component id="oc-101">
         <name>.data:$O1$$</name>
         <load_address>0x2000043c</load_address>
         <run_address>0x2000043c</run_address>
         <size>0x8</size>
         <input_file_ref idref="fl-d2"/>
      </object_component>
      <object_component id="oc-83">
         <name>.common:left_tire_cmp_val</name>
         <uninitialized>true</uninitialized>
         <run_address>0x2000044c</run_address>
         <size>0x4</size>
      </object_component>
      <object_component id="oc-86">
         <name>.common:right_tire_cmp_val</name>
         <uninitialized>true</uninitialized>
         <run_address>0x20000450</run_address>
         <size>0x4</size>
      </object_component>
      <object_component id="oc-96">
         <name>.common:angle_of_robot</name>
         <uninitialized>true</uninitialized>
         <run_address>0x20000448</run_address>
         <size>0x4</size>
      </object_component>
      <object_component id="oc-24">
         <name>.stack</name>
         <uninitialized>true</uninitialized>
         <run_address>0x20000000</run_address>
         <size>0x4</size>
         <input_file_ref idref="fl-cb"/>
      </object_component>
      <object_component id="oc-1f3">
         <name>.stack</name>
         <uninitialized>true</uninitialized>
         <run_address>0x20000000</run_address>
         <size>0x0</size>
      </object_component>
      <object_component id="oc-10d">
         <name>.debug_info</name>
         <load_address>0x0</load_address>
         <run_address>0x0</run_address>
         <size>0x257</size>
         <input_file_ref idref="fl-2"/>
      </object_component>
      <object_component id="oc-17c">
         <name>.debug_info</name>
         <load_address>0x257</load_address>
         <run_address>0x257</run_address>
         <size>0x114</size>
         <input_file_ref idref="fl-2"/>
      </object_component>
      <object_component id="oc-b5">
         <name>.debug_info</name>
         <load_address>0x36b</load_address>
         <run_address>0x36b</run_address>
         <size>0x26b</size>
         <input_file_ref idref="fl-2"/>
      </object_component>
      <object_component id="oc-3c">
         <name>.debug_info</name>
         <load_address>0x5d6</load_address>
         <run_address>0x5d6</run_address>
         <size>0x84</size>
         <input_file_ref idref="fl-2"/>
      </object_component>
      <object_component id="oc-108">
         <name>.debug_info</name>
         <load_address>0x65a</load_address>
         <run_address>0x65a</run_address>
         <size>0x2a4</size>
         <input_file_ref idref="fl-2"/>
      </object_component>
      <object_component id="oc-a9">
         <name>.debug_info</name>
         <load_address>0x8fe</load_address>
         <run_address>0x8fe</run_address>
         <size>0xbb</size>
         <input_file_ref idref="fl-2"/>
      </object_component>
      <object_component id="oc-84">
         <name>.debug_info</name>
         <load_address>0x9b9</load_address>
         <run_address>0x9b9</run_address>
         <size>0x416</size>
         <input_file_ref idref="fl-3"/>
      </object_component>
      <object_component id="oc-7b">
         <name>.debug_info</name>
         <load_address>0xdcf</load_address>
         <run_address>0xdcf</run_address>
         <size>0x43a</size>
         <input_file_ref idref="fl-3"/>
      </object_component>
      <object_component id="oc-30">
         <name>.debug_info</name>
         <load_address>0x1209</load_address>
         <run_address>0x1209</run_address>
         <size>0x184c</size>
         <input_file_ref idref="fl-3"/>
      </object_component>
      <object_component id="oc-ae">
         <name>.debug_info</name>
         <load_address>0x2a55</load_address>
         <run_address>0x2a55</run_address>
         <size>0x8a</size>
         <input_file_ref idref="fl-3"/>
      </object_component>
      <object_component id="oc-a4">
         <name>.debug_info</name>
         <load_address>0x2adf</load_address>
         <run_address>0x2adf</run_address>
         <size>0x8b</size>
         <input_file_ref idref="fl-3"/>
      </object_component>
      <object_component id="oc-f8">
         <name>.debug_info</name>
         <load_address>0x2b6a</load_address>
         <run_address>0x2b6a</run_address>
         <size>0x35</size>
         <input_file_ref idref="fl-3"/>
      </object_component>
      <object_component id="oc-121">
         <name>.debug_info</name>
         <load_address>0x2b9f</load_address>
         <run_address>0x2b9f</run_address>
         <size>0x2c5</size>
         <input_file_ref idref="fl-4"/>
      </object_component>
      <object_component id="oc-dc">
         <name>.debug_info</name>
         <load_address>0x2e64</load_address>
         <run_address>0x2e64</run_address>
         <size>0x2d3</size>
         <input_file_ref idref="fl-5"/>
      </object_component>
      <object_component id="oc-35">
         <name>.debug_info</name>
         <load_address>0x3137</load_address>
         <run_address>0x3137</run_address>
         <size>0x360</size>
         <input_file_ref idref="fl-6"/>
      </object_component>
      <object_component id="oc-13">
         <name>.debug_info</name>
         <load_address>0x3497</load_address>
         <run_address>0x3497</run_address>
         <size>0xe7</size>
         <input_file_ref idref="fl-6"/>
      </object_component>
      <object_component id="oc-29">
         <name>.debug_info</name>
         <load_address>0x357e</load_address>
         <run_address>0x357e</run_address>
         <size>0x263</size>
         <input_file_ref idref="fl-6"/>
      </object_component>
      <object_component id="oc-ee">
         <name>.debug_info</name>
         <load_address>0x37e1</load_address>
         <run_address>0x37e1</run_address>
         <size>0x25d</size>
         <input_file_ref idref="fl-7"/>
      </object_component>
      <object_component id="oc-75">
         <name>.debug_info</name>
         <load_address>0x3a3e</load_address>
         <run_address>0x3a3e</run_address>
         <size>0x345</size>
         <input_file_ref idref="fl-7"/>
      </object_component>
      <object_component id="oc-98">
         <name>.debug_info</name>
         <load_address>0x3d83</load_address>
         <run_address>0x3d83</run_address>
         <size>0x11e</size>
         <input_file_ref idref="fl-8"/>
      </object_component>
      <object_component id="oc-8f">
         <name>.debug_info</name>
         <load_address>0x3ea1</load_address>
         <run_address>0x3ea1</run_address>
         <size>0x13a</size>
         <input_file_ref idref="fl-c2"/>
      </object_component>
      <object_component id="oc-94">
         <name>.debug_info</name>
         <load_address>0x3fdb</load_address>
         <run_address>0x3fdb</run_address>
         <size>0x12e</size>
         <input_file_ref idref="fl-c3"/>
      </object_component>
      <object_component id="oc-88">
         <name>.debug_info</name>
         <load_address>0x4109</load_address>
         <run_address>0x4109</run_address>
         <size>0x12c</size>
         <input_file_ref idref="fl-c4"/>
      </object_component>
      <object_component id="oc-ce">
         <name>.debug_info</name>
         <load_address>0x4235</load_address>
         <run_address>0x4235</run_address>
         <size>0x2d4</size>
         <input_file_ref idref="fl-c5"/>
      </object_component>
      <object_component id="oc-50">
         <name>.debug_info</name>
         <load_address>0x4509</load_address>
         <run_address>0x4509</run_address>
         <size>0x1d2</size>
         <input_file_ref idref="fl-c5"/>
      </object_component>
      <object_component id="oc-c9">
         <name>.debug_info</name>
         <load_address>0x46db</load_address>
         <run_address>0x46db</run_address>
         <size>0x46</size>
         <input_file_ref idref="fl-c5"/>
      </object_component>
      <object_component id="oc-115">
         <name>.debug_info</name>
         <load_address>0x4721</load_address>
         <run_address>0x4721</run_address>
         <size>0x2c</size>
         <input_file_ref idref="fl-c5"/>
      </object_component>
      <object_component id="oc-4c">
         <name>.debug_info</name>
         <load_address>0x474d</load_address>
         <run_address>0x474d</run_address>
         <size>0x2a8</size>
         <input_file_ref idref="fl-c6"/>
      </object_component>
      <object_component id="oc-1e">
         <name>.debug_info</name>
         <load_address>0x49f5</load_address>
         <run_address>0x49f5</run_address>
         <size>0x1ea</size>
         <input_file_ref idref="fl-c6"/>
      </object_component>
      <object_component id="oc-47">
         <name>.debug_info</name>
         <load_address>0x4bdf</load_address>
         <run_address>0x4bdf</run_address>
         <size>0x46</size>
         <input_file_ref idref="fl-c6"/>
      </object_component>
      <object_component id="oc-c1">
         <name>.debug_info</name>
         <load_address>0x4c25</load_address>
         <run_address>0x4c25</run_address>
         <size>0x2c</size>
         <input_file_ref idref="fl-c6"/>
      </object_component>
      <object_component id="oc-bf">
         <name>.debug_info</name>
         <load_address>0x4c51</load_address>
         <run_address>0x4c51</run_address>
         <size>0x29e</size>
         <input_file_ref idref="fl-c7"/>
      </object_component>
      <object_component id="oc-16">
         <name>.debug_info</name>
         <load_address>0x4eef</load_address>
         <run_address>0x4eef</run_address>
         <size>0x250</size>
         <input_file_ref idref="fl-c7"/>
      </object_component>
      <object_component id="oc-37">
         <name>.debug_info</name>
         <load_address>0x513f</load_address>
         <run_address>0x513f</run_address>
         <size>0x60</size>
         <input_file_ref idref="fl-c7"/>
      </object_component>
      <object_component id="oc-10e">
         <name>.debug_info</name>
         <load_address>0x519f</load_address>
         <run_address>0x519f</run_address>
         <size>0x46</size>
         <input_file_ref idref="fl-c7"/>
      </object_component>
      <object_component id="oc-ba">
         <name>.debug_info</name>
         <load_address>0x51e5</load_address>
         <run_address>0x51e5</run_address>
         <size>0x39</size>
         <input_file_ref idref="fl-c7"/>
      </object_component>
      <object_component id="oc-f5">
         <name>.debug_info</name>
         <load_address>0x521e</load_address>
         <run_address>0x521e</run_address>
         <size>0x2b9</size>
         <input_file_ref idref="fl-c8"/>
      </object_component>
      <object_component id="oc-80">
         <name>.debug_info</name>
         <load_address>0x54d7</load_address>
         <run_address>0x54d7</run_address>
         <size>0x17c</size>
         <input_file_ref idref="fl-c8"/>
      </object_component>
      <object_component id="oc-167">
         <name>.debug_info</name>
         <load_address>0x5653</load_address>
         <run_address>0x5653</run_address>
         <size>0xf9</size>
         <input_file_ref idref="fl-c9"/>
      </object_component>
      <object_component id="oc-f2">
         <name>.debug_info</name>
         <load_address>0x574c</load_address>
         <run_address>0x574c</run_address>
         <size>0x105</size>
         <input_file_ref idref="fl-c9"/>
      </object_component>
      <object_component id="oc-105">
         <name>.debug_info</name>
         <load_address>0x5851</load_address>
         <run_address>0x5851</run_address>
         <size>0xfb</size>
         <input_file_ref idref="fl-ca"/>
      </object_component>
      <object_component id="oc-a0">
         <name>.debug_info</name>
         <load_address>0x594c</load_address>
         <run_address>0x594c</run_address>
         <size>0x13d</size>
         <input_file_ref idref="fl-ca"/>
      </object_component>
      <object_component id="oc-25">
         <name>.debug_info</name>
         <load_address>0x5a89</load_address>
         <run_address>0x5a89</run_address>
         <size>0x10b</size>
         <input_file_ref idref="fl-cb"/>
      </object_component>
      <object_component id="oc-63">
         <name>.debug_info</name>
         <load_address>0x5b94</load_address>
         <run_address>0x5b94</run_address>
         <size>0x1a9</size>
         <input_file_ref idref="fl-cb"/>
      </object_component>
      <object_component id="oc-44">
         <name>.debug_info</name>
         <load_address>0x5d3d</load_address>
         <run_address>0x5d3d</run_address>
         <size>0x119</size>
         <input_file_ref idref="fl-cc"/>
      </object_component>
      <object_component id="oc-187">
         <name>.debug_info</name>
         <load_address>0x5e56</load_address>
         <run_address>0x5e56</run_address>
         <size>0x4b3</size>
         <input_file_ref idref="fl-ce"/>
      </object_component>
      <object_component id="oc-132">
         <name>.debug_info</name>
         <load_address>0x6309</load_address>
         <run_address>0x6309</run_address>
         <size>0x1a6</size>
         <input_file_ref idref="fl-ce"/>
      </object_component>
      <object_component id="oc-1a8">
         <name>.debug_info</name>
         <load_address>0x64af</load_address>
         <run_address>0x64af</run_address>
         <size>0x39</size>
         <input_file_ref idref="fl-ce"/>
      </object_component>
      <object_component id="oc-1b9">
         <name>.debug_info</name>
         <load_address>0x64e8</load_address>
         <run_address>0x64e8</run_address>
         <size>0x39</size>
         <input_file_ref idref="fl-ce"/>
      </object_component>
      <object_component id="oc-1ad">
         <name>.debug_info</name>
         <load_address>0x6521</load_address>
         <run_address>0x6521</run_address>
         <size>0x39</size>
         <input_file_ref idref="fl-ce"/>
      </object_component>
      <object_component id="oc-1b2">
         <name>.debug_info</name>
         <load_address>0x655a</load_address>
         <run_address>0x655a</run_address>
         <size>0xcd</size>
         <input_file_ref idref="fl-ce"/>
      </object_component>
      <object_component id="oc-d8">
         <name>.debug_info</name>
         <load_address>0x6627</load_address>
         <run_address>0x6627</run_address>
         <size>0x153</size>
         <input_file_ref idref="fl-cf"/>
      </object_component>
      <object_component id="oc-127">
         <name>.debug_info</name>
         <load_address>0x677a</load_address>
         <run_address>0x677a</run_address>
         <size>0x122</size>
         <input_file_ref idref="fl-d1"/>
      </object_component>
      <object_component id="oc-172">
         <name>.debug_info</name>
         <load_address>0x689c</load_address>
         <run_address>0x689c</run_address>
         <size>0x2c9</size>
         <input_file_ref idref="fl-d2"/>
      </object_component>
      <object_component id="oc-102">
         <name>.debug_info</name>
         <load_address>0x6b65</load_address>
         <run_address>0x6b65</run_address>
         <size>0x11e</size>
         <input_file_ref idref="fl-d2"/>
      </object_component>
      <object_component id="oc-16b">
         <name>.debug_info</name>
         <load_address>0x6c83</load_address>
         <run_address>0x6c83</run_address>
         <size>0x12e</size>
         <input_file_ref idref="fl-d2"/>
      </object_component>
      <object_component id="oc-1f4">
         <name>.debug_info</name>
         <load_address>0x6db1</load_address>
         <run_address>0x6db1</run_address>
         <size>0x9a</size>
      </object_component>
      <object_component id="oc-177">
         <name>.debug_line</name>
         <load_address>0x0</load_address>
         <run_address>0x0</run_address>
         <size>0x20</size>
         <input_file_ref idref="fl-2"/>
      </object_component>
      <object_component id="oc-17b">
         <name>.debug_line</name>
         <load_address>0x20</load_address>
         <run_address>0x20</run_address>
         <size>0x43</size>
         <input_file_ref idref="fl-2"/>
      </object_component>
      <object_component id="oc-b8">
         <name>.debug_line</name>
         <load_address>0x63</load_address>
         <run_address>0x63</run_address>
         <size>0x6f</size>
         <input_file_ref idref="fl-2"/>
      </object_component>
      <object_component id="oc-3f">
         <name>.debug_line</name>
         <load_address>0xd2</load_address>
         <run_address>0xd2</run_address>
         <size>0x20</size>
         <input_file_ref idref="fl-2"/>
      </object_component>
      <object_component id="oc-10b">
         <name>.debug_line</name>
         <load_address>0xf2</load_address>
         <run_address>0xf2</run_address>
         <size>0x73</size>
         <input_file_ref idref="fl-2"/>
      </object_component>
      <object_component id="oc-ac">
         <name>.debug_line</name>
         <load_address>0x165</load_address>
         <run_address>0x165</run_address>
         <size>0x70</size>
         <input_file_ref idref="fl-2"/>
      </object_component>
      <object_component id="oc-f7">
         <name>.debug_line</name>
         <load_address>0x1d5</load_address>
         <run_address>0x1d5</run_address>
         <size>0x97</size>
         <input_file_ref idref="fl-3"/>
      </object_component>
      <object_component id="oc-f0">
         <name>.debug_line</name>
         <load_address>0x26c</load_address>
         <run_address>0x26c</run_address>
         <size>0x31</size>
         <input_file_ref idref="fl-3"/>
      </object_component>
      <object_component id="oc-2f">
         <name>.debug_line</name>
         <load_address>0x29d</load_address>
         <run_address>0x29d</run_address>
         <size>0x936</size>
         <input_file_ref idref="fl-3"/>
      </object_component>
      <object_component id="oc-b1">
         <name>.debug_line</name>
         <load_address>0xbd3</load_address>
         <run_address>0xbd3</run_address>
         <size>0x2e</size>
         <input_file_ref idref="fl-3"/>
      </object_component>
      <object_component id="oc-a7">
         <name>.debug_line</name>
         <load_address>0xc01</load_address>
         <run_address>0xc01</run_address>
         <size>0x20</size>
         <input_file_ref idref="fl-3"/>
      </object_component>
      <object_component id="oc-fb">
         <name>.debug_line</name>
         <load_address>0xc21</load_address>
         <run_address>0xc21</run_address>
         <size>0x72</size>
         <input_file_ref idref="fl-3"/>
      </object_component>
      <object_component id="oc-123">
         <name>.debug_line</name>
         <load_address>0xc93</load_address>
         <run_address>0xc93</run_address>
         <size>0x158</size>
         <input_file_ref idref="fl-4"/>
      </object_component>
      <object_component id="oc-df">
         <name>.debug_line</name>
         <load_address>0xdeb</load_address>
         <run_address>0xdeb</run_address>
         <size>0xea</size>
         <input_file_ref idref="fl-5"/>
      </object_component>
      <object_component id="oc-b4">
         <name>.debug_line</name>
         <load_address>0xed5</load_address>
         <run_address>0xed5</run_address>
         <size>0x41</size>
         <input_file_ref idref="fl-6"/>
      </object_component>
      <object_component id="oc-34">
         <name>.debug_line</name>
         <load_address>0xf16</load_address>
         <run_address>0xf16</run_address>
         <size>0x41</size>
         <input_file_ref idref="fl-6"/>
      </object_component>
      <object_component id="oc-2c">
         <name>.debug_line</name>
         <load_address>0xf57</load_address>
         <run_address>0xf57</run_address>
         <size>0xa1</size>
         <input_file_ref idref="fl-6"/>
      </object_component>
      <object_component id="oc-164">
         <name>.debug_line</name>
         <load_address>0xff8</load_address>
         <run_address>0xff8</run_address>
         <size>0x20</size>
         <input_file_ref idref="fl-7"/>
      </object_component>
      <object_component id="oc-78">
         <name>.debug_line</name>
         <load_address>0x1018</load_address>
         <run_address>0x1018</run_address>
         <size>0xed</size>
         <input_file_ref idref="fl-7"/>
      </object_component>
      <object_component id="oc-9b">
         <name>.debug_line</name>
         <load_address>0x1105</load_address>
         <run_address>0x1105</run_address>
         <size>0x4c</size>
         <input_file_ref idref="fl-8"/>
      </object_component>
      <object_component id="oc-8d">
         <name>.debug_line</name>
         <load_address>0x1151</load_address>
         <run_address>0x1151</run_address>
         <size>0x8e</size>
         <input_file_ref idref="fl-c2"/>
      </object_component>
      <object_component id="oc-92">
         <name>.debug_line</name>
         <load_address>0x11df</load_address>
         <run_address>0x11df</run_address>
         <size>0x5a</size>
         <input_file_ref idref="fl-c3"/>
      </object_component>
      <object_component id="oc-8b">
         <name>.debug_line</name>
         <load_address>0x1239</load_address>
         <run_address>0x1239</run_address>
         <size>0x50</size>
         <input_file_ref idref="fl-c4"/>
      </object_component>
      <object_component id="oc-11b">
         <name>.debug_line</name>
         <load_address>0x1289</load_address>
         <run_address>0x1289</run_address>
         <size>0x92</size>
         <input_file_ref idref="fl-c5"/>
      </object_component>
      <object_component id="oc-52">
         <name>.debug_line</name>
         <load_address>0x131b</load_address>
         <run_address>0x131b</run_address>
         <size>0x4c</size>
         <input_file_ref idref="fl-c5"/>
      </object_component>
      <object_component id="oc-cc">
         <name>.debug_line</name>
         <load_address>0x1367</load_address>
         <run_address>0x1367</run_address>
         <size>0x34</size>
         <input_file_ref idref="fl-c5"/>
      </object_component>
      <object_component id="oc-118">
         <name>.debug_line</name>
         <load_address>0x139b</load_address>
         <run_address>0x139b</run_address>
         <size>0x92</size>
         <input_file_ref idref="fl-c5"/>
      </object_component>
      <object_component id="oc-c7">
         <name>.debug_line</name>
         <load_address>0x142d</load_address>
         <run_address>0x142d</run_address>
         <size>0x20</size>
         <input_file_ref idref="fl-c6"/>
      </object_component>
      <object_component id="oc-1d">
         <name>.debug_line</name>
         <load_address>0x144d</load_address>
         <run_address>0x144d</run_address>
         <size>0x55</size>
         <input_file_ref idref="fl-c6"/>
      </object_component>
      <object_component id="oc-4a">
         <name>.debug_line</name>
         <load_address>0x14a2</load_address>
         <run_address>0x14a2</run_address>
         <size>0x3a</size>
         <input_file_ref idref="fl-c6"/>
      </object_component>
      <object_component id="oc-c4">
         <name>.debug_line</name>
         <load_address>0x14dc</load_address>
         <run_address>0x14dc</run_address>
         <size>0x92</size>
         <input_file_ref idref="fl-c6"/>
      </object_component>
      <object_component id="oc-114">
         <name>.debug_line</name>
         <load_address>0x156e</load_address>
         <run_address>0x156e</run_address>
         <size>0x20</size>
         <input_file_ref idref="fl-c7"/>
      </object_component>
      <object_component id="oc-19">
         <name>.debug_line</name>
         <load_address>0x158e</load_address>
         <run_address>0x158e</run_address>
         <size>0xa9</size>
         <input_file_ref idref="fl-c7"/>
      </object_component>
      <object_component id="oc-3a">
         <name>.debug_line</name>
         <load_address>0x1637</load_address>
         <run_address>0x1637</run_address>
         <size>0x3a</size>
         <input_file_ref idref="fl-c7"/>
      </object_component>
      <object_component id="oc-111">
         <name>.debug_line</name>
         <load_address>0x1671</load_address>
         <run_address>0x1671</run_address>
         <size>0x9a</size>
         <input_file_ref idref="fl-c7"/>
      </object_component>
      <object_component id="oc-bd">
         <name>.debug_line</name>
         <load_address>0x170b</load_address>
         <run_address>0x170b</run_address>
         <size>0x96</size>
         <input_file_ref idref="fl-c7"/>
      </object_component>
      <object_component id="oc-169">
         <name>.debug_line</name>
         <load_address>0x17a1</load_address>
         <run_address>0x17a1</run_address>
         <size>0x91</size>
         <input_file_ref idref="fl-c8"/>
      </object_component>
      <object_component id="oc-82">
         <name>.debug_line</name>
         <load_address>0x1832</load_address>
         <run_address>0x1832</run_address>
         <size>0x62</size>
         <input_file_ref idref="fl-c8"/>
      </object_component>
      <object_component id="oc-19d">
         <name>.debug_line</name>
         <load_address>0x1894</load_address>
         <run_address>0x1894</run_address>
         <size>0x20</size>
         <input_file_ref idref="fl-c9"/>
      </object_component>
      <object_component id="oc-166">
         <name>.debug_line</name>
         <load_address>0x18b4</load_address>
         <run_address>0x18b4</run_address>
         <size>0x2b</size>
         <input_file_ref idref="fl-c9"/>
      </object_component>
      <object_component id="oc-175">
         <name>.debug_line</name>
         <load_address>0x18df</load_address>
         <run_address>0x18df</run_address>
         <size>0x2a</size>
         <input_file_ref idref="fl-ca"/>
      </object_component>
      <object_component id="oc-9e">
         <name>.debug_line</name>
         <load_address>0x1909</load_address>
         <run_address>0x1909</run_address>
         <size>0x45</size>
         <input_file_ref idref="fl-ca"/>
      </object_component>
      <object_component id="oc-72">
         <name>.debug_line</name>
         <load_address>0x194e</load_address>
         <run_address>0x194e</run_address>
         <size>0x33</size>
         <input_file_ref idref="fl-cb"/>
      </object_component>
      <object_component id="oc-61">
         <name>.debug_line</name>
         <load_address>0x1981</load_address>
         <run_address>0x1981</run_address>
         <size>0x45</size>
         <input_file_ref idref="fl-cb"/>
      </object_component>
      <object_component id="oc-42">
         <name>.debug_line</name>
         <load_address>0x19c6</load_address>
         <run_address>0x19c6</run_address>
         <size>0x88</size>
         <input_file_ref idref="fl-cc"/>
      </object_component>
      <object_component id="oc-1a7">
         <name>.debug_line</name>
         <load_address>0x1a4e</load_address>
         <run_address>0x1a4e</run_address>
         <size>0xbf</size>
         <input_file_ref idref="fl-ce"/>
      </object_component>
      <object_component id="oc-135">
         <name>.debug_line</name>
         <load_address>0x1b0d</load_address>
         <run_address>0x1b0d</run_address>
         <size>0x6f</size>
         <input_file_ref idref="fl-ce"/>
      </object_component>
      <object_component id="oc-1ab">
         <name>.debug_line</name>
         <load_address>0x1b7c</load_address>
         <run_address>0x1b7c</run_address>
         <size>0x2e</size>
         <input_file_ref idref="fl-ce"/>
      </object_component>
      <object_component id="oc-1bc">
         <name>.debug_line</name>
         <load_address>0x1baa</load_address>
         <run_address>0x1baa</run_address>
         <size>0x9a</size>
         <input_file_ref idref="fl-ce"/>
      </object_component>
      <object_component id="oc-1b0">
         <name>.debug_line</name>
         <load_address>0x1c44</load_address>
         <run_address>0x1c44</run_address>
         <size>0x97</size>
         <input_file_ref idref="fl-ce"/>
      </object_component>
      <object_component id="oc-1b5">
         <name>.debug_line</name>
         <load_address>0x1cdb</load_address>
         <run_address>0x1cdb</run_address>
         <size>0x93</size>
         <input_file_ref idref="fl-ce"/>
      </object_component>
      <object_component id="oc-da">
         <name>.debug_line</name>
         <load_address>0x1d6e</load_address>
         <run_address>0x1d6e</run_address>
         <size>0x40</size>
         <input_file_ref idref="fl-cf"/>
      </object_component>
      <object_component id="oc-129">
         <name>.debug_line</name>
         <load_address>0x1dae</load_address>
         <run_address>0x1dae</run_address>
         <size>0x3c</size>
         <input_file_ref idref="fl-d1"/>
      </object_component>
      <object_component id="oc-1a0">
         <name>.debug_line</name>
         <load_address>0x1dea</load_address>
         <run_address>0x1dea</run_address>
         <size>0x20</size>
         <input_file_ref idref="fl-d2"/>
      </object_component>
      <object_component id="oc-171">
         <name>.debug_line</name>
         <load_address>0x1e0a</load_address>
         <run_address>0x1e0a</run_address>
         <size>0x2b</size>
         <input_file_ref idref="fl-d2"/>
      </object_component>
      <object_component id="oc-16f">
         <name>.debug_line</name>
         <load_address>0x1e35</load_address>
         <run_address>0x1e35</run_address>
         <size>0x3a</size>
         <input_file_ref idref="fl-d2"/>
      </object_component>
      <object_component id="oc-17a">
         <name>.debug_frame</name>
         <load_address>0x0</load_address>
         <run_address>0x0</run_address>
         <size>0x54</size>
         <input_file_ref idref="fl-2"/>
      </object_component>
      <object_component id="oc-2e">
         <name>.debug_frame</name>
         <load_address>0x54</load_address>
         <run_address>0x54</run_address>
         <size>0x324</size>
         <input_file_ref idref="fl-3"/>
      </object_component>
      <object_component id="oc-11f">
         <name>.debug_frame</name>
         <load_address>0x378</load_address>
         <run_address>0x378</run_address>
         <size>0xd0</size>
         <input_file_ref idref="fl-4"/>
      </object_component>
      <object_component id="oc-e0">
         <name>.debug_frame</name>
         <load_address>0x448</load_address>
         <run_address>0x448</run_address>
         <size>0x60</size>
         <input_file_ref idref="fl-5"/>
      </object_component>
      <object_component id="oc-28">
         <name>.debug_frame</name>
         <load_address>0x4a8</load_address>
         <run_address>0x4a8</run_address>
         <size>0x90</size>
         <input_file_ref idref="fl-6"/>
      </object_component>
      <object_component id="oc-79">
         <name>.debug_frame</name>
         <load_address>0x538</load_address>
         <run_address>0x538</run_address>
         <size>0xc8</size>
         <input_file_ref idref="fl-7"/>
      </object_component>
      <object_component id="oc-9c">
         <name>.debug_frame</name>
         <load_address>0x600</load_address>
         <run_address>0x600</run_address>
         <size>0x58</size>
         <input_file_ref idref="fl-8"/>
      </object_component>
      <object_component id="oc-4e">
         <name>.debug_frame</name>
         <load_address>0x658</load_address>
         <run_address>0x658</run_address>
         <size>0x54</size>
         <input_file_ref idref="fl-c5"/>
      </object_component>
      <object_component id="oc-20">
         <name>.debug_frame</name>
         <load_address>0x6ac</load_address>
         <run_address>0x6ac</run_address>
         <size>0x54</size>
         <input_file_ref idref="fl-c6"/>
      </object_component>
      <object_component id="oc-1a">
         <name>.debug_frame</name>
         <load_address>0x700</load_address>
         <run_address>0x700</run_address>
         <size>0x60</size>
         <input_file_ref idref="fl-c7"/>
      </object_component>
      <object_component id="oc-7e">
         <name>.debug_frame</name>
         <load_address>0x760</load_address>
         <run_address>0x760</run_address>
         <size>0x5c</size>
         <input_file_ref idref="fl-c8"/>
      </object_component>
      <object_component id="oc-9f">
         <name>.debug_frame</name>
         <load_address>0x7bc</load_address>
         <run_address>0x7bc</run_address>
         <size>0x58</size>
         <input_file_ref idref="fl-ca"/>
      </object_component>
      <object_component id="oc-62">
         <name>.debug_frame</name>
         <load_address>0x814</load_address>
         <run_address>0x814</run_address>
         <size>0x50</size>
         <input_file_ref idref="fl-cb"/>
      </object_component>
      <object_component id="oc-136">
         <name>.debug_frame</name>
         <load_address>0x864</load_address>
         <run_address>0x864</run_address>
         <size>0x5c</size>
         <input_file_ref idref="fl-ce"/>
      </object_component>
      <object_component id="oc-d6">
         <name>.debug_frame</name>
         <load_address>0x8c0</load_address>
         <run_address>0x8c0</run_address>
         <size>0x54</size>
         <input_file_ref idref="fl-cf"/>
      </object_component>
      <object_component id="oc-12a">
         <name>.debug_frame</name>
         <load_address>0x914</load_address>
         <run_address>0x914</run_address>
         <size>0x54</size>
         <input_file_ref idref="fl-d1"/>
      </object_component>
      <object_component id="oc-16e">
         <name>.debug_frame</name>
         <load_address>0x968</load_address>
         <run_address>0x968</run_address>
         <size>0x54</size>
         <input_file_ref idref="fl-d2"/>
      </object_component>
      <object_component id="oc-176">
         <name>.debug_abbrev</name>
         <load_address>0x0</load_address>
         <run_address>0x0</run_address>
         <size>0x27</size>
         <input_file_ref idref="fl-2"/>
      </object_component>
      <object_component id="oc-1a1">
         <name>.debug_abbrev</name>
         <load_address>0x27</load_address>
         <run_address>0x27</run_address>
         <size>0x50</size>
         <input_file_ref idref="fl-2"/>
      </object_component>
      <object_component id="oc-b7">
         <name>.debug_abbrev</name>
         <load_address>0x77</load_address>
         <run_address>0x77</run_address>
         <size>0x69</size>
         <input_file_ref idref="fl-2"/>
      </object_component>
      <object_component id="oc-3e">
         <name>.debug_abbrev</name>
         <load_address>0xe0</load_address>
         <run_address>0xe0</run_address>
         <size>0x1f</size>
         <input_file_ref idref="fl-2"/>
      </object_component>
      <object_component id="oc-10a">
         <name>.debug_abbrev</name>
         <load_address>0xff</load_address>
         <run_address>0xff</run_address>
         <size>0x5c</size>
         <input_file_ref idref="fl-2"/>
      </object_component>
      <object_component id="oc-ab">
         <name>.debug_abbrev</name>
         <load_address>0x15b</load_address>
         <run_address>0x15b</run_address>
         <size>0x24</size>
         <input_file_ref idref="fl-2"/>
      </object_component>
      <object_component id="oc-f6">
         <name>.debug_abbrev</name>
         <load_address>0x17f</load_address>
         <run_address>0x17f</run_address>
         <size>0xc5</size>
         <input_file_ref idref="fl-3"/>
      </object_component>
      <object_component id="oc-ef">
         <name>.debug_abbrev</name>
         <load_address>0x244</load_address>
         <run_address>0x244</run_address>
         <size>0x29</size>
         <input_file_ref idref="fl-3"/>
      </object_component>
      <object_component id="oc-a3">
         <name>.debug_abbrev</name>
         <load_address>0x26d</load_address>
         <run_address>0x26d</run_address>
         <size>0x10e</size>
         <input_file_ref idref="fl-3"/>
      </object_component>
      <object_component id="oc-b0">
         <name>.debug_abbrev</name>
         <load_address>0x37b</load_address>
         <run_address>0x37b</run_address>
         <size>0x4b</size>
         <input_file_ref idref="fl-3"/>
      </object_component>
      <object_component id="oc-a6">
         <name>.debug_abbrev</name>
         <load_address>0x3c6</load_address>
         <run_address>0x3c6</run_address>
         <size>0x1f</size>
         <input_file_ref idref="fl-3"/>
      </object_component>
      <object_component id="oc-fa">
         <name>.debug_abbrev</name>
         <load_address>0x3e5</load_address>
         <run_address>0x3e5</run_address>
         <size>0x33</size>
         <input_file_ref idref="fl-3"/>
      </object_component>
      <object_component id="oc-17e">
         <name>.debug_abbrev</name>
         <load_address>0x418</load_address>
         <run_address>0x418</run_address>
         <size>0x5e</size>
         <input_file_ref idref="fl-4"/>
      </object_component>
      <object_component id="oc-124">
         <name>.debug_abbrev</name>
         <load_address>0x476</load_address>
         <run_address>0x476</run_address>
         <size>0x62</size>
         <input_file_ref idref="fl-5"/>
      </object_component>
      <object_component id="oc-b3">
         <name>.debug_abbrev</name>
         <load_address>0x4d8</load_address>
         <run_address>0x4d8</run_address>
         <size>0x7c</size>
         <input_file_ref idref="fl-6"/>
      </object_component>
      <object_component id="oc-33">
         <name>.debug_abbrev</name>
         <load_address>0x554</load_address>
         <run_address>0x554</run_address>
         <size>0x29</size>
         <input_file_ref idref="fl-6"/>
      </object_component>
      <object_component id="oc-73">
         <name>.debug_abbrev</name>
         <load_address>0x57d</load_address>
         <run_address>0x57d</run_address>
         <size>0x79</size>
         <input_file_ref idref="fl-6"/>
      </object_component>
      <object_component id="oc-163">
         <name>.debug_abbrev</name>
         <load_address>0x5f6</load_address>
         <run_address>0x5f6</run_address>
         <size>0x27</size>
         <input_file_ref idref="fl-7"/>
      </object_component>
      <object_component id="oc-ed">
         <name>.debug_abbrev</name>
         <load_address>0x61d</load_address>
         <run_address>0x61d</run_address>
         <size>0xa9</size>
         <input_file_ref idref="fl-7"/>
      </object_component>
      <object_component id="oc-100">
         <name>.debug_abbrev</name>
         <load_address>0x6c6</load_address>
         <run_address>0x6c6</run_address>
         <size>0x6c</size>
         <input_file_ref idref="fl-8"/>
      </object_component>
      <object_component id="oc-fe">
         <name>.debug_abbrev</name>
         <load_address>0x732</load_address>
         <run_address>0x732</run_address>
         <size>0x3c</size>
         <input_file_ref idref="fl-c2"/>
      </object_component>
      <object_component id="oc-ff">
         <name>.debug_abbrev</name>
         <load_address>0x76e</load_address>
         <run_address>0x76e</run_address>
         <size>0x3c</size>
         <input_file_ref idref="fl-c3"/>
      </object_component>
      <object_component id="oc-fd">
         <name>.debug_abbrev</name>
         <load_address>0x7aa</load_address>
         <run_address>0x7aa</run_address>
         <size>0x3e</size>
         <input_file_ref idref="fl-c4"/>
      </object_component>
      <object_component id="oc-11a">
         <name>.debug_abbrev</name>
         <load_address>0x7e8</load_address>
         <run_address>0x7e8</run_address>
         <size>0x5d</size>
         <input_file_ref idref="fl-c5"/>
      </object_component>
      <object_component id="oc-c8">
         <name>.debug_abbrev</name>
         <load_address>0x845</load_address>
         <run_address>0x845</run_address>
         <size>0x6f</size>
         <input_file_ref idref="fl-c5"/>
      </object_component>
      <object_component id="oc-cb">
         <name>.debug_abbrev</name>
         <load_address>0x8b4</load_address>
         <run_address>0x8b4</run_address>
         <size>0x24</size>
         <input_file_ref idref="fl-c5"/>
      </object_component>
      <object_component id="oc-117">
         <name>.debug_abbrev</name>
         <load_address>0x8d8</load_address>
         <run_address>0x8d8</run_address>
         <size>0x24</size>
         <input_file_ref idref="fl-c5"/>
      </object_component>
      <object_component id="oc-c6">
         <name>.debug_abbrev</name>
         <load_address>0x8fc</load_address>
         <run_address>0x8fc</run_address>
         <size>0x37</size>
         <input_file_ref idref="fl-c6"/>
      </object_component>
      <object_component id="oc-46">
         <name>.debug_abbrev</name>
         <load_address>0x933</load_address>
         <run_address>0x933</run_address>
         <size>0x74</size>
         <input_file_ref idref="fl-c6"/>
      </object_component>
      <object_component id="oc-49">
         <name>.debug_abbrev</name>
         <load_address>0x9a7</load_address>
         <run_address>0x9a7</run_address>
         <size>0x24</size>
         <input_file_ref idref="fl-c6"/>
      </object_component>
      <object_component id="oc-c3">
         <name>.debug_abbrev</name>
         <load_address>0x9cb</load_address>
         <run_address>0x9cb</run_address>
         <size>0x24</size>
         <input_file_ref idref="fl-c6"/>
      </object_component>
      <object_component id="oc-113">
         <name>.debug_abbrev</name>
         <load_address>0x9ef</load_address>
         <run_address>0x9ef</run_address>
         <size>0x37</size>
         <input_file_ref idref="fl-c7"/>
      </object_component>
      <object_component id="oc-36">
         <name>.debug_abbrev</name>
         <load_address>0xa26</load_address>
         <run_address>0xa26</run_address>
         <size>0x6f</size>
         <input_file_ref idref="fl-c7"/>
      </object_component>
      <object_component id="oc-39">
         <name>.debug_abbrev</name>
         <load_address>0xa95</load_address>
         <run_address>0xa95</run_address>
         <size>0x24</size>
         <input_file_ref idref="fl-c7"/>
      </object_component>
      <object_component id="oc-110">
         <name>.debug_abbrev</name>
         <load_address>0xab9</load_address>
         <run_address>0xab9</run_address>
         <size>0x35</size>
         <input_file_ref idref="fl-c7"/>
      </object_component>
      <object_component id="oc-bc">
         <name>.debug_abbrev</name>
         <load_address>0xaee</load_address>
         <run_address>0xaee</run_address>
         <size>0x24</size>
         <input_file_ref idref="fl-c7"/>
      </object_component>
      <object_component id="oc-168">
         <name>.debug_abbrev</name>
         <load_address>0xb12</load_address>
         <run_address>0xb12</run_address>
         <size>0x58</size>
         <input_file_ref idref="fl-c8"/>
      </object_component>
      <object_component id="oc-f4">
         <name>.debug_abbrev</name>
         <load_address>0xb6a</load_address>
         <run_address>0xb6a</run_address>
         <size>0x71</size>
         <input_file_ref idref="fl-c8"/>
      </object_component>
      <object_component id="oc-19c">
         <name>.debug_abbrev</name>
         <load_address>0xbdb</load_address>
         <run_address>0xbdb</run_address>
         <size>0x2e</size>
         <input_file_ref idref="fl-c9"/>
      </object_component>
      <object_component id="oc-165">
         <name>.debug_abbrev</name>
         <load_address>0xc09</load_address>
         <run_address>0xc09</run_address>
         <size>0x29</size>
         <input_file_ref idref="fl-c9"/>
      </object_component>
      <object_component id="oc-174">
         <name>.debug_abbrev</name>
         <load_address>0xc32</load_address>
         <run_address>0xc32</run_address>
         <size>0x27</size>
         <input_file_ref idref="fl-ca"/>
      </object_component>
      <object_component id="oc-107">
         <name>.debug_abbrev</name>
         <load_address>0xc59</load_address>
         <run_address>0xc59</run_address>
         <size>0x64</size>
         <input_file_ref idref="fl-ca"/>
      </object_component>
      <object_component id="oc-71">
         <name>.debug_abbrev</name>
         <load_address>0xcbd</load_address>
         <run_address>0xcbd</run_address>
         <size>0x29</size>
         <input_file_ref idref="fl-cb"/>
      </object_component>
      <object_component id="oc-e4">
         <name>.debug_abbrev</name>
         <load_address>0xce6</load_address>
         <run_address>0xce6</run_address>
         <size>0x55</size>
         <input_file_ref idref="fl-cb"/>
      </object_component>
      <object_component id="oc-c0">
         <name>.debug_abbrev</name>
         <load_address>0xd3b</load_address>
         <run_address>0xd3b</run_address>
         <size>0x3e</size>
         <input_file_ref idref="fl-cc"/>
      </object_component>
      <object_component id="oc-1a6">
         <name>.debug_abbrev</name>
         <load_address>0xd79</load_address>
         <run_address>0xd79</run_address>
         <size>0xc0</size>
         <input_file_ref idref="fl-ce"/>
      </object_component>
      <object_component id="oc-186">
         <name>.debug_abbrev</name>
         <load_address>0xe39</load_address>
         <run_address>0xe39</run_address>
         <size>0x7e</size>
         <input_file_ref idref="fl-ce"/>
      </object_component>
      <object_component id="oc-1aa">
         <name>.debug_abbrev</name>
         <load_address>0xeb7</load_address>
         <run_address>0xeb7</run_address>
         <size>0x24</size>
         <input_file_ref idref="fl-ce"/>
      </object_component>
      <object_component id="oc-1bb">
         <name>.debug_abbrev</name>
         <load_address>0xedb</load_address>
         <run_address>0xedb</run_address>
         <size>0x24</size>
         <input_file_ref idref="fl-ce"/>
      </object_component>
      <object_component id="oc-1af">
         <name>.debug_abbrev</name>
         <load_address>0xeff</load_address>
         <run_address>0xeff</run_address>
         <size>0x24</size>
         <input_file_ref idref="fl-ce"/>
      </object_component>
      <object_component id="oc-1b4">
         <name>.debug_abbrev</name>
         <load_address>0xf23</load_address>
         <run_address>0xf23</run_address>
         <size>0x4b</size>
         <input_file_ref idref="fl-ce"/>
      </object_component>
      <object_component id="oc-11d">
         <name>.debug_abbrev</name>
         <load_address>0xf6e</load_address>
         <run_address>0xf6e</run_address>
         <size>0x55</size>
         <input_file_ref idref="fl-cf"/>
      </object_component>
      <object_component id="oc-17f">
         <name>.debug_abbrev</name>
         <load_address>0xfc3</load_address>
         <run_address>0xfc3</run_address>
         <size>0x45</size>
         <input_file_ref idref="fl-d1"/>
      </object_component>
      <object_component id="oc-19f">
         <name>.debug_abbrev</name>
         <load_address>0x1008</load_address>
         <run_address>0x1008</run_address>
         <size>0x50</size>
         <input_file_ref idref="fl-d2"/>
      </object_component>
      <object_component id="oc-170">
         <name>.debug_abbrev</name>
         <load_address>0x1058</load_address>
         <run_address>0x1058</run_address>
         <size>0x29</size>
         <input_file_ref idref="fl-d2"/>
      </object_component>
      <object_component id="oc-19e">
         <name>.debug_abbrev</name>
         <load_address>0x1081</load_address>
         <run_address>0x1081</run_address>
         <size>0x53</size>
         <input_file_ref idref="fl-d2"/>
      </object_component>
      <object_component id="oc-1f5">
         <name>.debug_abbrev</name>
         <load_address>0x10d4</load_address>
         <run_address>0x10d4</run_address>
         <size>0xf</size>
      </object_component>
      <object_component id="oc-b9">
         <name>.debug_str</name>
         <load_address>0x0</load_address>
         <run_address>0x0</run_address>
         <size>0x2ab</size>
         <input_file_ref idref="fl-2"/>
      </object_component>
      <object_component id="oc-40">
         <name>.debug_str</name>
         <load_address>0x2ab</load_address>
         <run_address>0x2ab</run_address>
         <size>0xfd</size>
         <input_file_ref idref="fl-2"/>
      </object_component>
      <object_component id="oc-10c">
         <name>.debug_str</name>
         <load_address>0x3a8</load_address>
         <run_address>0x3a8</run_address>
         <size>0x341</size>
         <input_file_ref idref="fl-2"/>
      </object_component>
      <object_component id="oc-ad">
         <name>.debug_str</name>
         <load_address>0x6e9</load_address>
         <run_address>0x6e9</run_address>
         <size>0x143</size>
         <input_file_ref idref="fl-2"/>
      </object_component>
      <object_component id="oc-b2">
         <name>.debug_str</name>
         <load_address>0x82c</load_address>
         <run_address>0x82c</run_address>
         <size>0xd8</size>
         <input_file_ref idref="fl-3"/>
      </object_component>
      <object_component id="oc-a8">
         <name>.debug_str</name>
         <load_address>0x904</load_address>
         <run_address>0x904</run_address>
         <size>0xfd</size>
         <input_file_ref idref="fl-3"/>
      </object_component>
      <object_component id="oc-fc">
         <name>.debug_str</name>
         <load_address>0xa01</load_address>
         <run_address>0xa01</run_address>
         <size>0xef</size>
         <input_file_ref idref="fl-3"/>
      </object_component>
      <object_component id="oc-cd">
         <name>.debug_str</name>
         <load_address>0xaf0</load_address>
         <run_address>0xaf0</run_address>
         <size>0x105</size>
         <input_file_ref idref="fl-c5"/>
      </object_component>
      <object_component id="oc-119">
         <name>.debug_str</name>
         <load_address>0xbf5</load_address>
         <run_address>0xbf5</run_address>
         <size>0x140</size>
         <input_file_ref idref="fl-c5"/>
      </object_component>
      <object_component id="oc-4b">
         <name>.debug_str</name>
         <load_address>0xd35</load_address>
         <run_address>0xd35</run_address>
         <size>0x10b</size>
         <input_file_ref idref="fl-c6"/>
      </object_component>
      <object_component id="oc-c5">
         <name>.debug_str</name>
         <load_address>0xe40</load_address>
         <run_address>0xe40</run_address>
         <size>0x140</size>
         <input_file_ref idref="fl-c6"/>
      </object_component>
      <object_component id="oc-3b">
         <name>.debug_str</name>
         <load_address>0xf80</load_address>
         <run_address>0xf80</run_address>
         <size>0x118</size>
         <input_file_ref idref="fl-c7"/>
      </object_component>
      <object_component id="oc-112">
         <name>.debug_str</name>
         <load_address>0x1098</load_address>
         <run_address>0x1098</run_address>
         <size>0x16b</size>
         <input_file_ref idref="fl-c7"/>
      </object_component>
      <object_component id="oc-be">
         <name>.debug_str</name>
         <load_address>0x1203</load_address>
         <run_address>0x1203</run_address>
         <size>0x158</size>
         <input_file_ref idref="fl-c7"/>
      </object_component>
      <object_component id="oc-1ac">
         <name>.debug_str</name>
         <load_address>0x135b</load_address>
         <run_address>0x135b</run_address>
         <size>0xed</size>
         <input_file_ref idref="fl-ce"/>
      </object_component>
      <object_component id="oc-1bd">
         <name>.debug_str</name>
         <load_address>0x1448</load_address>
         <run_address>0x1448</run_address>
         <size>0x157</size>
         <input_file_ref idref="fl-ce"/>
      </object_component>
      <object_component id="oc-1b1">
         <name>.debug_str</name>
         <load_address>0x159f</load_address>
         <run_address>0x159f</run_address>
         <size>0x150</size>
         <input_file_ref idref="fl-ce"/>
      </object_component>
      <object_component id="oc-1b6">
         <name>.debug_str</name>
         <load_address>0x16ef</load_address>
         <run_address>0x16ef</run_address>
         <size>0x197</size>
         <input_file_ref idref="fl-ce"/>
      </object_component>
      <object_component id="oc-179">
         <name>.debug_aranges</name>
         <load_address>0x0</load_address>
         <run_address>0x0</run_address>
         <size>0x20</size>
         <input_file_ref idref="fl-2"/>
      </object_component>
      <object_component id="oc-32">
         <name>.debug_aranges</name>
         <load_address>0x20</load_address>
         <run_address>0x20</run_address>
         <size>0x100</size>
         <input_file_ref idref="fl-3"/>
      </object_component>
      <object_component id="oc-120">
         <name>.debug_aranges</name>
         <load_address>0x120</load_address>
         <run_address>0x120</run_address>
         <size>0x50</size>
         <input_file_ref idref="fl-4"/>
      </object_component>
      <object_component id="oc-dd">
         <name>.debug_aranges</name>
         <load_address>0x170</load_address>
         <run_address>0x170</run_address>
         <size>0x20</size>
         <input_file_ref idref="fl-5"/>
      </object_component>
      <object_component id="oc-2a">
         <name>.debug_aranges</name>
         <load_address>0x190</load_address>
         <run_address>0x190</run_address>
         <size>0x38</size>
         <input_file_ref idref="fl-6"/>
      </object_component>
      <object_component id="oc-76">
         <name>.debug_aranges</name>
         <load_address>0x1c8</load_address>
         <run_address>0x1c8</run_address>
         <size>0x48</size>
         <input_file_ref idref="fl-7"/>
      </object_component>
      <object_component id="oc-9a">
         <name>.debug_aranges</name>
         <load_address>0x210</load_address>
         <run_address>0x210</run_address>
         <size>0x20</size>
         <input_file_ref idref="fl-8"/>
      </object_component>
      <object_component id="oc-8e">
         <name>.debug_aranges</name>
         <load_address>0x230</load_address>
         <run_address>0x230</run_address>
         <size>0x20</size>
         <input_file_ref idref="fl-c2"/>
      </object_component>
      <object_component id="oc-93">
         <name>.debug_aranges</name>
         <load_address>0x250</load_address>
         <run_address>0x250</run_address>
         <size>0x20</size>
         <input_file_ref idref="fl-c3"/>
      </object_component>
      <object_component id="oc-89">
         <name>.debug_aranges</name>
         <load_address>0x270</load_address>
         <run_address>0x270</run_address>
         <size>0x20</size>
         <input_file_ref idref="fl-c4"/>
      </object_component>
      <object_component id="oc-4f">
         <name>.debug_aranges</name>
         <load_address>0x290</load_address>
         <run_address>0x290</run_address>
         <size>0x20</size>
         <input_file_ref idref="fl-c5"/>
      </object_component>
      <object_component id="oc-1c">
         <name>.debug_aranges</name>
         <load_address>0x2b0</load_address>
         <run_address>0x2b0</run_address>
         <size>0x20</size>
         <input_file_ref idref="fl-c6"/>
      </object_component>
      <object_component id="oc-18">
         <name>.debug_aranges</name>
         <load_address>0x2d0</load_address>
         <run_address>0x2d0</run_address>
         <size>0x20</size>
         <input_file_ref idref="fl-c7"/>
      </object_component>
      <object_component id="oc-7f">
         <name>.debug_aranges</name>
         <load_address>0x2f0</load_address>
         <run_address>0x2f0</run_address>
         <size>0x20</size>
         <input_file_ref idref="fl-c8"/>
      </object_component>
      <object_component id="oc-a2">
         <name>.debug_aranges</name>
         <load_address>0x310</load_address>
         <run_address>0x310</run_address>
         <size>0x20</size>
         <input_file_ref idref="fl-ca"/>
      </object_component>
      <object_component id="oc-60">
         <name>.debug_aranges</name>
         <load_address>0x330</load_address>
         <run_address>0x330</run_address>
         <size>0x20</size>
         <input_file_ref idref="fl-cb"/>
      </object_component>
      <object_component id="oc-43">
         <name>.debug_aranges</name>
         <load_address>0x350</load_address>
         <run_address>0x350</run_address>
         <size>0x20</size>
         <input_file_ref idref="fl-cc"/>
      </object_component>
      <object_component id="oc-134">
         <name>.debug_aranges</name>
         <load_address>0x370</load_address>
         <run_address>0x370</run_address>
         <size>0x20</size>
         <input_file_ref idref="fl-ce"/>
      </object_component>
      <object_component id="oc-d7">
         <name>.debug_aranges</name>
         <load_address>0x390</load_address>
         <run_address>0x390</run_address>
         <size>0x20</size>
         <input_file_ref idref="fl-cf"/>
      </object_component>
      <object_component id="oc-126">
         <name>.debug_aranges</name>
         <load_address>0x3b0</load_address>
         <run_address>0x3b0</run_address>
         <size>0x20</size>
         <input_file_ref idref="fl-d1"/>
      </object_component>
      <object_component id="oc-16c">
         <name>.debug_aranges</name>
         <load_address>0x3d0</load_address>
         <run_address>0x3d0</run_address>
         <size>0x20</size>
         <input_file_ref idref="fl-d2"/>
      </object_component>
      <object_component id="oc-17d">
         <name>.debug_pubnames</name>
         <load_address>0x0</load_address>
         <run_address>0x0</run_address>
         <size>0x2d</size>
         <input_file_ref idref="fl-2"/>
      </object_component>
      <object_component id="oc-85">
         <name>.debug_pubnames</name>
         <load_address>0x2d</load_address>
         <run_address>0x2d</run_address>
         <size>0x52</size>
         <input_file_ref idref="fl-3"/>
      </object_component>
      <object_component id="oc-7c">
         <name>.debug_pubnames</name>
         <load_address>0x7f</load_address>
         <run_address>0x7f</run_address>
         <size>0x184</size>
         <input_file_ref idref="fl-3"/>
      </object_component>
      <object_component id="oc-31">
         <name>.debug_pubnames</name>
         <load_address>0x203</load_address>
         <run_address>0x203</run_address>
         <size>0x1ad</size>
         <input_file_ref idref="fl-3"/>
      </object_component>
      <object_component id="oc-122">
         <name>.debug_pubnames</name>
         <load_address>0x3b0</load_address>
         <run_address>0x3b0</run_address>
         <size>0x76</size>
         <input_file_ref idref="fl-4"/>
      </object_component>
      <object_component id="oc-de">
         <name>.debug_pubnames</name>
         <load_address>0x426</load_address>
         <run_address>0x426</run_address>
         <size>0x1b</size>
         <input_file_ref idref="fl-5"/>
      </object_component>
      <object_component id="oc-14">
         <name>.debug_pubnames</name>
         <load_address>0x441</load_address>
         <run_address>0x441</run_address>
         <size>0x23</size>
         <input_file_ref idref="fl-6"/>
      </object_component>
      <object_component id="oc-2b">
         <name>.debug_pubnames</name>
         <load_address>0x464</load_address>
         <run_address>0x464</run_address>
         <size>0x4c</size>
         <input_file_ref idref="fl-6"/>
      </object_component>
      <object_component id="oc-77">
         <name>.debug_pubnames</name>
         <load_address>0x4b0</load_address>
         <run_address>0x4b0</run_address>
         <size>0x6e</size>
         <input_file_ref idref="fl-7"/>
      </object_component>
      <object_component id="oc-99">
         <name>.debug_pubnames</name>
         <load_address>0x51e</load_address>
         <run_address>0x51e</run_address>
         <size>0x26</size>
         <input_file_ref idref="fl-8"/>
      </object_component>
      <object_component id="oc-90">
         <name>.debug_pubnames</name>
         <load_address>0x544</load_address>
         <run_address>0x544</run_address>
         <size>0x23</size>
         <input_file_ref idref="fl-c2"/>
      </object_component>
      <object_component id="oc-95">
         <name>.debug_pubnames</name>
         <load_address>0x567</load_address>
         <run_address>0x567</run_address>
         <size>0x23</size>
         <input_file_ref idref="fl-c3"/>
      </object_component>
      <object_component id="oc-8a">
         <name>.debug_pubnames</name>
         <load_address>0x58a</load_address>
         <run_address>0x58a</run_address>
         <size>0x22</size>
         <input_file_ref idref="fl-c4"/>
      </object_component>
      <object_component id="oc-51">
         <name>.debug_pubnames</name>
         <load_address>0x5ac</load_address>
         <run_address>0x5ac</run_address>
         <size>0x2e</size>
         <input_file_ref idref="fl-c5"/>
      </object_component>
      <object_component id="oc-1f">
         <name>.debug_pubnames</name>
         <load_address>0x5da</load_address>
         <run_address>0x5da</run_address>
         <size>0x2b</size>
         <input_file_ref idref="fl-c6"/>
      </object_component>
      <object_component id="oc-17">
         <name>.debug_pubnames</name>
         <load_address>0x605</load_address>
         <run_address>0x605</run_address>
         <size>0x2b</size>
         <input_file_ref idref="fl-c7"/>
      </object_component>
      <object_component id="oc-81">
         <name>.debug_pubnames</name>
         <load_address>0x630</load_address>
         <run_address>0x630</run_address>
         <size>0x1b</size>
         <input_file_ref idref="fl-c8"/>
      </object_component>
      <object_component id="oc-f3">
         <name>.debug_pubnames</name>
         <load_address>0x64b</load_address>
         <run_address>0x64b</run_address>
         <size>0x1f</size>
         <input_file_ref idref="fl-c9"/>
      </object_component>
      <object_component id="oc-106">
         <name>.debug_pubnames</name>
         <load_address>0x66a</load_address>
         <run_address>0x66a</run_address>
         <size>0x1b</size>
         <input_file_ref idref="fl-ca"/>
      </object_component>
      <object_component id="oc-a1">
         <name>.debug_pubnames</name>
         <load_address>0x685</load_address>
         <run_address>0x685</run_address>
         <size>0x1b</size>
         <input_file_ref idref="fl-ca"/>
      </object_component>
      <object_component id="oc-26">
         <name>.debug_pubnames</name>
         <load_address>0x6a0</load_address>
         <run_address>0x6a0</run_address>
         <size>0x1e</size>
         <input_file_ref idref="fl-cb"/>
      </object_component>
      <object_component id="oc-64">
         <name>.debug_pubnames</name>
         <load_address>0x6be</load_address>
         <run_address>0x6be</run_address>
         <size>0x26</size>
         <input_file_ref idref="fl-cb"/>
      </object_component>
      <object_component id="oc-45">
         <name>.debug_pubnames</name>
         <load_address>0x6e4</load_address>
         <run_address>0x6e4</run_address>
         <size>0x1d</size>
         <input_file_ref idref="fl-cc"/>
      </object_component>
      <object_component id="oc-133">
         <name>.debug_pubnames</name>
[...]
      </memory_area>
      <memory_area display="yes" color="green">
         <name>SRAM</name>
         <page_id>0x0</page_id>
         <origin>0x20000000</origin>
         <length>0x8000</length>
         <used_space>0x454</used_space>
         <unused_space>0x7bac</unused_space>
         <attributes>RWX</attributes>
         <usage_details>
            <allocated_space>
               <start_address>0x20000000</start_address>
               <size>0x0</size>
               <logical_group_ref idref="lg-1c7"/>
            </allocated_space>
            <allocated_space>
               <start_address>0x20000000</start_address>
               <size>0x400</size>
               <logical_group_ref idref="lg-d"/>
            </allocated_space>
            <allocated_space>
               <start_address>0x20000400</start_address>
               <size>0x48</size>
               <logical_group_ref idref="lg-a"/>
            </allocated_space>
            <allocated_space>
               <start_address>0x20000448</start_address>
               <size>0xc</size>
               <logical_group_ref idref="lg-b"/>
            </allocated_space>
            <available_space>
               <start_address>0x20000454</start_address>
               <size>0x7bac</size>
            </available_space>
         </usage_details>
      </memory_area>
   </placement_map>
   <cptbl_list>
      <cptbl>
         <name>__TI_cinit_table</name>
         <cprec>
            <name>.data</name>
            <load_address>0x20a0</load_address>
            <load_size>0x17</load_size>
            <run_address>0x20000400</run_address>
            <run_size>0x48</run_size>
            <compression>lzss</compression>
         </cprec>
         <cprec>
            <name>.bss</name>
            <load_address>0x20c8</load_address>
            <load_size>0x8</load_size>
            <run_address>0x20000448</run_address>
            <run_size>0xc</run_size>
            <compression>zero_init</compression>
         </cprec>
      </cptbl>
   </cptbl_list>
   <handler_table>
      <handler_table_name>__TI_handler_table</handler_table_name>
      <handler>
         <index>0x0</index>
         <name>__TI_decompress_lzss</name>
      </handler>
      <handler>
         <index>0x1</index>
         <name>__TI_decompress_none</name>
      </handler>
      <handler>
         <index>0x2</index>
         <name>__TI_zero_init</name>
      </handler>
   </handler_table>
   <symbol_table>
      <symbol id="sm-1">
         <name>__STACK_TOP</name>
         <value>0x20000200</value>
      </symbol>
      <symbol id="sm-2">
         <name>__start___llvm_prf_cnts</name>
         <value>0x20000000</value>
      </symbol>
      <symbol id="sm-3">
         <name>__stop___llvm_prf_cnts</name>
         <value>0x20000000</value>
      </symbol>
      <symbol id="sm-4">
         <name>__TI_CINIT_Base</name>
         <value>0x20d0</value>
      </symbol>
      <symbol id="sm-5">
         <name>__TI_CINIT_Limit</name>
         <value>0x20e0</value>
      </symbol>
      <symbol id="sm-6">
         <name>__TI_Handler_Table_Base</name>
         <value>0x20b8</value>
      </symbol>
      <symbol id="sm-7">
         <name>__TI_Handler_Table_Limit</name>
         <value>0x20c4</value>
      </symbol>
      <symbol id="sm-8">
         <name>binit</name>
         <value>0xffffffff</value>
      </symbol>
      <symbol id="sm-9">
         <name>__binit__</name>
         <value>0xffffffff</value>
      </symbol>
      <symbol id="sm-a">
         <name>__STACK_SIZE</name>
         <value>0x400</value>
      </symbol>
      <symbol id="sm-b">
         <name>__STACK_END</name>
         <value>0x20000400</value>
      </symbol>
      <symbol id="sm-c">
         <name>__c_args__</name>
         <value>0xffffffff</value>
      </symbol>
      <symbol id="sm-d">
         <name>__TI_pprof_out_hndl</name>
         <value>0xffffffff</value>
      </symbol>
      <symbol id="sm-e">
         <name>__TI_prof_data_start</name>
         <value>0xffffffff</value>
      </symbol>
      <symbol id="sm-f">
         <name>__TI_prof_data_size</name>
         <value>0xffffffff</value>
      </symbol>
      <symbol id="sm-4a">
         <name>initSystemClockTo40Mhz</name>
         <value>0x1f6d</value>
         <object_component_ref idref="oc-178"/>
      </symbol>
      <symbol id="sm-178">
         <name>left_tire_cmp_val</name>
         <value>0x2000044c</value>
      </symbol>
      <symbol id="sm-179">
         <name>right_tire_cmp_val</name>
         <value>0x20000450</value>
      </symbol>
      <symbol id="sm-17a">
         <name>angle_of_robot</name>
         <value>0x20000448</value>
      </symbol>
      <symbol id="sm-17b">
         <name>LOCK_DIR</name>
         <value>0x20000415</value>
         <object_component_ref idref="oc-7a"/>
      </symbol>
      <symbol id="sm-17c">
         <name>Motor_Driver</name>
         <value>0x97b</value>
         <object_component_ref idref="oc-2d"/>
      </symbol>
      <symbol id="sm-17d">
         <name>stop</name>
         <value>0xaeb</value>
         <object_component_ref idref="oc-2d"/>
      </symbol>
      <symbol id="sm-17e">
         <name>total_time</name>
         <value>0x2000041c</value>
         <object_component_ref idref="oc-7a"/>
      </symbol>
      <symbol id="sm-17f">
         <name>remote_val</name>
         <value>0x20000420</value>
         <object_component_ref idref="oc-7a"/>
      </symbol>
      <symbol id="sm-180">
         <name>timer1Isr</name>
         <value>0x5cd</value>
         <object_component_ref idref="oc-2d"/>
      </symbol>
      <symbol id="sm-181">
         <name>rot_auto</name>
         <value>0xf25</value>
         <object_component_ref idref="oc-2d"/>
      </symbol>
      <symbol id="sm-182">
         <name>phase</name>
         <value>0x2000043a</value>
         <object_component_ref idref="oc-7a"/>
      </symbol>
      <symbol id="sm-183">
         <name>reverse</name>
         <value>0x9d7</value>
         <object_component_ref idref="oc-2d"/>
      </symbol>
      <symbol id="sm-184">
         <name>Stringcmp</name>
         <value>0x945</value>
         <object_component_ref idref="oc-2d"/>
      </symbol>
      <symbol id="sm-185">
         <name>isCommand</name>
         <value>0x8e1</value>
         <object_component_ref idref="oc-2d"/>
      </symbol>
      <symbol id="sm-186">
         <name>right_tire_count</name>
         <value>0x2000040c</value>
         <object_component_ref idref="oc-7a"/>
      </symbol>
      <symbol id="sm-187">
         <name>getFieldString</name>
         <value>0x839</value>
         <object_component_ref idref="oc-2d"/>
      </symbol>
      <symbol id="sm-188">
         <name>forward</name>
         <value>0x9a3</value>
         <object_component_ref idref="oc-2d"/>
      </symbol>
      <symbol id="sm-189">
         <name>init_right_tire</name>
         <value>0x20000404</value>
         <object_component_ref idref="oc-7a"/>
      </symbol>
      <symbol id="sm-18a">
         <name>dis_sonar0_time</name>
         <value>0x20000428</value>
         <object_component_ref idref="oc-7a"/>
      </symbol>
      <symbol id="sm-18b">
         <name>parseFields</name>
         <value>0x725</value>
         <object_component_ref idref="oc-2d"/>
      </symbol>
      <symbol id="sm-18c">
         <name>reverseSpeed</name>
         <value>0xa87</value>
         <object_component_ref idref="oc-2d"/>
      </symbol>
      <symbol id="sm-18d">
         <name>lOCK_ROT</name>
         <value>0x20000416</value>
         <object_component_ref idref="oc-7a"/>
      </symbol>
      <symbol id="sm-18e">
         <name>distance</name>
         <value>0x20000410</value>
         <object_component_ref idref="oc-7a"/>
      </symbol>
      <symbol id="sm-18f">
         <name>is_motion</name>
         <value>0xf57</value>
         <object_component_ref idref="oc-2d"/>
      </symbol>
      <symbol id="sm-190">
         <name>getFieldInteger</name>
         <value>0x889</value>
         <object_component_ref idref="oc-2d"/>
      </symbol>
      <symbol id="sm-191">
         <name>intTostring</name>
         <value>0x26d</value>
         <object_component_ref idref="oc-2d"/>
      </symbol>
      <symbol id="sm-192">
         <name>fallinedge</name>
         <value>0x351</value>
         <object_component_ref idref="oc-2d"/>
      </symbol>
      <symbol id="sm-193">
         <name>set_distance</name>
         <value>0x20000414</value>
         <object_component_ref idref="oc-7a"/>
      </symbol>
      <symbol id="sm-194">
         <name>halt_rob_rot</name>
         <value>0x20000437</value>
         <object_component_ref idref="oc-7a"/>
      </symbol>
      <symbol id="sm-195">
         <name>putty</name>
         <value>0xff1</value>
         <object_component_ref idref="oc-2d"/>
      </symbol>
      <symbol id="sm-196">
         <name>init_left_tire</name>
         <value>0x20000400</value>
         <object_component_ref idref="oc-7a"/>
      </symbol>
      <symbol id="sm-197">
         <name>offset</name>
         <value>0x20000418</value>
         <object_component_ref idref="oc-7a"/>
      </symbol>
      <symbol id="sm-198">
         <name>motion</name>
         <value>0x20000419</value>
         <object_component_ref idref="oc-7a"/>
      </symbol>
      <symbol id="sm-199">
         <name>ccw</name>
         <value>0xad7</value>
         <object_component_ref idref="oc-2d"/>
      </symbol>
      <symbol id="sm-19a">
         <name>forwardSpeed</name>
         <value>0xa4b</value>
         <object_component_ref idref="oc-2d"/>
      </symbol>
      <symbol id="sm-19b">
         <name>timer3ISR</name>
         <value>0xd49</value>
         <object_component_ref idref="oc-2d"/>
      </symbol>
      <symbol id="sm-19c">
         <name>timer2Isr</name>
         <value>0x5f7</value>
         <object_component_ref idref="oc-2d"/>
      </symbol>
      <symbol id="sm-19d">
         <name>STATE</name>
         <value>0x20000434</value>
         <object_component_ref idref="oc-7a"/>
      </symbol>
      <symbol id="sm-19e">
         <name>print_wheel</name>
         <value>0x331</value>
         <object_component_ref idref="oc-2d"/>
      </symbol>
      <symbol id="sm-19f">
         <name>ret_ran_num</name>
         <value>0xf7d</value>
         <object_component_ref idref="oc-2d"/>
      </symbol>
      <symbol id="sm-1a0">
         <name>LOCK_Wheesl</name>
         <value>0x20000417</value>
         <object_component_ref idref="oc-7a"/>
      </symbol>
      <symbol id="sm-1a1">
         <name>modes_main</name>
         <value>0x20000438</value>
         <object_component_ref idref="oc-7a"/>
      </symbol>
      <symbol id="sm-1a2">
         <name>Distance</name>
         <value>0xb2d</value>
         <object_component_ref idref="oc-2d"/>
      </symbol>
      <symbol id="sm-1a3">
         <name>wtimer5ISR</name>
         <value>0xed1</value>
         <object_component_ref idref="oc-2d"/>
      </symbol>
      <symbol id="sm-1a4">
         <name>cw</name>
         <value>0xac3</value>
         <object_component_ref idref="oc-2d"/>
      </symbol>
      <symbol id="sm-1a5">
         <name>rob_is_stop</name>
         <value>0x20000439</value>
         <object_component_ref idref="oc-7a"/>
      </symbol>
      <symbol id="sm-1a6">
         <name>past_time</name>
         <value>0x20000430</value>
         <object_component_ref idref="oc-7a"/>
      </symbol>
      <symbol id="sm-1a7">
         <name>TURN_OFF_ON_AUTO</name>
         <value>0x20000436</value>
         <object_component_ref idref="oc-7a"/>
      </symbol>
      <symbol id="sm-1a8">
         <name>ping_distance</name>
         <value>0xf0f</value>
         <object_component_ref idref="oc-2d"/>
      </symbol>
      <symbol id="sm-1a9">
         <name>left_tire_count</name>
         <value>0x20000408</value>
         <object_component_ref idref="oc-7a"/>
      </symbol>
      <symbol id="sm-1aa">
         <name>dis_sonar0</name>
         <value>0x20000424</value>
         <object_component_ref idref="oc-7a"/>
      </symbol>
      <symbol id="sm-1ab">
         <name>Bits_Read</name>
         <value>0x20000435</value>
         <object_component_ref idref="oc-7a"/>
      </symbol>
      <symbol id="sm-1ac">
         <name>compvale</name>
         <value>0xa0b</value>
         <object_component_ref idref="oc-2d"/>
      </symbol>
      <symbol id="sm-1ad">
         <name>timer4Isr</name>
         <value>0xe9b</value>
         <object_component_ref idref="oc-2d"/>
      </symbol>
      <symbol id="sm-1ae">
         <name>getsUart0</name>
         <value>0x669</value>
         <object_component_ref idref="oc-2d"/>
      </symbol>
      <symbol id="sm-1af">
         <name>pres_time</name>
         <value>0x2000042c</value>
         <object_component_ref idref="oc-7a"/>
      </symbol>
      <symbol id="sm-21a">
         <name>initTimer</name>
         <value>0x1509</value>
         <object_component_ref idref="oc-11e"/>
      </symbol>
      <symbol id="sm-21b">
         <name>initHw</name>
         <value>0x1627</value>
         <object_component_ref idref="oc-11e"/>
      </symbol>
      <symbol id="sm-21c">
         <name>sonar_init</name>
         <value>0x1441</value>
         <object_component_ref idref="oc-11e"/>
      </symbol>
      <symbol id="sm-21d">
         <name>initPWM</name>
         <value>0x165b</value>
         <object_component_ref idref="oc-11e"/>
      </symbol>
      <symbol id="sm-21e">
         <name>initINTER</name>
         <value>0x132d</value>
         <object_component_ref idref="oc-11e"/>
      </symbol>
      <symbol id="sm-21f">
         <name>Remote_wideTimer</name>
         <value>0x13c7</value>
         <object_component_ref idref="oc-11e"/>
      </symbol>
      <symbol id="sm-220">
         <name>PIR_init</name>
         <value>0x14db</value>
         <object_component_ref idref="oc-11e"/>
      </symbol>
      <symbol id="sm-246">
         <name>main</name>
         <value>0x1865</value>
         <object_component_ref idref="oc-db"/>
      </symbol>
      <symbol id="sm-262">
         <name>ResetISR</name>
         <value>0x1f8b</value>
         <object_component_ref idref="oc-27"/>
      </symbol>
      <symbol id="sm-263">
         <name>g_pfnVectors</name>
         <value>0x0</value>
         <object_component_ref idref="oc-12"/>
      </symbol>
      <symbol id="sm-28a">
         <name>getcUart0</name>
         <value>0x1b5f</value>
         <object_component_ref idref="oc-74"/>
      </symbol>
      <symbol id="sm-28b">
         <name>kbhitUart0</name>
         <value>0x1b73</value>
         <object_component_ref idref="oc-74"/>
      </symbol>
      <symbol id="sm-28c">
         <name>setUart0BaudRate</name>
         <value>0x1ad3</value>
         <object_component_ref idref="oc-74"/>
      </symbol>
      <symbol id="sm-28d">
         <name>putsUart0</name>
         <value>0x1b33</value>
         <object_component_ref idref="oc-74"/>
      </symbol>
      <symbol id="sm-28e">
         <name>initUart0</name>
         <value>0x1a61</value>
         <object_component_ref idref="oc-74"/>
      </symbol>
      <symbol id="sm-28f">
         <name>putcUart0</name>
         <value>0x1b17</value>
         <object_component_ref idref="oc-74"/>
      </symbol>
      <symbol id="sm-29d">
         <name>waitMicrosecond</name>
         <value>0x1f2b</value>
         <object_component_ref idref="oc-97"/>
      </symbol>
      <symbol id="sm-2a8">
         <name>__aeabi_dmul</name>
         <value>0x1bbd</value>
         <object_component_ref idref="oc-8c"/>
      </symbol>
      <symbol id="sm-2b2">
         <name>__aeabi_d2iz</name>
         <value>0x1e09</value>
         <object_component_ref idref="oc-91"/>
      </symbol>
      <symbol id="sm-2bc">
         <name>__aeabi_i2d</name>
         <value>0x1efd</value>
         <object_component_ref idref="oc-87"/>
      </symbol>
      <symbol id="sm-2d5">
         <name>__TI_zero_init_nomemset</name>
         <value>0x1f4f</value>
         <object_component_ref idref="oc-4d"/>
      </symbol>
      <symbol id="sm-2ec">
         <name>__TI_decompress_none</name>
         <value>0x1f7d</value>
         <object_component_ref idref="oc-1b"/>
      </symbol>
      <symbol id="sm-30f">
         <name>__TI_decompress_lzss</name>
         <value>0x1d55</value>
         <object_component_ref idref="oc-15"/>
      </symbol>
      <symbol id="sm-325">
         <name>atoi</name>
         <value>0x1dbd</value>
         <object_component_ref idref="oc-7d"/>
      </symbol>
      <symbol id="sm-330">
         <name>_ctypes_</name>
         <value>0x1f9e</value>
         <object_component_ref idref="oc-f1"/>
      </symbol>
      <symbol id="sm-346">
         <name>rand</name>
         <value>0x1ec9</value>
         <object_component_ref idref="oc-9d"/>
      </symbol>
      <symbol id="sm-359">
         <name>__stack</name>
         <value>0x20000000</value>
         <object_component_ref idref="oc-24"/>
      </symbol>
      <symbol id="sm-35a">
         <name>_c_int00_noargs</name>
         <value>0x1e95</value>
         <object_component_ref idref="oc-5f"/>
      </symbol>
      <symbol id="sm-375">
         <name>memcpy</name>
         <value>0x1cb9</value>
         <object_component_ref idref="oc-41"/>
      </symbol>
      <symbol id="sm-376">
         <name>__aeabi_memcpy</name>
         <value>0x1cb9</value>
         <object_component_ref idref="oc-41"/>
      </symbol>
      <symbol id="sm-377">
         <name>__aeabi_memcpy8</name>
         <value>0x1cb9</value>
         <object_component_ref idref="oc-41"/>
      </symbol>
      <symbol id="sm-378">
         <name>__aeabi_memcpy4</name>
         <value>0x1cb9</value>
         <object_component_ref idref="oc-41"/>
      </symbol>
      <symbol id="sm-3a1">
         <name>__TI_auto_init_nobinit_nopinit</name>
         <value>0x1e51</value>
         <object_component_ref idref="oc-131"/>
      </symbol>
      <symbol id="sm-3ab">
         <name>_system_pre_init</name>
         <value>0x1f97</value>
         <object_component_ref idref="oc-d5"/>
      </symbol>
      <symbol id="sm-3b7">
         <name>C$$EXIT</name>
         <value>0x1f9b</value>
         <object_component_ref idref="oc-125"/>
      </symbol>
      <symbol id="sm-3b8">
         <name>abort</name>
         <value>0x1f9b</value>
         <object_component_ref idref="oc-125"/>
      </symbol>
      <symbol id="sm-3cd">
         <name>_nop</name>
         <value>0x1f6b</value>
         <object_component_ref idref="oc-16a"/>
      </symbol>
      <symbol id="sm-3ce">
         <name>_lock</name>
         <value>0x2000043c</value>
         <object_component_ref idref="oc-101"/>
      </symbol>
      <symbol id="sm-3cf">
         <name>_unlock</name>
         <value>0x20000440</value>
         <object_component_ref idref="oc-101"/>
      </symbol>
      <symbol id="sm-3d1">
         <name>__TI_static_base__</name>
         <value>0x0</value>
      </symbol>
      <symbol id="sm-3d4">
         <name>__mpu_init</name>
         <value>0x0</value>
      </symbol>
      <symbol id="sm-3d5">
         <name>_system_post_cinit</name>
         <value>0x0</value>
      </symbol>
   </symbol_table>
   <title>Link successful</title>
</link_info>
