<?xml version="1.0" encoding="ISO-8859-1" ?>
<link_info>
   <banner>TI ARM Linker Unix v20.2.7.LTS</banner>
   <copyright>Copyright (c) 1996-2018 Texas Instruments Incorporated</copyright>
   <link_time>0x6799906c</link_time>
   <link_errors>0x0</link_errors>
   <output_file>RtosProg.out</output_file>
   <entry_point>
      <name>_c_int00_noargs</name>
      <address>0x7665</address>
   </entry_point>
   <input_file_list>
      <input_file id="fl-1">
         <path>./</path>
         <kind>object</kind>
         <file>GetMSP.obj</file>
         <name>GetMSP.obj</name>
      </input_file>
      <input_file id="fl-2">
         <path>./</path>
         <kind>object</kind>
         <file>GetPSP.obj</file>
         <name>GetPSP.obj</name>
      </input_file>
      <input_file id="fl-3">
         <path>./</path>
         <kind>object</kind>
         <file>Pop.obj</file>
         <name>Pop.obj</name>
      </input_file>
      <input_file id="fl-4">
         <path>./</path>
         <kind>object</kind>
         <file>Push.obj</file>
         <name>Push.obj</name>
      </input_file>
      <input_file id="fl-5">
         <path>./</path>
         <kind>object</kind>
         <file>SVCsetOne.obj</file>
         <name>SVCsetOne.obj</name>
      </input_file>
      <input_file id="fl-6">
         <path>./</path>
         <kind>object</kind>
         <file>SetASP.obj</file>
         <name>SetASP.obj</name>
      </input_file>
      <input_file id="fl-7">
         <path>./</path>
         <kind>object</kind>
         <file>SetPSP.obj</file>
         <name>SetPSP.obj</name>
      </input_file>
      <input_file id="fl-8">
         <path>./</path>
         <kind>object</kind>
         <file>SetTMPL.obj</file>
         <name>SetTMPL.obj</name>
      </input_file>
      <input_file id="fl-9">
         <path>./</path>
         <kind>object</kind>
         <file>clock.obj</file>
         <name>clock.obj</name>
      </input_file>
      <input_file id="fl-a">
         <path>./</path>
         <kind>object</kind>
         <file>faults.obj</file>
         <name>faults.obj</name>
      </input_file>
      <input_file id="fl-b">
         <path>./</path>
         <kind>object</kind>
         <file>gpio.obj</file>
         <name>gpio.obj</name>
      </input_file>
      <input_file id="fl-c">
         <path>./</path>
         <kind>object</kind>
         <file>kernel.obj</file>
         <name>kernel.obj</name>
      </input_file>
      <input_file id="fl-d">
         <path>./</path>
         <kind>object</kind>
         <file>mm.obj</file>
         <name>mm.obj</name>
      </input_file>
      <input_file id="fl-e">
         <path>./</path>
         <kind>object</kind>
         <file>rtos.obj</file>
         <name>rtos.obj</name>
      </input_file>
      <input_file id="fl-f">
         <path>./</path>
         <kind>object</kind>
         <file>shell.obj</file>
         <name>shell.obj</name>
      </input_file>
      <input_file id="fl-10">
         <path>./</path>
         <kind>object</kind>
         <file>tasks.obj</file>
         <name>tasks.obj</name>
      </input_file>
      <input_file id="fl-11">
         <path>./</path>
         <kind>object</kind>
         <file>tm4c123gh6pm_startup_ccs.obj</file>
         <name>tm4c123gh6pm_startup_ccs.obj</name>
      </input_file>
      <input_file id="fl-12">
         <path>./</path>
         <kind>object</kind>
         <file>uart0.obj</file>
         <name>uart0.obj</name>
      </input_file>
      <input_file id="fl-13">
         <path>./</path>
         <kind>object</kind>
         <file>wait.obj</file>
         <name>wait.obj</name>
      </input_file>
      <input_file id="fl-17">
         <kind>object</kind>
         <file>&lt;internal&gt;</file>
         <name>&lt;internal&gt;</name>
      </input_file>
      <input_file id="fl-cd">
         <path>/home/luis-contreras/ti/ccs1260/ccs/tools/compiler/ti-cgt-arm_20.2.7.LTS/lib/</path>
         <kind>archive</kind>
         <file>rtsv7M4_T_le_v4SPD16_eabi.lib</file>
         <name>snprintf.c.obj</name>
      </input_file>
      <input_file id="fl-ce">
         <path>/home/luis-contreras/ti/ccs1260/ccs/tools/compiler/ti-cgt-arm_20.2.7.LTS/lib/</path>
         <kind>archive</kind>
         <file>rtsv7M4_T_le_v4SPD16_eabi.lib</file>
         <name>sprintf.c.obj</name>
      </input_file>
      <input_file id="fl-cf">
         <path>/home/luis-contreras/ti/ccs1260/ccs/tools/compiler/ti-cgt-arm_20.2.7.LTS/lib/</path>
         <kind>archive</kind>
         <file>rtsv7M4_T_le_v4SPD16_eabi.lib</file>
         <name>ll_lsl_t2.asm.obj</name>
      </input_file>
      <input_file id="fl-d0">
         <path>/home/luis-contreras/ti/ccs1260/ccs/tools/compiler/ti-cgt-arm_20.2.7.LTS/lib/</path>
         <kind>archive</kind>
         <file>rtsv7M4_T_le_v4SPD16_eabi.lib</file>
         <name>ll_lsr_t2.asm.obj</name>
      </input_file>
      <input_file id="fl-d1">
         <path>/home/luis-contreras/ti/ccs1260/ccs/tools/compiler/ti-cgt-arm_20.2.7.LTS/lib/</path>
         <kind>archive</kind>
         <file>rtsv7M4_T_le_v4SPD16_eabi.lib</file>
         <name>ll_mul_t2.asm.obj</name>
      </input_file>
      <input_file id="fl-d2">
         <path>/home/luis-contreras/ti/ccs1260/ccs/tools/compiler/ti-cgt-arm_20.2.7.LTS/lib/</path>
         <kind>archive</kind>
         <file>rtsv7M4_T_le_v4SPD16_eabi.lib</file>
         <name>memcpy_t2.asm.obj</name>
      </input_file>
      <input_file id="fl-d3">
         <path>/home/luis-contreras/ti/ccs1260/ccs/tools/compiler/ti-cgt-arm_20.2.7.LTS/lib/</path>
         <kind>archive</kind>
         <file>rtsv7M4_T_le_v4SPD16_eabi.lib</file>
         <name>ull_div_t2.asm.obj</name>
      </input_file>
      <input_file id="fl-d4">
         <path>/home/luis-contreras/ti/ccs1260/ccs/tools/compiler/ti-cgt-arm_20.2.7.LTS/lib/</path>
         <kind>archive</kind>
         <file>rtsv7M4_T_le_v4SPD16_eabi.lib</file>
         <name>copy_zero_init.c.obj</name>
      </input_file>
      <input_file id="fl-d5">
         <path>/home/luis-contreras/ti/ccs1260/ccs/tools/compiler/ti-cgt-arm_20.2.7.LTS/lib/</path>
         <kind>archive</kind>
         <file>rtsv7M4_T_le_v4SPD16_eabi.lib</file>
         <name>copy_decompress_none.c.obj</name>
      </input_file>
      <input_file id="fl-d6">
         <path>/home/luis-contreras/ti/ccs1260/ccs/tools/compiler/ti-cgt-arm_20.2.7.LTS/lib/</path>
         <kind>archive</kind>
         <file>rtsv7M4_T_le_v4SPD16_eabi.lib</file>
         <name>copy_decompress_lzss.c.obj</name>
      </input_file>
      <input_file id="fl-d7">
         <path>/home/luis-contreras/ti/ccs1260/ccs/tools/compiler/ti-cgt-arm_20.2.7.LTS/lib/</path>
         <kind>archive</kind>
         <file>rtsv7M4_T_le_v4SPD16_eabi.lib</file>
         <name>atoi.c.obj</name>
      </input_file>
      <input_file id="fl-d8">
         <path>/home/luis-contreras/ti/ccs1260/ccs/tools/compiler/ti-cgt-arm_20.2.7.LTS/lib/</path>
         <kind>archive</kind>
         <file>rtsv7M4_T_le_v4SPD16_eabi.lib</file>
         <name>ctype.c.obj</name>
      </input_file>
      <input_file id="fl-d9">
         <path>/home/luis-contreras/ti/ccs1260/ccs/tools/compiler/ti-cgt-arm_20.2.7.LTS/lib/</path>
         <kind>archive</kind>
         <file>rtsv7M4_T_le_v4SPD16_eabi.lib</file>
         <name>boot_cortex_m.c.obj</name>
      </input_file>
      <input_file id="fl-da">
         <path>/home/luis-contreras/ti/ccs1260/ccs/tools/compiler/ti-cgt-arm_20.2.7.LTS/lib/</path>
         <kind>archive</kind>
         <file>rtsv7M4_T_le_v4SPD16_eabi.lib</file>
         <name>_printfi.c.obj</name>
      </input_file>
      <input_file id="fl-db">
         <path>/home/luis-contreras/ti/ccs1260/ccs/tools/compiler/ti-cgt-arm_20.2.7.LTS/lib/</path>
         <kind>archive</kind>
         <file>rtsv7M4_T_le_v4SPD16_eabi.lib</file>
         <name>div0.asm.obj</name>
      </input_file>
      <input_file id="fl-dc">
         <path>/home/luis-contreras/ti/ccs1260/ccs/tools/compiler/ti-cgt-arm_20.2.7.LTS/lib/</path>
         <kind>archive</kind>
         <file>rtsv7M4_T_le_v4SPD16_eabi.lib</file>
         <name>fd_add_t2.asm.obj</name>
      </input_file>
      <input_file id="fl-dd">
         <path>/home/luis-contreras/ti/ccs1260/ccs/tools/compiler/ti-cgt-arm_20.2.7.LTS/lib/</path>
         <kind>archive</kind>
         <file>rtsv7M4_T_le_v4SPD16_eabi.lib</file>
         <name>fd_cmp_t2.asm.obj</name>
      </input_file>
      <input_file id="fl-de">
         <path>/home/luis-contreras/ti/ccs1260/ccs/tools/compiler/ti-cgt-arm_20.2.7.LTS/lib/</path>
         <kind>archive</kind>
         <file>rtsv7M4_T_le_v4SPD16_eabi.lib</file>
         <name>fd_div_t2.asm.obj</name>
      </input_file>
      <input_file id="fl-df">
         <path>/home/luis-contreras/ti/ccs1260/ccs/tools/compiler/ti-cgt-arm_20.2.7.LTS/lib/</path>
         <kind>archive</kind>
         <file>rtsv7M4_T_le_v4SPD16_eabi.lib</file>
         <name>fd_mul_t2.asm.obj</name>
      </input_file>
      <input_file id="fl-e0">
         <path>/home/luis-contreras/ti/ccs1260/ccs/tools/compiler/ti-cgt-arm_20.2.7.LTS/lib/</path>
         <kind>archive</kind>
         <file>rtsv7M4_T_le_v4SPD16_eabi.lib</file>
         <name>fd_toi_t2.asm.obj</name>
      </input_file>
      <input_file id="fl-e1">
         <path>/home/luis-contreras/ti/ccs1260/ccs/tools/compiler/ti-cgt-arm_20.2.7.LTS/lib/</path>
         <kind>archive</kind>
         <file>rtsv7M4_T_le_v4SPD16_eabi.lib</file>
         <name>i_tofd_t2.asm.obj</name>
      </input_file>
      <input_file id="fl-e2">
         <path>/home/luis-contreras/ti/ccs1260/ccs/tools/compiler/ti-cgt-arm_20.2.7.LTS/lib/</path>
         <kind>archive</kind>
         <file>rtsv7M4_T_le_v4SPD16_eabi.lib</file>
         <name>memset_t2.asm.obj</name>
      </input_file>
      <input_file id="fl-e3">
         <path>/home/luis-contreras/ti/ccs1260/ccs/tools/compiler/ti-cgt-arm_20.2.7.LTS/lib/</path>
         <kind>archive</kind>
         <file>rtsv7M4_T_le_v4SPD16_eabi.lib</file>
         <name>autoinit.c.obj</name>
      </input_file>
      <input_file id="fl-e4">
         <path>/home/luis-contreras/ti/ccs1260/ccs/tools/compiler/ti-cgt-arm_20.2.7.LTS/lib/</path>
         <kind>archive</kind>
         <file>rtsv7M4_T_le_v4SPD16_eabi.lib</file>
         <name>pre_init.c.obj</name>
      </input_file>
      <input_file id="fl-e5">
         <path>/home/luis-contreras/ti/ccs1260/ccs/tools/compiler/ti-cgt-arm_20.2.7.LTS/lib/</path>
         <kind>archive</kind>
         <file>rtsv7M4_T_le_v4SPD16_eabi.lib</file>
         <name>cpy_tbl.c.obj</name>
      </input_file>
      <input_file id="fl-e6">
         <path>/home/luis-contreras/ti/ccs1260/ccs/tools/compiler/ti-cgt-arm_20.2.7.LTS/lib/</path>
         <kind>archive</kind>
         <file>rtsv7M4_T_le_v4SPD16_eabi.lib</file>
         <name>exit.c.obj</name>
      </input_file>
      <input_file id="fl-e7">
         <path>/home/luis-contreras/ti/ccs1260/ccs/tools/compiler/ti-cgt-arm_20.2.7.LTS/lib/</path>
         <kind>archive</kind>
         <file>rtsv7M4_T_le_v4SPD16_eabi.lib</file>
         <name>_lock.c.obj</name>
      </input_file>
      <input_file id="fl-e8">
         <path>/home/luis-contreras/ti/ccs1260/ccs/tools/compiler/ti-cgt-arm_20.2.7.LTS/lib/</path>
         <kind>archive</kind>
         <file>rtsv7M4_T_le_v4SPD16_eabi.lib</file>
         <name>_ltoa.c.obj</name>
      </input_file>
      <input_file id="fl-e9">
         <path>/home/luis-contreras/ti/ccs1260/ccs/tools/compiler/ti-cgt-arm_20.2.7.LTS/lib/</path>
         <kind>archive</kind>
         <file>rtsv7M4_T_le_v4SPD16_eabi.lib</file>
         <name>args_main.c.obj</name>
      </input_file>
      <input_file id="fl-ea">
         <path>/home/luis-contreras/ti/ccs1260/ccs/tools/compiler/ti-cgt-arm_20.2.7.LTS/lib/</path>
         <kind>archive</kind>
         <file>rtsv7M4_T_le_v4SPD16_eabi.lib</file>
         <name>memccpy.c.obj</name>
      </input_file>
      <input_file id="fl-eb">
         <path>/home/luis-contreras/ti/ccs1260/ccs/tools/compiler/ti-cgt-arm_20.2.7.LTS/lib/</path>
         <kind>archive</kind>
         <file>rtsv7M4_T_le_v4SPD16_eabi.lib</file>
         <name>strchr.c.obj</name>
      </input_file>
      <input_file id="fl-ec">
         <path>/home/luis-contreras/ti/ccs1260/ccs/tools/compiler/ti-cgt-arm_20.2.7.LTS/lib/</path>
         <kind>archive</kind>
         <file>rtsv7M4_T_le_v4SPD16_eabi.lib</file>
         <name>strlen.c.obj</name>
      </input_file>
      <input_file id="fl-ed">
         <path>/home/luis-contreras/ti/ccs1260/ccs/tools/compiler/ti-cgt-arm_20.2.7.LTS/lib/</path>
         <kind>archive</kind>
         <file>rtsv7M4_T_le_v4SPD16_eabi.lib</file>
         <name>errno.c.obj</name>
      </input_file>
      <input_file id="fl-ee">
         <path>/home/luis-contreras/ti/ccs1260/ccs/tools/compiler/ti-cgt-arm_20.2.7.LTS/lib/</path>
         <kind>archive</kind>
         <file>rtsv7M4_T_le_v4SPD16_eabi.lib</file>
         <name>wcslen.c.obj</name>
      </input_file>
      <input_file id="fl-ef">
         <path>/home/luis-contreras/ti/ccs1260/ccs/tools/compiler/ti-cgt-arm_20.2.7.LTS/lib/</path>
         <kind>archive</kind>
         <file>rtsv7M4_T_le_v4SPD16_eabi.lib</file>
         <name>s_frexp.c.obj</name>
      </input_file>
      <input_file id="fl-f0">
         <path>/home/luis-contreras/ti/ccs1260/ccs/tools/compiler/ti-cgt-arm_20.2.7.LTS/lib/</path>
         <kind>archive</kind>
         <file>rtsv7M4_T_le_v4SPD16_eabi.lib</file>
         <name>s_scalbn.c.obj</name>
      </input_file>
      <input_file id="fl-f1">
         <path>/home/luis-contreras/ti/ccs1260/ccs/tools/compiler/ti-cgt-arm_20.2.7.LTS/lib/</path>
         <kind>archive</kind>
         <file>rtsv7M4_T_le_v4SPD16_eabi.lib</file>
         <name>s_copysign.c.obj</name>
      </input_file>
   </input_file_list>
   <object_component_list>
      <object_component id="oc-13">
         <name>.intvecs</name>
         <load_address>0x0</load_address>
         <run_address>0x0</run_address>
         <size>0x26c</size>
         <input_file_ref idref="fl-11"/>
      </object_component>
      <object_component id="oc-34">
         <name>.text</name>
         <load_address>0x26c</load_address>
         <run_address>0x26c</run_address>
         <size>0x1a44</size>
         <input_file_ref idref="fl-c"/>
      </object_component>
      <object_component id="oc-9b">
         <name>.text</name>
         <load_address>0x1cb0</load_address>
         <run_address>0x1cb0</run_address>
         <size>0x17d0</size>
         <input_file_ref idref="fl-d"/>
      </object_component>
      <object_component id="oc-181">
         <name>.text</name>
         <load_address>0x3480</load_address>
         <run_address>0x3480</run_address>
         <size>0x1050</size>
         <input_file_ref idref="fl-f"/>
      </object_component>
      <object_component id="oc-21b">
         <name>.text:__TI_printfi</name>
         <load_address>0x44d0</load_address>
         <run_address>0x44d0</run_address>
         <size>0xa4e</size>
         <input_file_ref idref="fl-da"/>
      </object_component>
      <object_component id="oc-15a">
         <name>.text</name>
         <load_address>0x4f1e</load_address>
         <run_address>0x4f1e</run_address>
         <size>0x2</size>
         <input_file_ref idref="fl-db"/>
      </object_component>
      <object_component id="oc-d7">
         <name>.text</name>
         <load_address>0x4f20</load_address>
         <run_address>0x4f20</run_address>
         <size>0x808</size>
         <input_file_ref idref="fl-b"/>
      </object_component>
      <object_component id="oc-3a">
         <name>.text</name>
         <load_address>0x5728</load_address>
         <run_address>0x5728</run_address>
         <size>0x490</size>
         <input_file_ref idref="fl-10"/>
      </object_component>
      <object_component id="oc-2e">
         <name>.text</name>
         <load_address>0x5bb8</load_address>
         <run_address>0x5bb8</run_address>
         <size>0x460</size>
         <input_file_ref idref="fl-a"/>
      </object_component>
      <object_component id="oc-297">
         <name>.text:_pconv_a</name>
         <load_address>0x6018</load_address>
         <run_address>0x6018</run_address>
         <size>0x270</size>
         <input_file_ref idref="fl-da"/>
      </object_component>
      <object_component id="oc-10d">
         <name>.text</name>
         <load_address>0x6288</load_address>
         <run_address>0x6288</run_address>
         <size>0x208</size>
         <input_file_ref idref="fl-e"/>
      </object_component>
      <object_component id="oc-285">
         <name>.text:_pconv_g</name>
         <load_address>0x6490</load_address>
         <run_address>0x6490</run_address>
         <size>0x1d0</size>
         <input_file_ref idref="fl-da"/>
      </object_component>
      <object_component id="oc-2f7">
         <name>.text</name>
         <load_address>0x6660</load_address>
         <run_address>0x6660</run_address>
         <size>0x1b6</size>
         <input_file_ref idref="fl-dc"/>
      </object_component>
      <object_component id="oc-81">
         <name>.text</name>
         <load_address>0x6818</load_address>
         <run_address>0x6818</run_address>
         <size>0x164</size>
         <input_file_ref idref="fl-12"/>
      </object_component>
      <object_component id="oc-291">
         <name>.text:_pconv_e</name>
         <load_address>0x697c</load_address>
         <run_address>0x697c</run_address>
         <size>0x13c</size>
         <input_file_ref idref="fl-da"/>
      </object_component>
      <object_component id="oc-2dd">
         <name>.text</name>
         <load_address>0x6ab8</load_address>
         <run_address>0x6ab8</run_address>
         <size>0x136</size>
         <input_file_ref idref="fl-de"/>
      </object_component>
      <object_component id="oc-309">
         <name>.text:fcvt</name>
         <load_address>0x6bf0</load_address>
         <run_address>0x6bf0</run_address>
         <size>0x124</size>
         <input_file_ref idref="fl-da"/>
      </object_component>
      <object_component id="oc-31d">
         <name>.text:scalbn</name>
         <load_address>0x6d14</load_address>
         <run_address>0x6d14</run_address>
         <size>0x110</size>
         <input_file_ref idref="fl-f0"/>
      </object_component>
      <object_component id="oc-2d8">
         <name>.text</name>
         <load_address>0x6e24</load_address>
         <run_address>0x6e24</run_address>
         <size>0xfc</size>
         <input_file_ref idref="fl-df"/>
      </object_component>
      <object_component id="oc-27a">
         <name>.text:_ltostr</name>
         <load_address>0x6f20</load_address>
         <run_address>0x6f20</run_address>
         <size>0xb1</size>
         <input_file_ref idref="fl-da"/>
      </object_component>
      <object_component id="oc-4e">
         <name>.text</name>
         <load_address>0x6fd2</load_address>
         <run_address>0x6fd2</run_address>
         <size>0x9c</size>
         <input_file_ref idref="fl-d2"/>
      </object_component>
      <object_component id="oc-c7">
         <name>.text</name>
         <load_address>0x706e</load_address>
         <run_address>0x706e</run_address>
         <size>0x96</size>
         <input_file_ref idref="fl-d3"/>
      </object_component>
      <object_component id="oc-280">
         <name>.text:__aeabi_cdcmple</name>
         <load_address>0x7104</load_address>
         <run_address>0x7104</run_address>
         <size>0x86</size>
         <input_file_ref idref="fl-dd"/>
      </object_component>
      <object_component id="oc-2e2">
         <name>.text:__aeabi_cdrcmple</name>
         <load_address>0x718a</load_address>
         <run_address>0x718a</run_address>
         <size>0x86</size>
         <input_file_ref idref="fl-dd"/>
      </object_component>
      <object_component id="oc-101">
         <name>.text</name>
         <load_address>0x7210</load_address>
         <run_address>0x7210</run_address>
         <size>0x7a</size>
         <input_file_ref idref="fl-e2"/>
      </object_component>
      <object_component id="oc-302">
         <name>.text:_mcpy</name>
         <load_address>0x728a</load_address>
         <run_address>0x728a</run_address>
         <size>0x6e</size>
         <input_file_ref idref="fl-da"/>
      </object_component>
      <object_component id="oc-16">
         <name>.text:decompress:lzss:__TI_decompress_lzss</name>
         <load_address>0x72f8</load_address>
         <run_address>0x72f8</run_address>
         <size>0x68</size>
         <input_file_ref idref="fl-d6"/>
      </object_component>
      <object_component id="oc-317">
         <name>.text:frexp</name>
         <load_address>0x7360</load_address>
         <run_address>0x7360</run_address>
         <size>0x64</size>
         <input_file_ref idref="fl-ef"/>
      </object_component>
      <object_component id="oc-28b">
         <name>.text:_pconv_f</name>
         <load_address>0x73c4</load_address>
         <run_address>0x73c4</run_address>
         <size>0x56</size>
         <input_file_ref idref="fl-da"/>
      </object_component>
      <object_component id="oc-2ec">
         <name>.text:__TI_ltoa</name>
         <load_address>0x741a</load_address>
         <run_address>0x741a</run_address>
         <size>0x54</size>
         <input_file_ref idref="fl-e8"/>
      </object_component>
      <object_component id="oc-2fc">
         <name>.text:_ecpy</name>
         <load_address>0x746e</load_address>
         <run_address>0x746e</run_address>
         <size>0x52</size>
         <input_file_ref idref="fl-da"/>
      </object_component>
      <object_component id="oc-1d8">
         <name>.text:atoi</name>
         <load_address>0x74c0</load_address>
         <run_address>0x74c0</run_address>
         <size>0x4c</size>
         <input_file_ref idref="fl-d7"/>
      </object_component>
      <object_component id="oc-1de">
         <name>.text:snprintf</name>
         <load_address>0x750c</load_address>
         <run_address>0x750c</run_address>
         <size>0x4c</size>
         <input_file_ref idref="fl-cd"/>
      </object_component>
      <object_component id="oc-2e7">
         <name>.text</name>
         <load_address>0x7558</load_address>
         <run_address>0x7558</run_address>
         <size>0x48</size>
         <input_file_ref idref="fl-e0"/>
      </object_component>
      <object_component id="oc-194">
         <name>.text:__TI_auto_init_nobinit_nopinit:__TI_auto_init_nobinit_nopinit</name>
         <load_address>0x75a0</load_address>
         <run_address>0x75a0</run_address>
         <size>0x44</size>
         <input_file_ref idref="fl-e3"/>
      </object_component>
      <object_component id="oc-1e4">
         <name>.text:sprintf</name>
         <load_address>0x75e4</load_address>
         <run_address>0x75e4</run_address>
         <size>0x40</size>
         <input_file_ref idref="fl-ce"/>
      </object_component>
      <object_component id="oc-30f">
         <name>.text:_fcpy</name>
         <load_address>0x7624</load_address>
         <run_address>0x7624</run_address>
         <size>0x3e</size>
         <input_file_ref idref="fl-da"/>
      </object_component>
      <object_component id="oc-6c">
         <name>.text:_c_int00_noargs:_c_int00_noargs</name>
         <load_address>0x7664</load_address>
         <run_address>0x7664</run_address>
         <size>0x34</size>
         <input_file_ref idref="fl-d9"/>
      </object_component>
      <object_component id="oc-b8">
         <name>.text</name>
         <load_address>0x7698</load_address>
         <run_address>0x7698</run_address>
         <size>0x30</size>
         <input_file_ref idref="fl-4"/>
      </object_component>
      <object_component id="oc-221">
         <name>.text:_outs</name>
         <load_address>0x76c8</load_address>
         <run_address>0x76c8</run_address>
         <size>0x30</size>
         <input_file_ref idref="fl-cd"/>
      </object_component>
      <object_component id="oc-bd">
         <name>.text</name>
         <load_address>0x76f8</load_address>
         <run_address>0x76f8</run_address>
         <size>0x2e</size>
         <input_file_ref idref="fl-3"/>
      </object_component>
      <object_component id="oc-2f2">
         <name>.text</name>
         <load_address>0x7726</load_address>
         <run_address>0x7726</run_address>
         <size>0x2e</size>
         <input_file_ref idref="fl-e1"/>
      </object_component>
      <object_component id="oc-dd">
         <name>.text</name>
         <load_address>0x7754</load_address>
         <run_address>0x7754</run_address>
         <size>0x24</size>
         <input_file_ref idref="fl-13"/>
      </object_component>
      <object_component id="oc-132">
         <name>.text</name>
         <load_address>0x7778</load_address>
         <run_address>0x7778</run_address>
         <size>0x1e</size>
         <input_file_ref idref="fl-cf"/>
      </object_component>
      <object_component id="oc-13a">
         <name>.text</name>
         <load_address>0x7796</load_address>
         <run_address>0x7796</run_address>
         <size>0x1e</size>
         <input_file_ref idref="fl-d0"/>
      </object_component>
      <object_component id="oc-29d">
         <name>.text:memccpy</name>
         <load_address>0x77b4</load_address>
         <run_address>0x77b4</run_address>
         <size>0x1c</size>
         <input_file_ref idref="fl-ea"/>
      </object_component>
      <object_component id="oc-359">
         <name>.text:copysign</name>
         <load_address>0x77d0</load_address>
         <run_address>0x77d0</run_address>
         <size>0x1a</size>
         <input_file_ref idref="fl-f1"/>
      </object_component>
      <object_component id="oc-227">
         <name>.text:_outc</name>
         <load_address>0x77ea</load_address>
         <run_address>0x77ea</run_address>
         <size>0x18</size>
         <input_file_ref idref="fl-cd"/>
      </object_component>
      <object_component id="oc-23e">
         <name>.text:_outs</name>
         <load_address>0x7802</load_address>
         <run_address>0x7802</run_address>
         <size>0x18</size>
         <input_file_ref idref="fl-ce"/>
      </object_component>
      <object_component id="oc-c2">
         <name>.text</name>
         <load_address>0x781a</load_address>
         <run_address>0x781a</run_address>
         <size>0x18</size>
         <input_file_ref idref="fl-d1"/>
      </object_component>
      <object_component id="oc-323">
         <name>.text:strchr</name>
         <load_address>0x7832</load_address>
         <run_address>0x7832</run_address>
         <size>0x16</size>
         <input_file_ref idref="fl-eb"/>
      </object_component>
      <object_component id="oc-274">
         <name>.text:strlen</name>
         <load_address>0x7848</load_address>
         <run_address>0x7848</run_address>
         <size>0x14</size>
         <input_file_ref idref="fl-ec"/>
      </object_component>
      <object_component id="oc-ad">
         <name>.text</name>
         <load_address>0x785c</load_address>
         <run_address>0x785c</run_address>
         <size>0x12</size>
         <input_file_ref idref="fl-6"/>
      </object_component>
      <object_component id="oc-b2">
         <name>.text</name>
         <load_address>0x786e</load_address>
         <run_address>0x786e</run_address>
         <size>0x12</size>
         <input_file_ref idref="fl-8"/>
      </object_component>
      <object_component id="oc-2a3">
         <name>.text:wcslen</name>
         <load_address>0x7880</load_address>
         <run_address>0x7880</run_address>
         <size>0x12</size>
         <input_file_ref idref="fl-ee"/>
      </object_component>
      <object_component id="oc-17b">
         <name>.text</name>
         <load_address>0x7894</load_address>
         <run_address>0x7894</run_address>
         <size>0x10</size>
         <input_file_ref idref="fl-9"/>
      </object_component>
      <object_component id="oc-1c">
         <name>.text:decompress:none:__TI_decompress_none</name>
         <load_address>0x78a4</load_address>
         <run_address>0x78a4</run_address>
         <size>0xe</size>
         <input_file_ref idref="fl-d5"/>
      </object_component>
      <object_component id="oc-60">
         <name>.text:decompress:ZI:__TI_zero_init</name>
         <load_address>0x78b2</load_address>
         <run_address>0x78b2</run_address>
         <size>0xc</size>
         <input_file_ref idref="fl-d4"/>
      </object_component>
      <object_component id="oc-a8">
         <name>.text</name>
         <load_address>0x78be</load_address>
         <run_address>0x78be</run_address>
         <size>0xa</size>
         <input_file_ref idref="fl-7"/>
      </object_component>
      <object_component id="oc-244">
         <name>.text:_outc</name>
         <load_address>0x78c8</load_address>
         <run_address>0x78c8</run_address>
         <size>0xa</size>
         <input_file_ref idref="fl-ce"/>
      </object_component>
      <object_component id="oc-28">
         <name>.text</name>
         <load_address>0x78d2</load_address>
         <run_address>0x78d2</run_address>
         <size>0xa</size>
         <input_file_ref idref="fl-11"/>
      </object_component>
      <object_component id="oc-2a9">
         <name>.text:__aeabi_errno_addr</name>
         <load_address>0x78dc</load_address>
         <run_address>0x78dc</run_address>
         <size>0x8</size>
         <input_file_ref idref="fl-ed"/>
      </object_component>
      <object_component id="oc-8c">
         <name>.text</name>
         <load_address>0x78e4</load_address>
         <run_address>0x78e4</run_address>
         <size>0x6</size>
         <input_file_ref idref="fl-1"/>
      </object_component>
      <object_component id="oc-87">
         <name>.text</name>
         <load_address>0x78ea</load_address>
         <run_address>0x78ea</run_address>
         <size>0x6</size>
         <input_file_ref idref="fl-2"/>
      </object_component>
      <object_component id="oc-107">
         <name>.text:_system_pre_init</name>
         <load_address>0x78f0</load_address>
         <run_address>0x78f0</run_address>
         <size>0x4</size>
         <input_file_ref idref="fl-e4"/>
      </object_component>
      <object_component id="oc-188">
         <name>.text:abort:abort</name>
         <load_address>0x78f4</load_address>
         <run_address>0x78f4</run_address>
         <size>0x4</size>
         <input_file_ref idref="fl-e6"/>
      </object_component>
      <object_component id="oc-216">
         <name>.const:.string:_ctypes_</name>
         <load_address>0x78f8</load_address>
         <run_address>0x78f8</run_address>
         <size>0x101</size>
         <input_file_ref idref="fl-d8"/>
      </object_component>
      <object_component id="oc-137">
         <name>.const:$P$T0$1</name>
         <load_address>0x79fc</load_address>
         <run_address>0x79fc</run_address>
         <size>0x14</size>
         <input_file_ref idref="fl-d"/>
      </object_component>
      <object_component id="oc-91">
         <name>.const:.string:$P$T0$1</name>
         <load_address>0x7a10</load_address>
         <run_address>0x7a10</run_address>
         <size>0x11</size>
         <input_file_ref idref="fl-a"/>
      </object_component>
      <object_component id="oc-3af">
         <name>.cinit..data.load</name>
         <load_address>0x7a28</load_address>
         <run_address>0x7a28</run_address>
         <size>0x14</size>
      </object_component>
      <object_component id="oc-3ad">
         <name>__TI_handler_table</name>
         <load_address>0x7a3c</load_address>
         <run_address>0x7a3c</run_address>
         <size>0xc</size>
      </object_component>
      <object_component id="oc-3b0">
         <name>.cinit..bss.load</name>
         <load_address>0x7a48</load_address>
         <run_address>0x7a48</run_address>
         <size>0x8</size>
      </object_component>
      <object_component id="oc-3ae">
         <name>__TI_cinit_table</name>
         <load_address>0x7a50</load_address>
         <run_address>0x7a50</run_address>
         <size>0x10</size>
      </object_component>
      <object_component id="oc-a5">
         <name>.data</name>
         <load_address>0x200007a8</load_address>
         <run_address>0x200007a8</run_address>
         <size>0x10</size>
         <input_file_ref idref="fl-c"/>
      </object_component>
      <object_component id="oc-333">
         <name>.data</name>
         <load_address>0x200007b8</load_address>
         <run_address>0x200007b8</run_address>
         <size>0x4</size>
         <input_file_ref idref="fl-ed"/>
      </object_component>
      <object_component id="oc-12c">
         <name>.bss</name>
         <uninitialized>true</uninitialized>
         <run_address>0x20000580</run_address>
         <size>0x10</size>
         <input_file_ref idref="fl-d"/>
      </object_component>
      <object_component id="oc-12f">
         <name>.bss:dataArray</name>
         <uninitialized>true</uninitialized>
         <run_address>0x200003c0</run_address>
         <size>0x1c0</size>
         <input_file_ref idref="fl-d"/>
      </object_component>
      <object_component id="oc-a1">
         <name>.common:mutexes</name>
         <uninitialized>true</uninitialized>
         <run_address>0x2000059c</run_address>
         <size>0x8</size>
      </object_component>
      <object_component id="oc-a4">
         <name>.common:semaphores</name>
         <uninitialized>true</uninitialized>
         <run_address>0x20000590</run_address>
         <size>0xc</size>
      </object_component>
      <object_component id="oc-b7">
         <name>.common:tcb</name>
         <uninitialized>true</uninitialized>
         <run_address>0x20000000</run_address>
         <size>0x3c0</size>
      </object_component>
      <object_component id="oc-25">
         <name>.stack</name>
         <uninitialized>true</uninitialized>
         <run_address>0x200005a8</run_address>
         <size>0x4</size>
         <input_file_ref idref="fl-d9"/>
      </object_component>
      <object_component id="oc-3b2">
         <name>.stack</name>
         <uninitialized>true</uninitialized>
         <run_address>0x200005a8</run_address>
         <size>0x0</size>
      </object_component>
      <object_component id="oc-8d">
         <name>.debug_info</name>
         <load_address>0x0</load_address>
         <run_address>0x0</run_address>
         <size>0xfb</size>
         <input_file_ref idref="fl-1"/>
      </object_component>
      <object_component id="oc-88">
         <name>.debug_info</name>
         <load_address>0xfb</load_address>
         <run_address>0xfb</run_address>
         <size>0xfb</size>
         <input_file_ref idref="fl-2"/>
      </object_component>
      <object_component id="oc-be">
         <name>.debug_info</name>
         <load_address>0x1f6</load_address>
         <run_address>0x1f6</run_address>
         <size>0xf6</size>
         <input_file_ref idref="fl-3"/>
      </object_component>
      <object_component id="oc-b9">
         <name>.debug_info</name>
         <load_address>0x2ec</load_address>
         <run_address>0x2ec</run_address>
         <size>0xf8</size>
         <input_file_ref idref="fl-4"/>
      </object_component>
      <object_component id="oc-ae">
         <name>.debug_info</name>
         <load_address>0x3e4</load_address>
         <run_address>0x3e4</run_address>
         <size>0xfc</size>
         <input_file_ref idref="fl-6"/>
      </object_component>
      <object_component id="oc-a9">
         <name>.debug_info</name>
         <load_address>0x4e0</load_address>
         <run_address>0x4e0</run_address>
         <size>0xfb</size>
         <input_file_ref idref="fl-7"/>
      </object_component>
      <object_component id="oc-b3">
         <name>.debug_info</name>
         <load_address>0x5db</load_address>
         <run_address>0x5db</run_address>
         <size>0xfe</size>
         <input_file_ref idref="fl-8"/>
      </object_component>
      <object_component id="oc-16a">
         <name>.debug_info</name>
         <load_address>0x6d9</load_address>
         <run_address>0x6d9</run_address>
         <size>0x280</size>
         <input_file_ref idref="fl-9"/>
      </object_component>
      <object_component id="oc-17c">
         <name>.debug_info</name>
         <load_address>0x959</load_address>
         <run_address>0x959</run_address>
         <size>0x13d</size>
         <input_file_ref idref="fl-9"/>
      </object_component>
      <object_component id="oc-e7">
         <name>.debug_info</name>
         <load_address>0xa96</load_address>
         <run_address>0xa96</run_address>
         <size>0x26b</size>
         <input_file_ref idref="fl-9"/>
      </object_component>
      <object_component id="oc-49">
         <name>.debug_info</name>
         <load_address>0xd01</load_address>
         <run_address>0xd01</run_address>
         <size>0x84</size>
         <input_file_ref idref="fl-9"/>
      </object_component>
      <object_component id="oc-125">
         <name>.debug_info</name>
         <load_address>0xd85</load_address>
         <run_address>0xd85</run_address>
         <size>0x2a4</size>
         <input_file_ref idref="fl-9"/>
      </object_component>
      <object_component id="oc-95">
         <name>.debug_info</name>
         <load_address>0x1029</load_address>
         <run_address>0x1029</run_address>
         <size>0xbb</size>
         <input_file_ref idref="fl-9"/>
      </object_component>
      <object_component id="oc-9a">
         <name>.debug_info</name>
         <load_address>0x10e4</load_address>
         <run_address>0x10e4</run_address>
         <size>0x350</size>
         <input_file_ref idref="fl-a"/>
      </object_component>
      <object_component id="oc-92">
         <name>.debug_info</name>
         <load_address>0x1434</load_address>
         <run_address>0x1434</run_address>
         <size>0xf3</size>
         <input_file_ref idref="fl-a"/>
      </object_component>
      <object_component id="oc-2f">
         <name>.debug_info</name>
         <load_address>0x1527</load_address>
         <run_address>0x1527</run_address>
         <size>0xa5c</size>
         <input_file_ref idref="fl-a"/>
      </object_component>
      <object_component id="oc-d2">
         <name>.debug_info</name>
         <load_address>0x1f83</load_address>
         <run_address>0x1f83</run_address>
         <size>0x2c</size>
         <input_file_ref idref="fl-a"/>
      </object_component>
      <object_component id="oc-166">
         <name>.debug_info</name>
         <load_address>0x1faf</load_address>
         <run_address>0x1faf</run_address>
         <size>0x28a</size>
         <input_file_ref idref="fl-b"/>
      </object_component>
      <object_component id="oc-d8">
         <name>.debug_info</name>
         <load_address>0x2239</load_address>
         <run_address>0x2239</run_address>
         <size>0x110a</size>
         <input_file_ref idref="fl-b"/>
      </object_component>
      <object_component id="oc-161">
         <name>.debug_info</name>
         <load_address>0x3343</load_address>
         <run_address>0x3343</run_address>
         <size>0x88</size>
         <input_file_ref idref="fl-b"/>
      </object_component>
      <object_component id="oc-cd">
         <name>.debug_info</name>
         <load_address>0x33cb</load_address>
         <run_address>0x33cb</run_address>
         <size>0x8b</size>
         <input_file_ref idref="fl-b"/>
      </object_component>
      <object_component id="oc-a2">
         <name>.debug_info</name>
         <load_address>0x3456</load_address>
         <run_address>0x3456</run_address>
         <size>0x60a</size>
         <input_file_ref idref="fl-c"/>
      </object_component>
      <object_component id="oc-a6">
         <name>.debug_info</name>
         <load_address>0x3a60</load_address>
         <run_address>0x3a60</run_address>
         <size>0x1d3</size>
         <input_file_ref idref="fl-c"/>
      </object_component>
      <object_component id="oc-35">
         <name>.debug_info</name>
         <load_address>0x3c33</load_address>
         <run_address>0x3c33</run_address>
         <size>0x1364</size>
         <input_file_ref idref="fl-c"/>
      </object_component>
      <object_component id="oc-143">
         <name>.debug_info</name>
         <load_address>0x4f97</load_address>
         <run_address>0x4f97</run_address>
         <size>0x1d8</size>
         <input_file_ref idref="fl-c"/>
      </object_component>
      <object_component id="oc-148">
         <name>.debug_info</name>
         <load_address>0x516f</load_address>
         <run_address>0x516f</run_address>
         <size>0xda</size>
         <input_file_ref idref="fl-c"/>
      </object_component>
      <object_component id="oc-14d">
         <name>.debug_info</name>
         <load_address>0x5249</load_address>
         <run_address>0x5249</run_address>
         <size>0x207</size>
         <input_file_ref idref="fl-c"/>
      </object_component>
      <object_component id="oc-140">
         <name>.debug_info</name>
         <load_address>0x5450</load_address>
         <run_address>0x5450</run_address>
         <size>0x2df</size>
         <input_file_ref idref="fl-d"/>
      </object_component>
      <object_component id="oc-12d">
         <name>.debug_info</name>
         <load_address>0x572f</load_address>
         <run_address>0x572f</run_address>
         <size>0x113</size>
         <input_file_ref idref="fl-d"/>
      </object_component>
      <object_component id="oc-130">
         <name>.debug_info</name>
         <load_address>0x5842</load_address>
         <run_address>0x5842</run_address>
         <size>0xf3</size>
         <input_file_ref idref="fl-d"/>
      </object_component>
      <object_component id="oc-138">
         <name>.debug_info</name>
         <load_address>0x5935</load_address>
         <run_address>0x5935</run_address>
         <size>0xef</size>
         <input_file_ref idref="fl-d"/>
      </object_component>
      <object_component id="oc-9c">
         <name>.debug_info</name>
         <load_address>0x5a24</load_address>
         <run_address>0x5a24</run_address>
         <size>0x1710</size>
         <input_file_ref idref="fl-d"/>
      </object_component>
      <object_component id="oc-10e">
         <name>.debug_info</name>
         <load_address>0x7134</load_address>
         <run_address>0x7134</run_address>
         <size>0x2eb</size>
         <input_file_ref idref="fl-e"/>
      </object_component>
      <object_component id="oc-1eb">
         <name>.debug_info</name>
         <load_address>0x741f</load_address>
         <run_address>0x741f</run_address>
         <size>0x455</size>
         <input_file_ref idref="fl-f"/>
      </object_component>
      <object_component id="oc-182">
         <name>.debug_info</name>
         <load_address>0x7874</load_address>
         <run_address>0x7874</run_address>
         <size>0x1af5</size>
         <input_file_ref idref="fl-f"/>
      </object_component>
      <object_component id="oc-1f1">
         <name>.debug_info</name>
         <load_address>0x9369</load_address>
         <run_address>0x9369</run_address>
         <size>0x8a</size>
         <input_file_ref idref="fl-f"/>
      </object_component>
      <object_component id="oc-1ec">
         <name>.debug_info</name>
         <load_address>0x93f3</load_address>
         <run_address>0x93f3</run_address>
         <size>0xcc</size>
         <input_file_ref idref="fl-f"/>
      </object_component>
      <object_component id="oc-239">
         <name>.debug_info</name>
         <load_address>0x94bf</load_address>
         <run_address>0x94bf</run_address>
         <size>0x2c</size>
         <input_file_ref idref="fl-f"/>
      </object_component>
      <object_component id="oc-e4">
         <name>.debug_info</name>
         <load_address>0x94eb</load_address>
         <run_address>0x94eb</run_address>
         <size>0x56a</size>
         <input_file_ref idref="fl-10"/>
      </object_component>
      <object_component id="oc-3b">
         <name>.debug_info</name>
         <load_address>0x9a55</load_address>
         <run_address>0x9a55</run_address>
         <size>0xb46</size>
         <input_file_ref idref="fl-10"/>
      </object_component>
      <object_component id="oc-42">
         <name>.debug_info</name>
         <load_address>0xa59b</load_address>
         <run_address>0xa59b</run_address>
         <size>0x3c9</size>
         <input_file_ref idref="fl-11"/>
      </object_component>
      <object_component id="oc-14">
         <name>.debug_info</name>
         <load_address>0xa964</load_address>
         <run_address>0xa964</run_address>
         <size>0x110</size>
         <input_file_ref idref="fl-11"/>
      </object_component>
      <object_component id="oc-29">
         <name>.debug_info</name>
         <load_address>0xaa74</load_address>
         <run_address>0xaa74</run_address>
         <size>0x22b</size>
         <input_file_ref idref="fl-11"/>
      </object_component>
      <object_component id="oc-120">
         <name>.debug_info</name>
         <load_address>0xac9f</load_address>
         <run_address>0xac9f</run_address>
         <size>0x286</size>
         <input_file_ref idref="fl-12"/>
      </object_component>
      <object_component id="oc-82">
         <name>.debug_info</name>
         <load_address>0xaf25</load_address>
         <run_address>0xaf25</run_address>
         <size>0x36e</size>
         <input_file_ref idref="fl-12"/>
      </object_component>
      <object_component id="oc-de">
         <name>.debug_info</name>
         <load_address>0xb293</load_address>
         <run_address>0xb293</run_address>
         <size>0x147</size>
         <input_file_ref idref="fl-13"/>
      </object_component>
      <object_component id="oc-22e">
         <name>.debug_info</name>
         <load_address>0xb3da</load_address>
         <run_address>0xb3da</run_address>
         <size>0x33a</size>
         <input_file_ref idref="fl-cd"/>
      </object_component>
      <object_component id="oc-1df">
         <name>.debug_info</name>
         <load_address>0xb714</load_address>
         <run_address>0xb714</run_address>
         <size>0x1ee</size>
         <input_file_ref idref="fl-cd"/>
      </object_component>
      <object_component id="oc-222">
         <name>.debug_info</name>
         <load_address>0xb902</load_address>
         <run_address>0xb902</run_address>
         <size>0x1c3</size>
         <input_file_ref idref="fl-cd"/>
      </object_component>
      <object_component id="oc-228">
         <name>.debug_info</name>
         <load_address>0xbac5</load_address>
         <run_address>0xbac5</run_address>
         <size>0x176</size>
         <input_file_ref idref="fl-cd"/>
      </object_component>
      <object_component id="oc-22f">
         <name>.debug_info</name>
         <load_address>0xbc3b</load_address>
         <run_address>0xbc3b</run_address>
         <size>0x2c</size>
         <input_file_ref idref="fl-cd"/>
      </object_component>
      <object_component id="oc-234">
         <name>.debug_info</name>
         <load_address>0xbc67</load_address>
         <run_address>0xbc67</run_address>
         <size>0x69</size>
         <input_file_ref idref="fl-cd"/>
      </object_component>
      <object_component id="oc-24b">
         <name>.debug_info</name>
         <load_address>0xbcd0</load_address>
         <run_address>0xbcd0</run_address>
         <size>0x333</size>
         <input_file_ref idref="fl-ce"/>
      </object_component>
      <object_component id="oc-1e5">
         <name>.debug_info</name>
         <load_address>0xc003</load_address>
         <run_address>0xc003</run_address>
         <size>0x1d1</size>
         <input_file_ref idref="fl-ce"/>
      </object_component>
      <object_component id="oc-23f">
         <name>.debug_info</name>
         <load_address>0xc1d4</load_address>
         <run_address>0xc1d4</run_address>
         <size>0x18d</size>
         <input_file_ref idref="fl-ce"/>
      </object_component>
      <object_component id="oc-245">
         <name>.debug_info</name>
         <load_address>0xc361</load_address>
         <run_address>0xc361</run_address>
         <size>0x16d</size>
         <input_file_ref idref="fl-ce"/>
      </object_component>
      <object_component id="oc-133">
         <name>.debug_info</name>
         <load_address>0xc4ce</load_address>
         <run_address>0xc4ce</run_address>
         <size>0x122</size>
         <input_file_ref idref="fl-cf"/>
      </object_component>
      <object_component id="oc-13b">
         <name>.debug_info</name>
         <load_address>0xc5f0</load_address>
         <run_address>0xc5f0</run_address>
         <size>0x122</size>
         <input_file_ref idref="fl-d0"/>
      </object_component>
      <object_component id="oc-c3">
         <name>.debug_info</name>
         <load_address>0xc712</load_address>
         <run_address>0xc712</run_address>
         <size>0x122</size>
         <input_file_ref idref="fl-d1"/>
      </object_component>
      <object_component id="oc-4f">
         <name>.debug_info</name>
         <load_address>0xc834</load_address>
         <run_address>0xc834</run_address>
         <size>0x119</size>
         <input_file_ref idref="fl-d2"/>
      </object_component>
      <object_component id="oc-c8">
         <name>.debug_info</name>
         <load_address>0xc94d</load_address>
         <run_address>0xc94d</run_address>
         <size>0x134</size>
         <input_file_ref idref="fl-d3"/>
      </object_component>
      <object_component id="oc-100">
         <name>.debug_info</name>
         <load_address>0xca81</load_address>
         <run_address>0xca81</run_address>
         <size>0x2d4</size>
         <input_file_ref idref="fl-d4"/>
      </object_component>
      <object_component id="oc-61">
         <name>.debug_info</name>
         <load_address>0xcd55</load_address>
         <run_address>0xcd55</run_address>
         <size>0x1b5</size>
         <input_file_ref idref="fl-d4"/>
      </object_component>
      <object_component id="oc-fb">
         <name>.debug_info</name>
         <load_address>0xcf0a</load_address>
         <run_address>0xcf0a</run_address>
         <size>0x46</size>
         <input_file_ref idref="fl-d4"/>
      </object_component>
      <object_component id="oc-172">
         <name>.debug_info</name>
         <load_address>0xcf50</load_address>
         <run_address>0xcf50</run_address>
         <size>0x2c</size>
         <input_file_ref idref="fl-d4"/>
      </object_component>
      <object_component id="oc-59">
         <name>.debug_info</name>
         <load_address>0xcf7c</load_address>
         <run_address>0xcf7c</run_address>
         <size>0x2a8</size>
         <input_file_ref idref="fl-d5"/>
      </object_component>
      <object_component id="oc-1d">
         <name>.debug_info</name>
         <load_address>0xd224</load_address>
         <run_address>0xd224</run_address>
         <size>0x1ea</size>
         <input_file_ref idref="fl-d5"/>
      </object_component>
      <object_component id="oc-54">
         <name>.debug_info</name>
         <load_address>0xd40e</load_address>
         <run_address>0xd40e</run_address>
         <size>0x46</size>
         <input_file_ref idref="fl-d5"/>
      </object_component>
      <object_component id="oc-f3">
         <name>.debug_info</name>
         <load_address>0xd454</load_address>
         <run_address>0xd454</run_address>
         <size>0x2c</size>
         <input_file_ref idref="fl-d5"/>
      </object_component>
      <object_component id="oc-f1">
         <name>.debug_info</name>
         <load_address>0xd480</load_address>
         <run_address>0xd480</run_address>
         <size>0x29e</size>
         <input_file_ref idref="fl-d6"/>
      </object_component>
      <object_component id="oc-17">
         <name>.debug_info</name>
         <load_address>0xd71e</load_address>
         <run_address>0xd71e</run_address>
         <size>0x250</size>
         <input_file_ref idref="fl-d6"/>
      </object_component>
      <object_component id="oc-44">
         <name>.debug_info</name>
         <load_address>0xd96e</load_address>
         <run_address>0xd96e</run_address>
         <size>0x60</size>
         <input_file_ref idref="fl-d6"/>
      </object_component>
      <object_component id="oc-16b">
         <name>.debug_info</name>
         <load_address>0xd9ce</load_address>
         <run_address>0xd9ce</run_address>
         <size>0x46</size>
         <input_file_ref idref="fl-d6"/>
      </object_component>
      <object_component id="oc-ec">
         <name>.debug_info</name>
         <load_address>0xda14</load_address>
         <run_address>0xda14</run_address>
         <size>0x39</size>
         <input_file_ref idref="fl-d6"/>
      </object_component>
      <object_component id="oc-21a">
         <name>.debug_info</name>
         <load_address>0xda4d</load_address>
         <run_address>0xda4d</run_address>
         <size>0x2b9</size>
         <input_file_ref idref="fl-d7"/>
      </object_component>
      <object_component id="oc-1d9">
         <name>.debug_info</name>
         <load_address>0xdd06</load_address>
         <run_address>0xdd06</run_address>
         <size>0x17c</size>
         <input_file_ref idref="fl-d7"/>
      </object_component>
      <object_component id="oc-271">
         <name>.debug_info</name>
         <load_address>0xde82</load_address>
         <run_address>0xde82</run_address>
         <size>0xf9</size>
         <input_file_ref idref="fl-d8"/>
      </object_component>
      <object_component id="oc-217">
         <name>.debug_info</name>
         <load_address>0xdf7b</load_address>
         <run_address>0xdf7b</run_address>
         <size>0x105</size>
         <input_file_ref idref="fl-d8"/>
      </object_component>
      <object_component id="oc-26">
         <name>.debug_info</name>
         <load_address>0xe080</load_address>
         <run_address>0xe080</run_address>
         <size>0x10b</size>
         <input_file_ref idref="fl-d9"/>
      </object_component>
      <object_component id="oc-6d">
         <name>.debug_info</name>
         <load_address>0xe18b</load_address>
         <run_address>0xe18b</run_address>
         <size>0x1a9</size>
         <input_file_ref idref="fl-d9"/>
      </object_component>
      <object_component id="oc-2b0">
         <name>.debug_info</name>
         <load_address>0xe334</load_address>
         <run_address>0xe334</run_address>
         <size>0x590</size>
         <input_file_ref idref="fl-da"/>
      </object_component>
      <object_component id="oc-27b">
         <name>.debug_info</name>
         <load_address>0xe8c4</load_address>
         <run_address>0xe8c4</run_address>
         <size>0x21e</size>
         <input_file_ref idref="fl-da"/>
      </object_component>
      <object_component id="oc-2fd">
         <name>.debug_info</name>
         <load_address>0xeae2</load_address>
         <run_address>0xeae2</run_address>
         <size>0x1b3</size>
         <input_file_ref idref="fl-da"/>
      </object_component>
      <object_component id="oc-303">
         <name>.debug_info</name>
         <load_address>0xec95</load_address>
         <run_address>0xec95</run_address>
         <size>0x21b</size>
         <input_file_ref idref="fl-da"/>
      </object_component>
      <object_component id="oc-286">
         <name>.debug_info</name>
         <load_address>0xeeb0</load_address>
         <run_address>0xeeb0</run_address>
         <size>0x3c0</size>
         <input_file_ref idref="fl-da"/>
      </object_component>
      <object_component id="oc-30a">
         <name>.debug_info</name>
         <load_address>0xf270</load_address>
         <run_address>0xf270</run_address>
         <size>0x30a</size>
         <input_file_ref idref="fl-da"/>
      </object_component>
      <object_component id="oc-310">
         <name>.debug_info</name>
         <load_address>0xf57a</load_address>
         <run_address>0xf57a</run_address>
         <size>0x215</size>
         <input_file_ref idref="fl-da"/>
      </object_component>
      <object_component id="oc-28c">
         <name>.debug_info</name>
         <load_address>0xf78f</load_address>
         <run_address>0xf78f</run_address>
         <size>0x215</size>
         <input_file_ref idref="fl-da"/>
      </object_component>
      <object_component id="oc-292">
         <name>.debug_info</name>
         <load_address>0xf9a4</load_address>
         <run_address>0xf9a4</run_address>
         <size>0x304</size>
         <input_file_ref idref="fl-da"/>
      </object_component>
      <object_component id="oc-298">
         <name>.debug_info</name>
         <load_address>0xfca8</load_address>
         <run_address>0xfca8</run_address>
         <size>0x4b5</size>
         <input_file_ref idref="fl-da"/>
      </object_component>
      <object_component id="oc-21c">
         <name>.debug_info</name>
         <load_address>0x1015d</load_address>
         <run_address>0x1015d</run_address>
         <size>0x5f4</size>
         <input_file_ref idref="fl-da"/>
      </object_component>
      <object_component id="oc-2b1">
         <name>.debug_info</name>
         <load_address>0x10751</load_address>
         <run_address>0x10751</run_address>
         <size>0x86</size>
         <input_file_ref idref="fl-da"/>
      </object_component>
      <object_component id="oc-33a">
         <name>.debug_info</name>
         <load_address>0x107d7</load_address>
         <run_address>0x107d7</run_address>
         <size>0x39</size>
         <input_file_ref idref="fl-da"/>
      </object_component>
      <object_component id="oc-370">
         <name>.debug_info</name>
         <load_address>0x10810</load_address>
         <run_address>0x10810</run_address>
         <size>0xb6</size>
         <input_file_ref idref="fl-da"/>
      </object_component>
      <object_component id="oc-33f">
         <name>.debug_info</name>
         <load_address>0x108c6</load_address>
         <run_address>0x108c6</run_address>
         <size>0x46</size>
         <input_file_ref idref="fl-da"/>
      </object_component>
      <object_component id="oc-2b6">
         <name>.debug_info</name>
         <load_address>0x1090c</load_address>
         <run_address>0x1090c</run_address>
         <size>0x46</size>
         <input_file_ref idref="fl-da"/>
      </object_component>
      <object_component id="oc-15b">
         <name>.debug_info</name>
         <load_address>0x10952</load_address>
         <run_address>0x10952</run_address>
         <size>0x115</size>
         <input_file_ref idref="fl-db"/>
      </object_component>
      <object_component id="oc-2f8">
         <name>.debug_info</name>
         <load_address>0x10a67</load_address>
         <run_address>0x10a67</run_address>
         <size>0x14c</size>
         <input_file_ref idref="fl-dc"/>
      </object_component>
      <object_component id="oc-281">
         <name>.debug_info</name>
         <load_address>0x10bb3</load_address>
         <run_address>0x10bb3</run_address>
         <size>0x128</size>
         <input_file_ref idref="fl-dd"/>
      </object_component>
      <object_component id="oc-2e3">
         <name>.debug_info</name>
         <load_address>0x10cdb</load_address>
         <run_address>0x10cdb</run_address>
         <size>0x12a</size>
         <input_file_ref idref="fl-dd"/>
      </object_component>
      <object_component id="oc-2de">
         <name>.debug_info</name>
         <load_address>0x10e05</load_address>
         <run_address>0x10e05</run_address>
         <size>0x13a</size>
         <input_file_ref idref="fl-de"/>
      </object_component>
      <object_component id="oc-2d9">
         <name>.debug_info</name>
         <load_address>0x10f3f</load_address>
         <run_address>0x10f3f</run_address>
         <size>0x13a</size>
         <input_file_ref idref="fl-df"/>
      </object_component>
      <object_component id="oc-2e8">
         <name>.debug_info</name>
         <load_address>0x11079</load_address>
         <run_address>0x11079</run_address>
         <size>0x12e</size>
         <input_file_ref idref="fl-e0"/>
      </object_component>
      <object_component id="oc-2f3">
         <name>.debug_info</name>
         <load_address>0x111a7</load_address>
         <run_address>0x111a7</run_address>
         <size>0x12c</size>
         <input_file_ref idref="fl-e1"/>
      </object_component>
      <object_component id="oc-102">
         <name>.debug_info</name>
         <load_address>0x112d3</load_address>
         <run_address>0x112d3</run_address>
         <size>0x147</size>
         <input_file_ref idref="fl-e2"/>
      </object_component>
      <object_component id="oc-201">
         <name>.debug_info</name>
         <load_address>0x1141a</load_address>
         <run_address>0x1141a</run_address>
         <size>0x4b3</size>
         <input_file_ref idref="fl-e3"/>
      </object_component>
      <object_component id="oc-195">
         <name>.debug_info</name>
         <load_address>0x118cd</load_address>
         <run_address>0x118cd</run_address>
         <size>0x1a6</size>
         <input_file_ref idref="fl-e3"/>
      </object_component>
      <object_component id="oc-25e">
         <name>.debug_info</name>
         <load_address>0x11a73</load_address>
         <run_address>0x11a73</run_address>
         <size>0x39</size>
         <input_file_ref idref="fl-e3"/>
      </object_component>
      <object_component id="oc-2c6">
         <name>.debug_info</name>
         <load_address>0x11aac</load_address>
         <run_address>0x11aac</run_address>
         <size>0x39</size>
         <input_file_ref idref="fl-e3"/>
      </object_component>
      <object_component id="oc-263">
         <name>.debug_info</name>
         <load_address>0x11ae5</load_address>
         <run_address>0x11ae5</run_address>
         <size>0x39</size>
         <input_file_ref idref="fl-e3"/>
      </object_component>
      <object_component id="oc-268">
         <name>.debug_info</name>
         <load_address>0x11b1e</load_address>
         <run_address>0x11b1e</run_address>
         <size>0xcd</size>
         <input_file_ref idref="fl-e3"/>
      </object_component>
      <object_component id="oc-108">
         <name>.debug_info</name>
         <load_address>0x11beb</load_address>
         <run_address>0x11beb</run_address>
         <size>0x153</size>
         <input_file_ref idref="fl-e4"/>
      </object_component>
      <object_component id="oc-189">
         <name>.debug_info</name>
         <load_address>0x11d3e</load_address>
         <run_address>0x11d3e</run_address>
         <size>0x122</size>
         <input_file_ref idref="fl-e6"/>
      </object_component>
      <object_component id="oc-34b">
         <name>.debug_info</name>
         <load_address>0x11e60</load_address>
         <run_address>0x11e60</run_address>
         <size>0x29c</size>
         <input_file_ref idref="fl-e8"/>
      </object_component>
      <object_component id="oc-2ed">
         <name>.debug_info</name>
         <load_address>0x120fc</load_address>
         <run_address>0x120fc</run_address>
         <size>0x1da</size>
         <input_file_ref idref="fl-e8"/>
      </object_component>
      <object_component id="oc-32b">
         <name>.debug_info</name>
         <load_address>0x122d6</load_address>
         <run_address>0x122d6</run_address>
         <size>0x2a7</size>
         <input_file_ref idref="fl-ea"/>
      </object_component>
      <object_component id="oc-29e">
         <name>.debug_info</name>
         <load_address>0x1257d</load_address>
         <run_address>0x1257d</run_address>
         <size>0x1b8</size>
         <input_file_ref idref="fl-ea"/>
      </object_component>
      <object_component id="oc-362">
         <name>.debug_info</name>
         <load_address>0x12735</load_address>
         <run_address>0x12735</run_address>
         <size>0x29a</size>
         <input_file_ref idref="fl-eb"/>
      </object_component>
      <object_component id="oc-324">
         <name>.debug_info</name>
         <load_address>0x129cf</load_address>
         <run_address>0x129cf</run_address>
         <size>0x262</size>
         <input_file_ref idref="fl-eb"/>
      </object_component>
      <object_component id="oc-2d5">
         <name>.debug_info</name>
         <load_address>0x12c31</load_address>
         <run_address>0x12c31</run_address>
         <size>0x28f</size>
         <input_file_ref idref="fl-ec"/>
      </object_component>
      <object_component id="oc-275">
         <name>.debug_info</name>
         <load_address>0x12ec0</load_address>
         <run_address>0x12ec0</run_address>
         <size>0x245</size>
         <input_file_ref idref="fl-ec"/>
      </object_component>
      <object_component id="oc-337">
         <name>.debug_info</name>
         <load_address>0x13105</load_address>
         <run_address>0x13105</run_address>
         <size>0x289</size>
         <input_file_ref idref="fl-ed"/>
      </object_component>
      <object_component id="oc-334">
         <name>.debug_info</name>
         <load_address>0x1338e</load_address>
         <run_address>0x1338e</run_address>
         <size>0x10e</size>
         <input_file_ref idref="fl-ed"/>
      </object_component>
      <object_component id="oc-2aa">
         <name>.debug_info</name>
         <load_address>0x1349c</load_address>
         <run_address>0x1349c</run_address>
         <size>0x14e</size>
         <input_file_ref idref="fl-ed"/>
      </object_component>
      <object_component id="oc-332">
         <name>.debug_info</name>
         <load_address>0x135ea</load_address>
         <run_address>0x135ea</run_address>
         <size>0x28f</size>
         <input_file_ref idref="fl-ee"/>
      </object_component>
      <object_component id="oc-2a4">
         <name>.debug_info</name>
         <load_address>0x13879</load_address>
         <run_address>0x13879</run_address>
         <size>0x15a</size>
         <input_file_ref idref="fl-ee"/>
      </object_component>
      <object_component id="oc-365">
         <name>.debug_info</name>
         <load_address>0x139d3</load_address>
         <run_address>0x139d3</run_address>
         <size>0x46</size>
         <input_file_ref idref="fl-ee"/>
      </object_component>
      <object_component id="oc-32d">
         <name>.debug_info</name>
         <load_address>0x13a19</load_address>
         <run_address>0x13a19</run_address>
         <size>0x39</size>
         <input_file_ref idref="fl-ee"/>
      </object_component>
      <object_component id="oc-353">
         <name>.debug_info</name>
         <load_address>0x13a52</load_address>
         <run_address>0x13a52</run_address>
         <size>0x295</size>
         <input_file_ref idref="fl-ef"/>
      </object_component>
      <object_component id="oc-318">
         <name>.debug_info</name>
         <load_address>0x13ce7</load_address>
         <run_address>0x13ce7</run_address>
         <size>0x195</size>
         <input_file_ref idref="fl-ef"/>
      </object_component>
      <object_component id="oc-379">
         <name>.debug_info</name>
         <load_address>0x13e7c</load_address>
         <run_address>0x13e7c</run_address>
         <size>0x39</size>
         <input_file_ref idref="fl-ef"/>
      </object_component>
      <object_component id="oc-354">
         <name>.debug_info</name>
         <load_address>0x13eb5</load_address>
         <run_address>0x13eb5</run_address>
         <size>0x2c</size>
         <input_file_ref idref="fl-ef"/>
      </object_component>
      <object_component id="oc-360">
         <name>.debug_info</name>
         <load_address>0x13ee1</load_address>
         <run_address>0x13ee1</run_address>
         <size>0x2f8</size>
         <input_file_ref idref="fl-f0"/>
      </object_component>
      <object_component id="oc-31f">
         <name>.debug_info</name>
         <load_address>0x141d9</load_address>
         <run_address>0x141d9</run_address>
         <size>0x225</size>
         <input_file_ref idref="fl-f0"/>
      </object_component>
      <object_component id="oc-35b">
         <name>.debug_info</name>
         <load_address>0x143fe</load_address>
         <run_address>0x143fe</run_address>
         <size>0x161</size>
         <input_file_ref idref="fl-f1"/>
      </object_component>
      <object_component id="oc-3b3">
         <name>.debug_info</name>
         <load_address>0x1455f</load_address>
         <run_address>0x1455f</run_address>
         <size>0xc3</size>
      </object_component>
      <object_component id="oc-90">
         <name>.debug_line</name>
         <load_address>0x0</load_address>
         <run_address>0x0</run_address>
         <size>0x3b</size>
         <input_file_ref idref="fl-1"/>
      </object_component>
      <object_component id="oc-8b">
         <name>.debug_line</name>
         <load_address>0x3b</load_address>
         <run_address>0x3b</run_address>
         <size>0x3b</size>
         <input_file_ref idref="fl-2"/>
      </object_component>
      <object_component id="oc-c1">
         <name>.debug_line</name>
         <load_address>0x76</load_address>
         <run_address>0x76</run_address>
         <size>0x42</size>
         <input_file_ref idref="fl-3"/>
      </object_component>
      <object_component id="oc-bc">
         <name>.debug_line</name>
         <load_address>0xb8</load_address>
         <run_address>0xb8</run_address>
         <size>0x46</size>
         <input_file_ref idref="fl-4"/>
      </object_component>
      <object_component id="oc-b1">
         <name>.debug_line</name>
         <load_address>0xfe</load_address>
         <run_address>0xfe</run_address>
         <size>0x3e</size>
         <input_file_ref idref="fl-6"/>
      </object_component>
      <object_component id="oc-ac">
         <name>.debug_line</name>
         <load_address>0x13c</load_address>
         <run_address>0x13c</run_address>
         <size>0x3c</size>
         <input_file_ref idref="fl-7"/>
      </object_component>
      <object_component id="oc-b6">
         <name>.debug_line</name>
         <load_address>0x178</load_address>
         <run_address>0x178</run_address>
         <size>0x3f</size>
         <input_file_ref idref="fl-8"/>
      </object_component>
      <object_component id="oc-1d6">
         <name>.debug_line</name>
         <load_address>0x1b7</load_address>
         <run_address>0x1b7</run_address>
         <size>0x20</size>
         <input_file_ref idref="fl-9"/>
      </object_component>
      <object_component id="oc-17f">
         <name>.debug_line</name>
         <load_address>0x1d7</load_address>
         <run_address>0x1d7</run_address>
         <size>0x43</size>
         <input_file_ref idref="fl-9"/>
      </object_component>
      <object_component id="oc-ea">
         <name>.debug_line</name>
         <load_address>0x21a</load_address>
         <run_address>0x21a</run_address>
         <size>0x81</size>
         <input_file_ref idref="fl-9"/>
      </object_component>
      <object_component id="oc-4c">
         <name>.debug_line</name>
         <load_address>0x29b</load_address>
         <run_address>0x29b</run_address>
         <size>0x20</size>
         <input_file_ref idref="fl-9"/>
      </object_component>
      <object_component id="oc-128">
         <name>.debug_line</name>
         <load_address>0x2bb</load_address>
         <run_address>0x2bb</run_address>
         <size>0x85</size>
         <input_file_ref idref="fl-9"/>
      </object_component>
      <object_component id="oc-98">
         <name>.debug_line</name>
         <load_address>0x340</load_address>
         <run_address>0x340</run_address>
         <size>0x82</size>
         <input_file_ref idref="fl-9"/>
      </object_component>
      <object_component id="oc-12b">
         <name>.debug_line</name>
         <load_address>0x3c2</load_address>
         <run_address>0x3c2</run_address>
         <size>0x63</size>
         <input_file_ref idref="fl-a"/>
      </object_component>
      <object_component id="oc-124">
         <name>.debug_line</name>
         <load_address>0x425</load_address>
         <run_address>0x425</run_address>
         <size>0x2f</size>
         <input_file_ref idref="fl-a"/>
      </object_component>
      <object_component id="oc-32">
         <name>.debug_line</name>
         <load_address>0x454</load_address>
         <run_address>0x454</run_address>
         <size>0x17f</size>
         <input_file_ref idref="fl-a"/>
      </object_component>
      <object_component id="oc-d5">
         <name>.debug_line</name>
         <load_address>0x5d3</load_address>
         <run_address>0x5d3</run_address>
         <size>0x2f</size>
         <input_file_ref idref="fl-a"/>
      </object_component>
      <object_component id="oc-1d4">
         <name>.debug_line</name>
         <load_address>0x602</load_address>
         <run_address>0x602</run_address>
         <size>0x20</size>
         <input_file_ref idref="fl-b"/>
      </object_component>
      <object_component id="oc-db">
         <name>.debug_line</name>
         <load_address>0x622</load_address>
         <run_address>0x622</run_address>
         <size>0x3d4</size>
         <input_file_ref idref="fl-b"/>
      </object_component>
      <object_component id="oc-164">
         <name>.debug_line</name>
         <load_address>0x9f6</load_address>
         <run_address>0x9f6</run_address>
         <size>0x2d</size>
         <input_file_ref idref="fl-b"/>
      </object_component>
      <object_component id="oc-d0">
         <name>.debug_line</name>
         <load_address>0xa23</load_address>
         <run_address>0xa23</run_address>
         <size>0x20</size>
         <input_file_ref idref="fl-b"/>
      </object_component>
      <object_component id="oc-142">
         <name>.debug_line</name>
         <load_address>0xa43</load_address>
         <run_address>0xa43</run_address>
         <size>0x51</size>
         <input_file_ref idref="fl-c"/>
      </object_component>
      <object_component id="oc-153">
         <name>.debug_line</name>
         <load_address>0xa94</load_address>
         <run_address>0xa94</run_address>
         <size>0x2f</size>
         <input_file_ref idref="fl-c"/>
      </object_component>
      <object_component id="oc-38">
         <name>.debug_line</name>
         <load_address>0xac3</load_address>
         <run_address>0xac3</run_address>
         <size>0x75e</size>
         <input_file_ref idref="fl-c"/>
      </object_component>
      <object_component id="oc-146">
         <name>.debug_line</name>
         <load_address>0x1221</load_address>
         <run_address>0x1221</run_address>
         <size>0x2e</size>
         <input_file_ref idref="fl-c"/>
      </object_component>
      <object_component id="oc-14b">
         <name>.debug_line</name>
         <load_address>0x124f</load_address>
         <run_address>0x124f</run_address>
         <size>0x2b</size>
         <input_file_ref idref="fl-c"/>
      </object_component>
      <object_component id="oc-150">
         <name>.debug_line</name>
         <load_address>0x127a</load_address>
         <run_address>0x127a</run_address>
         <size>0x2f</size>
         <input_file_ref idref="fl-c"/>
      </object_component>
      <object_component id="oc-1d1">
         <name>.debug_line</name>
         <load_address>0x12a9</load_address>
         <run_address>0x12a9</run_address>
         <size>0x2f</size>
         <input_file_ref idref="fl-d"/>
      </object_component>
      <object_component id="oc-1c9">
         <name>.debug_line</name>
         <load_address>0x12d8</load_address>
         <run_address>0x12d8</run_address>
         <size>0x2b</size>
         <input_file_ref idref="fl-d"/>
      </object_component>
      <object_component id="oc-1cb">
         <name>.debug_line</name>
         <load_address>0x1303</load_address>
         <run_address>0x1303</run_address>
         <size>0x2b</size>
         <input_file_ref idref="fl-d"/>
      </object_component>
      <object_component id="oc-1ce">
         <name>.debug_line</name>
         <load_address>0x132e</load_address>
         <run_address>0x132e</run_address>
         <size>0x2b</size>
         <input_file_ref idref="fl-d"/>
      </object_component>
      <object_component id="oc-9f">
         <name>.debug_line</name>
         <load_address>0x1359</load_address>
         <run_address>0x1359</run_address>
         <size>0x834</size>
         <input_file_ref idref="fl-d"/>
      </object_component>
      <object_component id="oc-111">
         <name>.debug_line</name>
         <load_address>0x1b8d</load_address>
         <run_address>0x1b8d</run_address>
         <size>0x6c</size>
         <input_file_ref idref="fl-e"/>
      </object_component>
      <object_component id="oc-24d">
         <name>.debug_line</name>
         <load_address>0x1bf9</load_address>
         <run_address>0x1bf9</run_address>
         <size>0x98</size>
         <input_file_ref idref="fl-f"/>
      </object_component>
      <object_component id="oc-185">
         <name>.debug_line</name>
         <load_address>0x1c91</load_address>
         <run_address>0x1c91</run_address>
         <size>0x6a7</size>
         <input_file_ref idref="fl-f"/>
      </object_component>
      <object_component id="oc-1f4">
         <name>.debug_line</name>
         <load_address>0x2338</load_address>
         <run_address>0x2338</run_address>
         <size>0x2e</size>
         <input_file_ref idref="fl-f"/>
      </object_component>
      <object_component id="oc-1ef">
         <name>.debug_line</name>
         <load_address>0x2366</load_address>
         <run_address>0x2366</run_address>
         <size>0x7c</size>
         <input_file_ref idref="fl-f"/>
      </object_component>
      <object_component id="oc-23c">
         <name>.debug_line</name>
         <load_address>0x23e2</load_address>
         <run_address>0x23e2</run_address>
         <size>0x7d</size>
         <input_file_ref idref="fl-f"/>
      </object_component>
      <object_component id="oc-169">
         <name>.debug_line</name>
         <load_address>0x245f</load_address>
         <run_address>0x245f</run_address>
         <size>0x49</size>
         <input_file_ref idref="fl-10"/>
      </object_component>
      <object_component id="oc-3e">
         <name>.debug_line</name>
         <load_address>0x24a8</load_address>
         <run_address>0x24a8</run_address>
         <size>0x2c2</size>
         <input_file_ref idref="fl-10"/>
      </object_component>
      <object_component id="oc-e6">
         <name>.debug_line</name>
         <load_address>0x276a</load_address>
         <run_address>0x276a</run_address>
         <size>0x50</size>
         <input_file_ref idref="fl-11"/>
      </object_component>
      <object_component id="oc-41">
         <name>.debug_line</name>
         <load_address>0x27ba</load_address>
         <run_address>0x27ba</run_address>
         <size>0x41</size>
         <input_file_ref idref="fl-11"/>
      </object_component>
      <object_component id="oc-2c">
         <name>.debug_line</name>
         <load_address>0x27fb</load_address>
         <run_address>0x27fb</run_address>
         <size>0x89</size>
         <input_file_ref idref="fl-11"/>
      </object_component>
      <object_component id="oc-1c7">
         <name>.debug_line</name>
         <load_address>0x2884</load_address>
         <run_address>0x2884</run_address>
         <size>0x20</size>
         <input_file_ref idref="fl-12"/>
      </object_component>
      <object_component id="oc-85">
         <name>.debug_line</name>
         <load_address>0x28a4</load_address>
         <run_address>0x28a4</run_address>
[...]
         <object_component_ref idref="oc-34"/>
      </symbol>
      <symbol id="sm-33f">
         <name>lock</name>
         <value>0xda1</value>
         <object_component_ref idref="oc-34"/>
      </symbol>
      <symbol id="sm-340">
         <name>sleep</name>
         <value>0xd91</value>
         <object_component_ref idref="oc-34"/>
      </symbol>
      <symbol id="sm-47e">
         <name>numof512need</name>
         <value>0x2b9d</value>
         <object_component_ref idref="oc-9b"/>
      </symbol>
      <symbol id="sm-47f">
         <name>setupSramAccess</name>
         <value>0x3131</value>
         <object_component_ref idref="oc-9b"/>
      </symbol>
      <symbol id="sm-480">
         <name>createNoSramAccessMask</name>
         <value>0x31b5</value>
         <object_component_ref idref="oc-9b"/>
      </symbol>
      <symbol id="sm-481">
         <name>findCBits</name>
         <value>0x1e51</value>
         <object_component_ref idref="oc-9b"/>
      </symbol>
      <symbol id="sm-482">
         <name>find_open_bit</name>
         <value>0x2785</value>
         <object_component_ref idref="oc-9b"/>
      </symbol>
      <symbol id="sm-483">
         <name>meminfoCall</name>
         <value>0x1cb1</value>
         <object_component_ref idref="oc-9b"/>
      </symbol>
      <symbol id="sm-484">
         <name>roundUpToMultipleOf1024</name>
         <value>0x2b4f</value>
         <object_component_ref idref="oc-9b"/>
      </symbol>
      <symbol id="sm-485">
         <name>allowFlashAccess</name>
         <value>0x30f5</value>
         <object_component_ref idref="oc-9b"/>
      </symbol>
      <symbol id="sm-486">
         <name>addSramAccessWindow</name>
         <value>0x336d</value>
         <object_component_ref idref="oc-9b"/>
      </symbol>
      <symbol id="sm-487">
         <name>roundUpToMultipleOf512</name>
         <value>0x2b21</value>
         <object_component_ref idref="oc-9b"/>
      </symbol>
      <symbol id="sm-488">
         <name>sizeof1536allo</name>
         <value>0x23b3</value>
         <object_component_ref idref="oc-9b"/>
      </symbol>
      <symbol id="sm-489">
         <name>freebits</name>
         <value>0x3007</value>
         <object_component_ref idref="oc-9b"/>
      </symbol>
      <symbol id="sm-48a">
         <name>removeElement</name>
         <value>0x2f4f</value>
         <object_component_ref idref="oc-9b"/>
      </symbol>
      <symbol id="sm-48b">
         <name>numof1024Need</name>
         <value>0x2b7d</value>
         <object_component_ref idref="oc-9b"/>
      </symbol>
      <symbol id="sm-48c">
         <name>allowPeripheralAccess</name>
         <value>0x310d</value>
         <object_component_ref idref="oc-9b"/>
      </symbol>
      <symbol id="sm-48d">
         <name>freeToHeap</name>
         <value>0x3041</value>
         <object_component_ref idref="oc-9b"/>
      </symbol>
      <symbol id="sm-48e">
         <name>MakeEntry</name>
         <value>0x1d8f</value>
         <object_component_ref idref="oc-9b"/>
      </symbol>
      <symbol id="sm-48f">
         <name>Adresret</name>
         <value>0x1cc5</value>
         <object_component_ref idref="oc-9b"/>
      </symbol>
      <symbol id="sm-490">
         <name>mallocFromHeap</name>
         <value>0x2bc5</value>
         <object_component_ref idref="oc-9b"/>
      </symbol>
      <symbol id="sm-491">
         <name>applySramAccessMask</name>
         <value>0x3405</value>
         <object_component_ref idref="oc-9b"/>
      </symbol>
      <symbol id="sm-492">
         <name>S_open_bit</name>
         <value>0x2505</value>
         <object_component_ref idref="oc-9b"/>
      </symbol>
      <symbol id="sm-493">
         <name>SubAdd</name>
         <value>0x31e1</value>
         <object_component_ref idref="oc-9b"/>
      </symbol>
      <symbol id="sm-494">
         <name>MPUON</name>
         <value>0x30e9</value>
         <object_component_ref idref="oc-9b"/>
      </symbol>
      <symbol id="sm-4c1">
         <name>main</name>
         <value>0x6289</value>
         <object_component_ref idref="oc-10d"/>
      </symbol>
      <symbol id="sm-5d1">
         <name>MEMEINFO</name>
         <value>0x38eb</value>
         <object_component_ref idref="oc-181"/>
      </symbol>
      <symbol id="sm-5d2">
         <name>SCHED</name>
         <value>0x391b</value>
         <object_component_ref idref="oc-181"/>
      </symbol>
      <symbol id="sm-5d3">
         <name>runTask</name>
         <value>0x390f</value>
         <object_component_ref idref="oc-181"/>
      </symbol>
      <symbol id="sm-5d4">
         <name>Stringcmp</name>
         <value>0x3873</value>
         <object_component_ref idref="oc-181"/>
      </symbol>
      <symbol id="sm-5d5">
         <name>isCommand</name>
         <value>0x37f5</value>
         <object_component_ref idref="oc-181"/>
      </symbol>
      <symbol id="sm-5d6">
         <name>getFieldString</name>
         <value>0x3631</value>
         <object_component_ref idref="oc-181"/>
      </symbol>
      <symbol id="sm-5d7">
         <name>STRhexToint</name>
         <value>0x375f</value>
         <object_component_ref idref="oc-181"/>
      </symbol>
      <symbol id="sm-5d8">
         <name>pidof</name>
         <value>0x38f7</value>
         <object_component_ref idref="oc-181"/>
      </symbol>
      <symbol id="sm-5d9">
         <name>ipcs</name>
         <value>0x3903</value>
         <object_component_ref idref="oc-181"/>
      </symbol>
      <symbol id="sm-5da">
         <name>isHex</name>
         <value>0x36df</value>
         <object_component_ref idref="oc-181"/>
      </symbol>
      <symbol id="sm-5db">
         <name>parseFields</name>
         <value>0x3505</value>
         <object_component_ref idref="oc-181"/>
      </symbol>
      <symbol id="sm-5dc">
         <name>getFieldInteger</name>
         <value>0x368d</value>
         <object_component_ref idref="oc-181"/>
      </symbol>
      <symbol id="sm-5dd">
         <name>ps</name>
         <value>0x38a9</value>
         <object_component_ref idref="oc-181"/>
      </symbol>
      <symbol id="sm-5de">
         <name>pi</name>
         <value>0x38cd</value>
         <object_component_ref idref="oc-181"/>
      </symbol>
      <symbol id="sm-5df">
         <name>LenOfStr</name>
         <value>0x360d</value>
         <object_component_ref idref="oc-181"/>
      </symbol>
      <symbol id="sm-5e0">
         <name>shell</name>
         <value>0x396d</value>
         <object_component_ref idref="oc-181"/>
      </symbol>
      <symbol id="sm-5e1">
         <name>kill</name>
         <value>0x38b5</value>
         <object_component_ref idref="oc-181"/>
      </symbol>
      <symbol id="sm-5e2">
         <name>pkill</name>
         <value>0x38c1</value>
         <object_component_ref idref="oc-181"/>
      </symbol>
      <symbol id="sm-5e3">
         <name>PREON</name>
         <value>0x3929</value>
         <object_component_ref idref="oc-181"/>
      </symbol>
      <symbol id="sm-5e4">
         <name>procLiv</name>
         <value>0x3937</value>
         <object_component_ref idref="oc-181"/>
      </symbol>
      <symbol id="sm-5e5">
         <name>getsUart0</name>
         <value>0x3481</value>
         <object_component_ref idref="oc-181"/>
      </symbol>
      <symbol id="sm-643">
         <name>initHw</name>
         <value>0x576f</value>
         <object_component_ref idref="oc-3a"/>
      </symbol>
      <symbol id="sm-644">
         <name>flash4Hz</name>
         <value>0x592d</value>
         <object_component_ref idref="oc-3a"/>
      </symbol>
      <symbol id="sm-645">
         <name>idle</name>
         <value>0x5909</value>
         <object_component_ref idref="oc-3a"/>
      </symbol>
      <symbol id="sm-646">
         <name>readKeys</name>
         <value>0x5a51</value>
         <object_component_ref idref="oc-3a"/>
      </symbol>
      <symbol id="sm-647">
         <name>Malloc2</name>
         <value>0x5981</value>
         <object_component_ref idref="oc-3a"/>
      </symbol>
      <symbol id="sm-648">
         <name>debounce</name>
         <value>0x5b09</value>
         <object_component_ref idref="oc-3a"/>
      </symbol>
      <symbol id="sm-649">
         <name>partOfLengthyFn</name>
         <value>0x598d</value>
         <object_component_ref idref="oc-3a"/>
      </symbol>
      <symbol id="sm-64a">
         <name>Timer0ISR</name>
         <value>0x584d</value>
         <object_component_ref idref="oc-3a"/>
      </symbol>
      <symbol id="sm-64b">
         <name>oneshot</name>
         <value>0x595b</value>
         <object_component_ref idref="oc-3a"/>
      </symbol>
      <symbol id="sm-64c">
         <name>readPbs</name>
         <value>0x587d</value>
         <object_component_ref idref="oc-3a"/>
      </symbol>
      <symbol id="sm-64d">
         <name>INTPeriodTime</name>
         <value>0x5729</value>
         <object_component_ref idref="oc-3a"/>
      </symbol>
      <symbol id="sm-64e">
         <name>errant</name>
         <value>0x5b5b</value>
         <object_component_ref idref="oc-3a"/>
      </symbol>
      <symbol id="sm-64f">
         <name>uncooperative</name>
         <value>0x5b4b</value>
         <object_component_ref idref="oc-3a"/>
      </symbol>
      <symbol id="sm-650">
         <name>important</name>
         <value>0x5b7d</value>
         <object_component_ref idref="oc-3a"/>
      </symbol>
      <symbol id="sm-651">
         <name>lengthyFn</name>
         <value>0x599d</value>
         <object_component_ref idref="oc-3a"/>
      </symbol>
      <symbol id="sm-66a">
         <name>ResetISR</name>
         <value>0x78d3</value>
         <object_component_ref idref="oc-28"/>
      </symbol>
      <symbol id="sm-66b">
         <name>g_pfnVectors</name>
         <value>0x0</value>
         <object_component_ref idref="oc-13"/>
      </symbol>
      <symbol id="sm-692">
         <name>getcUart0</name>
         <value>0x6919</value>
         <object_component_ref idref="oc-81"/>
      </symbol>
      <symbol id="sm-693">
         <name>kbhitUart0</name>
         <value>0x692d</value>
         <object_component_ref idref="oc-81"/>
      </symbol>
      <symbol id="sm-694">
         <name>setUart0BaudRate</name>
         <value>0x688d</value>
         <object_component_ref idref="oc-81"/>
      </symbol>
      <symbol id="sm-695">
         <name>putsUart0</name>
         <value>0x68ed</value>
         <object_component_ref idref="oc-81"/>
      </symbol>
      <symbol id="sm-696">
         <name>initUart0</name>
         <value>0x6819</value>
         <object_component_ref idref="oc-81"/>
      </symbol>
      <symbol id="sm-697">
         <name>putcUart0</name>
         <value>0x68d1</value>
         <object_component_ref idref="oc-81"/>
      </symbol>
      <symbol id="sm-6a5">
         <name>waitMicrosecond</name>
         <value>0x7755</value>
         <object_component_ref idref="oc-dd"/>
      </symbol>
      <symbol id="sm-6d4">
         <name>snprintf</name>
         <value>0x750d</value>
         <object_component_ref idref="oc-1de"/>
      </symbol>
      <symbol id="sm-6f6">
         <name>sprintf</name>
         <value>0x75e5</value>
         <object_component_ref idref="oc-1e4"/>
      </symbol>
      <symbol id="sm-6ff">
         <name>__aeabi_llsl</name>
         <value>0x7779</value>
         <object_component_ref idref="oc-132"/>
      </symbol>
      <symbol id="sm-708">
         <name>__aeabi_llsr</name>
         <value>0x7797</value>
         <object_component_ref idref="oc-13a"/>
      </symbol>
      <symbol id="sm-711">
         <name>__aeabi_lmul</name>
         <value>0x781b</value>
         <object_component_ref idref="oc-c2"/>
      </symbol>
      <symbol id="sm-72c">
         <name>memcpy</name>
         <value>0x6fd3</value>
         <object_component_ref idref="oc-4e"/>
      </symbol>
      <symbol id="sm-72d">
         <name>__aeabi_memcpy</name>
         <value>0x6fd3</value>
         <object_component_ref idref="oc-4e"/>
      </symbol>
      <symbol id="sm-72e">
         <name>__aeabi_memcpy8</name>
         <value>0x6fd3</value>
         <object_component_ref idref="oc-4e"/>
      </symbol>
      <symbol id="sm-72f">
         <name>__aeabi_memcpy4</name>
         <value>0x6fd3</value>
         <object_component_ref idref="oc-4e"/>
      </symbol>
      <symbol id="sm-73c">
         <name>__aeabi_uldivmod</name>
         <value>0x706f</value>
         <object_component_ref idref="oc-c7"/>
      </symbol>
      <symbol id="sm-753">
         <name>__TI_zero_init</name>
         <value>0x78b3</value>
         <object_component_ref idref="oc-60"/>
      </symbol>
      <symbol id="sm-76a">
         <name>__TI_decompress_none</name>
         <value>0x78a5</value>
         <object_component_ref idref="oc-1c"/>
      </symbol>
      <symbol id="sm-78d">
         <name>__TI_decompress_lzss</name>
         <value>0x72f9</value>
         <object_component_ref idref="oc-16"/>
      </symbol>
      <symbol id="sm-7a3">
         <name>atoi</name>
         <value>0x74c1</value>
         <object_component_ref idref="oc-1d8"/>
      </symbol>
      <symbol id="sm-7ae">
         <name>_ctypes_</name>
         <value>0x78f8</value>
         <object_component_ref idref="oc-216"/>
      </symbol>
      <symbol id="sm-7c1">
         <name>__stack</name>
         <value>0x200005a8</value>
         <object_component_ref idref="oc-25"/>
      </symbol>
      <symbol id="sm-7c2">
         <name>_c_int00_noargs</name>
         <value>0x7665</value>
         <object_component_ref idref="oc-6c"/>
      </symbol>
      <symbol id="sm-927">
         <name>__TI_printfi</name>
         <value>0x44d1</value>
         <object_component_ref idref="oc-21b"/>
      </symbol>
      <symbol id="sm-931">
         <name>__aeabi_idiv0</name>
         <value>0x4f1f</value>
         <object_component_ref idref="oc-15a"/>
      </symbol>
      <symbol id="sm-932">
         <name>__aeabi_ldiv0</name>
         <value>0x4f1f</value>
         <object_component_ref idref="oc-15a"/>
      </symbol>
      <symbol id="sm-949">
         <name>__aeabi_dsub</name>
         <value>0x6661</value>
         <object_component_ref idref="oc-2f7"/>
      </symbol>
      <symbol id="sm-94a">
         <name>__aeabi_dadd</name>
         <value>0x666b</value>
         <object_component_ref idref="oc-2f7"/>
      </symbol>
      <symbol id="sm-96c">
         <name>__aeabi_cdcmpeq</name>
         <value>0x7105</value>
         <object_component_ref idref="oc-280"/>
      </symbol>
      <symbol id="sm-96d">
         <name>__aeabi_cdcmple</name>
         <value>0x7105</value>
         <object_component_ref idref="oc-280"/>
      </symbol>
      <symbol id="sm-96e">
         <name>__aeabi_cdrcmple</name>
         <value>0x718b</value>
         <object_component_ref idref="oc-2e2"/>
      </symbol>
      <symbol id="sm-982">
         <name>__aeabi_ddiv</name>
         <value>0x6ab9</value>
         <object_component_ref idref="oc-2dd"/>
      </symbol>
      <symbol id="sm-98d">
         <name>__aeabi_dmul</name>
         <value>0x6e25</value>
         <object_component_ref idref="oc-2d8"/>
      </symbol>
      <symbol id="sm-997">
         <name>__aeabi_d2iz</name>
         <value>0x7559</value>
         <object_component_ref idref="oc-2e7"/>
      </symbol>
      <symbol id="sm-9a1">
         <name>__aeabi_i2d</name>
         <value>0x7727</value>
         <object_component_ref idref="oc-2f2"/>
      </symbol>
      <symbol id="sm-9b0">
         <name>__aeabi_memset</name>
         <value>0x7213</value>
         <object_component_ref idref="oc-101"/>
      </symbol>
      <symbol id="sm-9b1">
         <name>memset</name>
         <value>0x7219</value>
         <object_component_ref idref="oc-101"/>
      </symbol>
      <symbol id="sm-9b2">
         <name>__aeabi_memset8</name>
         <value>0x7213</value>
         <object_component_ref idref="oc-101"/>
      </symbol>
      <symbol id="sm-9b3">
         <name>__aeabi_memset4</name>
         <value>0x7213</value>
         <object_component_ref idref="oc-101"/>
      </symbol>
      <symbol id="sm-9b4">
         <name>__aeabi_memclr8</name>
         <value>0x7211</value>
         <object_component_ref idref="oc-101"/>
      </symbol>
      <symbol id="sm-9b5">
         <name>__aeabi_memclr4</name>
         <value>0x7211</value>
         <object_component_ref idref="oc-101"/>
      </symbol>
      <symbol id="sm-9b6">
         <name>__aeabi_memclr</name>
         <value>0x7211</value>
         <object_component_ref idref="oc-101"/>
      </symbol>
      <symbol id="sm-9de">
         <name>__TI_auto_init_nobinit_nopinit</name>
         <value>0x75a1</value>
         <object_component_ref idref="oc-194"/>
      </symbol>
      <symbol id="sm-9e8">
         <name>_system_pre_init</name>
         <value>0x78f1</value>
         <object_component_ref idref="oc-107"/>
      </symbol>
      <symbol id="sm-9f4">
         <name>C$$EXIT</name>
         <value>0x78f5</value>
         <object_component_ref idref="oc-188"/>
      </symbol>
      <symbol id="sm-9f5">
         <name>abort</name>
         <value>0x78f5</value>
         <object_component_ref idref="oc-188"/>
      </symbol>
      <symbol id="sm-a05">
         <name>__TI_ltoa</name>
         <value>0x741b</value>
         <object_component_ref idref="oc-2ec"/>
      </symbol>
      <symbol id="sm-a16">
         <name>memccpy</name>
         <value>0x77b5</value>
         <object_component_ref idref="oc-29d"/>
      </symbol>
      <symbol id="sm-a26">
         <name>strchr</name>
         <value>0x7833</value>
         <object_component_ref idref="oc-323"/>
      </symbol>
      <symbol id="sm-a34">
         <name>strlen</name>
         <value>0x7849</value>
         <object_component_ref idref="oc-274"/>
      </symbol>
      <symbol id="sm-a4a">
         <name>__aeabi_errno_addr</name>
         <value>0x78dd</value>
         <object_component_ref idref="oc-2a9"/>
      </symbol>
      <symbol id="sm-a4b">
         <name>errno</name>
         <value>0x200007b8</value>
         <object_component_ref idref="oc-333"/>
      </symbol>
      <symbol id="sm-a64">
         <name>wcslen</name>
         <value>0x7881</value>
         <object_component_ref idref="oc-2a3"/>
      </symbol>
      <symbol id="sm-a84">
         <name>frexpl</name>
         <value>0x7361</value>
         <object_component_ref idref="oc-317"/>
      </symbol>
      <symbol id="sm-a85">
         <name>frexp</name>
         <value>0x7361</value>
         <object_component_ref idref="oc-317"/>
      </symbol>
      <symbol id="sm-aa2">
         <name>scalbn</name>
         <value>0x6d15</value>
         <object_component_ref idref="oc-31d"/>
      </symbol>
      <symbol id="sm-aa3">
         <name>scalbnl</name>
         <value>0x6d15</value>
         <object_component_ref idref="oc-31d"/>
      </symbol>
      <symbol id="sm-aa4">
         <name>ldexpl</name>
         <value>0x6d15</value>
         <object_component_ref idref="oc-31d"/>
      </symbol>
      <symbol id="sm-aa5">
         <name>ldexp</name>
         <value>0x6d15</value>
         <object_component_ref idref="oc-31d"/>
      </symbol>
      <symbol id="sm-aaf">
         <name>copysign</name>
         <value>0x77d1</value>
         <object_component_ref idref="oc-359"/>
      </symbol>
      <symbol id="sm-ab0">
         <name>copysignl</name>
         <value>0x77d1</value>
         <object_component_ref idref="oc-359"/>
      </symbol>
      <symbol id="sm-ab1">
         <name>__TI_static_base__</name>
         <value>0x0</value>
      </symbol>
      <symbol id="sm-ab4">
         <name>__mpu_init</name>
         <value>0x0</value>
      </symbol>
      <symbol id="sm-ab5">
         <name>_system_post_cinit</name>
         <value>0x0</value>
      </symbol>
   </symbol_table>
   <title>Link successful</title>
</link_info>
