******************************************************************************
                  TI ARM Linker Unix v20.2.7                   
******************************************************************************
>> Linked Tue Jan 28 20:20:28 2025

OUTPUT FILE NAME:   <RtosProg.out>
ENTRY POINT SYMBOL: "_c_int00_noargs"  address: 00007665


MEMORY CONFIGURATION

         name            origin    length      used     unused   attr    fill
----------------------  --------  ---------  --------  --------  ----  --------
  FLASH                 00000000   00040000  00007a59  000385a7  R  X
  SRAM                  20000000   00008000  000007b8  00007848  RW X


SEGMENT ALLOCATION MAP

run origin  load origin   length   init length attrs members
----------  ----------- ---------- ----------- ----- -------
00000000    00000000    00007a60   00007a60    r-x
  00000000    00000000    0000026c   0000026c    r-- .intvecs
  0000026c    0000026c    0000768c   0000768c    r-x .text
  000078f8    000078f8    00000129   00000129    r-- .const
  00007a28    00007a28    00000038   00000038    r-- .cinit
20000000    20000000    000007bc   00000000    rw-
  20000000    20000000    000005a4   00000000    rw- .bss
  200005a8    200005a8    00000200   00000000    rw- .stack
  200007a8    200007a8    00000014   00000000    rw- .data


SECTION ALLOCATION MAP

 output                                  attributes/
section   page    origin      length       input sections
--------  ----  ----------  ----------   ----------------
.intvecs   0    00000000    0000026c     
                  00000000    0000026c     tm4c123gh6pm_startup_ccs.obj (.intvecs)

.text      0    0000026c    0000768c     
                  0000026c    00001a44     kernel.obj (.text)
                  00001cb0    000017d0     mm.obj (.text)
                  00003480    00001050     shell.obj (.text)
                  000044d0    00000a4e     rtsv7M4_T_le_v4SPD16_eabi.lib : _printfi.c.obj (.text:__TI_printfi)
                  00004f1e    00000002                                   : div0.asm.obj (.text)
                  00004f20    00000808     gpio.obj (.text)
                  00005728    00000490     tasks.obj (.text)
                  00005bb8    00000460     faults.obj (.text)
                  00006018    00000270     rtsv7M4_T_le_v4SPD16_eabi.lib : _printfi.c.obj (.text:_pconv_a)
                  00006288    00000208     rtos.obj (.text)
                  00006490    000001d0     rtsv7M4_T_le_v4SPD16_eabi.lib : _printfi.c.obj (.text:_pconv_g)
                  00006660    000001b6                                   : fd_add_t2.asm.obj (.text)
                  00006816    00000002     --HOLE-- [fill = 0]
                  00006818    00000164     uart0.obj (.text)
                  0000697c    0000013c     rtsv7M4_T_le_v4SPD16_eabi.lib : _printfi.c.obj (.text:_pconv_e)
                  00006ab8    00000136                                   : fd_div_t2.asm.obj (.text)
                  00006bee    00000002     --HOLE-- [fill = 0]
                  00006bf0    00000124                                   : _printfi.c.obj (.text:fcvt)
                  00006d14    00000110                                   : s_scalbn.c.obj (.text:scalbn)
                  00006e24    000000fc                                   : fd_mul_t2.asm.obj (.text)
                  00006f20    000000b1                                   : _printfi.c.obj (.text:_ltostr)
                  00006fd1    00000001     --HOLE-- [fill = 0]
                  00006fd2    0000009c                                   : memcpy_t2.asm.obj (.text)
                  0000706e    00000096                                   : ull_div_t2.asm.obj (.text)
                  00007104    00000086                                   : fd_cmp_t2.asm.obj (.text:__aeabi_cdcmple)
                  0000718a    00000086                                   : fd_cmp_t2.asm.obj (.text:__aeabi_cdrcmple)
                  00007210    0000007a                                   : memset_t2.asm.obj (.text)
                  0000728a    0000006e                                   : _printfi.c.obj (.text:_mcpy)
                  000072f8    00000068                                   : copy_decompress_lzss.c.obj (.text:decompress:lzss:__TI_decompress_lzss)
                  00007360    00000064                                   : s_frexp.c.obj (.text:frexp)
                  000073c4    00000056                                   : _printfi.c.obj (.text:_pconv_f)
                  0000741a    00000054                                   : _ltoa.c.obj (.text:__TI_ltoa)
                  0000746e    00000052                                   : _printfi.c.obj (.text:_ecpy)
                  000074c0    0000004c                                   : atoi.c.obj (.text:atoi)
                  0000750c    0000004c                                   : snprintf.c.obj (.text:snprintf)
                  00007558    00000048                                   : fd_toi_t2.asm.obj (.text)
                  000075a0    00000044                                   : autoinit.c.obj (.text:__TI_auto_init_nobinit_nopinit:__TI_auto_init_nobinit_nopinit)
                  000075e4    00000040                                   : sprintf.c.obj (.text:sprintf)
                  00007624    0000003e                                   : _printfi.c.obj (.text:_fcpy)
                  00007662    00000002     --HOLE-- [fill = 0]
                  00007664    00000034                                   : boot_cortex_m.c.obj (.text:_c_int00_noargs:_c_int00_noargs)
                  00007698    00000030     Push.obj (.text)
                  000076c8    00000030     rtsv7M4_T_le_v4SPD16_eabi.lib : snprintf.c.obj (.text:_outs)
                  000076f8    0000002e     Pop.obj (.text)
                  00007726    0000002e     rtsv7M4_T_le_v4SPD16_eabi.lib : i_tofd_t2.asm.obj (.text)
                  00007754    00000024     wait.obj (.text)
                  00007778    0000001e     rtsv7M4_T_le_v4SPD16_eabi.lib : ll_lsl_t2.asm.obj (.text)
                  00007796    0000001e                                   : ll_lsr_t2.asm.obj (.text)
                  000077b4    0000001c                                   : memccpy.c.obj (.text:memccpy)
                  000077d0    0000001a                                   : s_copysign.c.obj (.text:copysign)
                  000077ea    00000018                                   : snprintf.c.obj (.text:_outc)
                  00007802    00000018                                   : sprintf.c.obj (.text:_outs)
                  0000781a    00000018                                   : ll_mul_t2.asm.obj (.text)
                  00007832    00000016                                   : strchr.c.obj (.text:strchr)
                  00007848    00000014                                   : strlen.c.obj (.text:strlen)
                  0000785c    00000012     SetASP.obj (.text)
                  0000786e    00000012     SetTMPL.obj (.text)
                  00007880    00000012     rtsv7M4_T_le_v4SPD16_eabi.lib : wcslen.c.obj (.text:wcslen)
                  00007892    00000002     --HOLE-- [fill = 0]
                  00007894    00000010     clock.obj (.text)
                  000078a4    0000000e     rtsv7M4_T_le_v4SPD16_eabi.lib : copy_decompress_none.c.obj (.text:decompress:none:__TI_decompress_none)
                  000078b2    0000000c                                   : copy_zero_init.c.obj (.text:decompress:ZI:__TI_zero_init)
                  000078be    0000000a     SetPSP.obj (.text)
                  000078c8    0000000a     rtsv7M4_T_le_v4SPD16_eabi.lib : sprintf.c.obj (.text:_outc)
                  000078d2    0000000a     tm4c123gh6pm_startup_ccs.obj (.text)
                  000078dc    00000008     rtsv7M4_T_le_v4SPD16_eabi.lib : errno.c.obj (.text:__aeabi_errno_addr)
                  000078e4    00000006     GetMSP.obj (.text)
                  000078ea    00000006     GetPSP.obj (.text)
                  000078f0    00000004     rtsv7M4_T_le_v4SPD16_eabi.lib : pre_init.c.obj (.text:_system_pre_init)
                  000078f4    00000004                                   : exit.c.obj (.text:abort:abort)

.const     0    000078f8    00000129     
                  000078f8    00000101     rtsv7M4_T_le_v4SPD16_eabi.lib : ctype.c.obj (.const:.string:_ctypes_)
                  000079f9    00000003     --HOLE-- [fill = 0]
                  000079fc    00000014     mm.obj (.const:$P$T0$1)
                  00007a10    00000011     faults.obj (.const:.string:$P$T0$1)

.cinit     0    00007a28    00000038     
                  00007a28    00000014     (.cinit..data.load) [load image, compression = lzss]
                  00007a3c    0000000c     (__TI_handler_table)
                  00007a48    00000008     (.cinit..bss.load) [load image, compression = zero_init]
                  00007a50    00000010     (__TI_cinit_table)

.init_array 
*          0    00000000    00000000     UNINITIALIZED

.bss       0    20000000    000005a4     UNINITIALIZED
                  20000000    000003c0     (.common:tcb)
                  200003c0    000001c0     mm.obj (.bss:dataArray)
                  20000580    00000010     mm.obj (.bss)
                  20000590    0000000c     (.common:semaphores)
                  2000059c    00000008     (.common:mutexes)

.data      0    200007a8    00000014     UNINITIALIZED
                  200007a8    00000010     kernel.obj (.data)
                  200007b8    00000004     rtsv7M4_T_le_v4SPD16_eabi.lib : errno.c.obj (.data)

.stack     0    200005a8    00000200     UNINITIALIZED
                  200005a8    00000004     rtsv7M4_T_le_v4SPD16_eabi.lib : boot_cortex_m.c.obj (.stack)
                  200005ac    000001fc     --HOLE--

__llvm_prf_cnts 
*          0    20000000    00000000     UNINITIALIZED

MODULE SUMMARY

       Module                         code    ro data   rw data
       ------                         ----    -------   -------
    ./
       kernel.obj                     6724    0         996    
       mm.obj                         6096    20        464    
       shell.obj                      4176    0         0      
       gpio.obj                       2056    0         0      
       tasks.obj                      1168    0         0      
       faults.obj                     1120    17        0      
       tm4c123gh6pm_startup_ccs.obj   10      620       0      
       rtos.obj                       520     0         0      
       uart0.obj                      356     0         0      
       Push.obj                       48      0         0      
       Pop.obj                        46      0         0      
       wait.obj                       36      0         0      
       SetASP.obj                     18      0         0      
       SetTMPL.obj                    18      0         0      
       clock.obj                      16      0         0      
       SetPSP.obj                     10      0         0      
       GetMSP.obj                     6       0         0      
       GetPSP.obj                     6       0         0      
    +--+------------------------------+-------+---------+---------+
       Total:                         22430   657       1460   
                                                               
    /home/luis-contreras/ti/ccs1260/ccs/tools/compiler/ti-cgt-arm_20.2.7.LTS/lib/rtsv7M4_T_le_v4SPD16_eabi.lib
       _printfi.c.obj                 4851    0         0      
       fd_add_t2.asm.obj              438     0         0      
       fd_div_t2.asm.obj              310     0         0      
       s_scalbn.c.obj                 272     0         0      
       fd_cmp_t2.asm.obj              268     0         0      
       ctype.c.obj                    0       257       0      
       fd_mul_t2.asm.obj              252     0         0      
       memcpy_t2.asm.obj              156     0         0      
       ull_div_t2.asm.obj             150     0         0      
       snprintf.c.obj                 148     0         0      
       memset_t2.asm.obj              122     0         0      
       copy_decompress_lzss.c.obj     104     0         0      
       s_frexp.c.obj                  100     0         0      
       sprintf.c.obj                  98      0         0      
       _ltoa.c.obj                    84      0         0      
       atoi.c.obj                     76      0         0      
       fd_toi_t2.asm.obj              72      0         0      
       autoinit.c.obj                 68      0         0      
       boot_cortex_m.c.obj            52      0         0      
       i_tofd_t2.asm.obj              46      0         0      
       ll_lsl_t2.asm.obj              30      0         0      
       ll_lsr_t2.asm.obj              30      0         0      
       memccpy.c.obj                  28      0         0      
       s_copysign.c.obj               26      0         0      
       ll_mul_t2.asm.obj              24      0         0      
       strchr.c.obj                   22      0         0      
       strlen.c.obj                   20      0         0      
       wcslen.c.obj                   18      0         0      
       copy_decompress_none.c.obj     14      0         0      
       copy_zero_init.c.obj           12      0         0      
       errno.c.obj                    8       0         4      
       exit.c.obj                     4       0         0      
       pre_init.c.obj                 4       0         0      
       div0.asm.obj                   2       0         0      
    +--+------------------------------+-------+---------+---------+
       Total:                         7909    257       4      
                                                               
       Stack:                         0       0         512    
       Linker Generated:              0       56        0      
    +--+------------------------------+-------+---------+---------+
       Grand Total:                   30339   970       1976   


LINKER GENERATED COPY TABLES

__TI_cinit_table @ 00007a50 records: 2, size/record: 8, table size: 16
	.data: load addr=00007a28, load size=00000014 bytes, run addr=200007a8, run size=00000014 bytes, compression=lzss
	.bss: load addr=00007a48, load size=00000008 bytes, run addr=20000000, run size=000005a4 bytes, compression=zero_init


LINKER GENERATED HANDLER TABLE

__TI_handler_table @ 00007a3c records: 3, size/record: 4, table size: 12
	index: 0, handler: __TI_decompress_lzss
	index: 1, handler: __TI_decompress_none
	index: 2, handler: __TI_zero_init


GLOBAL SYMBOLS: SORTED ALPHABETICALLY BY Name 

address   name                          
-------   ----                          
00001cc5  Adresret                      
000078f5  C$$EXIT                       
000003ad  ComPrio                       
00005c87  DisStackDump                  
000078e5  GetMSP                        
000078eb  GetPSP                        
00005729  INTPeriodTime                 
0000026d  InitWTimer                    
0000360d  LenOfStr                      
000038eb  MEMEINFO                      
000030e9  MPUON                         
00001d8f  MakeEntry                     
00005981  Malloc2                       
00003929  PREON                         
000076f9  Pop                           
00007699  Push                          
000078d3  ResetISR                      
0000391b  SCHED                         
0000375f  STRhexToint                   
00002505  S_open_bit                    
0000785d  SetASP                        
000078bf  SetPSP                        
0000786f  SetTMPL                       
00003873  Stringcmp                     
000031e1  SubAdd                        
0000584d  Timer0ISR                     
200007a8  __STACK_END                   
00000200  __STACK_SIZE                  
200007a8  __STACK_TOP                   
00007a50  __TI_CINIT_Base               
00007a60  __TI_CINIT_Limit              
00007a3c  __TI_Handler_Table_Base       
00007a48  __TI_Handler_Table_Limit      
000075a1  __TI_auto_init_nobinit_nopinit
000072f9  __TI_decompress_lzss          
000078a5  __TI_decompress_none          
0000741b  __TI_ltoa                     
ffffffff  __TI_pprof_out_hndl           
000044d1  __TI_printfi                  
ffffffff  __TI_prof_data_size           
ffffffff  __TI_prof_data_start          
00000000  __TI_static_base__            
000078b3  __TI_zero_init                
00007105  __aeabi_cdcmpeq               
00007105  __aeabi_cdcmple               
0000718b  __aeabi_cdrcmple              
00007559  __aeabi_d2iz                  
0000666b  __aeabi_dadd                  
00006ab9  __aeabi_ddiv                  
00006e25  __aeabi_dmul                  
00006661  __aeabi_dsub                  
000078dd  __aeabi_errno_addr            
00007727  __aeabi_i2d                   
00004f1f  __aeabi_idiv0                 
00004f1f  __aeabi_ldiv0                 
00007779  __aeabi_llsl                  
00007797  __aeabi_llsr                  
0000781b  __aeabi_lmul                  
00007211  __aeabi_memclr                
00007211  __aeabi_memclr4               
00007211  __aeabi_memclr8               
00006fd3  __aeabi_memcpy                
00006fd3  __aeabi_memcpy4               
00006fd3  __aeabi_memcpy8               
00007213  __aeabi_memset                
00007213  __aeabi_memset4               
00007213  __aeabi_memset8               
0000706f  __aeabi_uldivmod              
ffffffff  __binit__                     
ffffffff  __c_args__                    
UNDEFED   __mpu_init                    
200005a8  __stack                       
20000000  __start___llvm_prf_cnts       
20000000  __stop___llvm_prf_cnts        
00007665  _c_int00_noargs               
000078f8  _ctypes_                      
UNDEFED   _system_post_cinit            
000078f1  _system_pre_init              
000078f5  abort                         
0000336d  addSramAccessWindow           
000030f5  allowFlashAccess              
0000310d  allowPeripheralAccess         
00003405  applySramAccessMask           
000074c1  atoi                          
ffffffff  binit                         
00005ef1  busFaultIsr                   
00005575  clearPinInterrupt             
000077d1  copysign                      
000077d1  copysignl                     
000031b5  createNoSramAccessMask        
00000691  createThread                  
00005b09  debounce                      
00005551  disablePinInterrupt           
00005289  disablePinPulldown            
00005241  disablePinPullup              
00004fdd  disablePort                   
0000552d  enablePinInterrupt            
00005265  enablePinPulldown             
00005213  enablePinPullup               
00004f21  enablePort                    
00005b5b  errant                        
200007b8  errno                         
00001e51  findCBits                     
00002785  find_open_bit                 
0000592d  flash4Hz                      
00003041  freeToHeap                    
00003007  freebits                      
00007361  frexp                         
00007361  frexpl                        
00000000  g_pfnVectors                  
0000368d  getFieldInteger               
00003631  getFieldString                
000008cf  getPID                        
000055e3  getPinValue                   
00005699  getPortValue                  
00006919  getcUart0                     
00003481  getsUart0                     
00005e51  hardFaultIsr                  
00005909  idle                          
00005b7d  important                     
0000576f  initHw                        
000002af  initMutex                     
0000032f  initRtos                      
000002f7  initSemaphore                 
00007895  initSystemClockTo40Mhz        
00006819  initUart0                     
00005c3d  intToHexStr                   
00005bb9  intTostring                   
00003903  ipcs                          
000037f5  isCommand                     
000036df  isHex                         
0000692d  kbhitUart0                    
000038b5  kill                          
00000a35  killThread                    
00006d15  ldexp                         
00006d15  ldexpl                        
0000599d  lengthyFn                     
00000da1  lock                          
000003e3  loopForPrio                   
00006289  main                          
00002bc5  mallocFromHeap                
000077b5  memccpy                       
00006fd3  memcpy                        
00001cb1  meminfoCall                   
00007219  memset                        
00005d73  mpuFaultIsr                   
2000059c  mutexes                       
00002b7d  numof1024Need                 
00002b9d  numof512need                  
0000595b  oneshot                       
00003505  parseFields                   
0000598d  partOfLengthyFn               
00000f01  pendSvIsr                     
000038cd  pi                            
000038f7  pidof                         
000038c1  pkill                         
00000dcb  post                          
200007ad  preemption                    
200007ac  priorityInheritance           
200007ab  priorityScheduler             
00003937  procLiv                       
000038a9  ps                            
000068d1  putcUart0                     
000068ed  putsUart0                     
00005a51  readKeys                      
0000587d  readPbs                       
00002f4f  removeElement                 
00000a05  restartThread                 
00002b4f  roundUpToMultipleOf1024       
00002b21  roundUpToMultipleOf512        
000004b9  rtosScheduler                 
0000390f  runTask                       
000008ed  runThread                     
00006d15  scalbn                        
00006d15  scalbnl                       
00005147  selectPinAnalogInput          
000050f9  selectPinDigitalInput         
00005463  selectPinInterruptBothEdges   
00005413  selectPinInterruptFallingEdge 
000054b9  selectPinInterruptHighLevel   
000054f3  selectPinInterruptLowLevel    
000053c3  selectPinInterruptRisingEdge  
000050ab  selectPinOpenDrainOutput      
0000505d  selectPinPushPullOutput       
20000590  semaphores                    
000052b1  setPinAuxFunction             
00005197  setPinCommitControl           
00005599  setPinValue                   
00005621  setPortValue                  
00000d7d  setThreadPriority             
0000688d  setUart0BaudRate              
00003131  setupSramAccess               
0000396d  shell                         
000023b3  sizeof1536allo                
00000d91  sleep                         
0000750d  snprintf                      
000075e5  sprintf                       
0000062d  startRtos                     
00000d69  stopThread                    
00007833  strchr                        
00007849  strlen                        
00001009  svCallIsr                     
200007aa  switchTime                    
00000df1  systickIsr                    
200007a9  taskCount                     
200007a8  taskCurrent                   
20000000  tcb                           
000055bf  togglePinValue                
00005b4b  uncooperative                 
00000daf  unlock                        
00005f09  usageFaultIsr                 
00000dbd  wait                          
00007755  waitMicrosecond               
00007881  wcslen                        
00000d8d  yield                         


GLOBAL SYMBOLS: SORTED BY Symbol Address 

address   name                          
-------   ----                          
00000000  __TI_static_base__            
00000000  g_pfnVectors                  
00000200  __STACK_SIZE                  
0000026d  InitWTimer                    
000002af  initMutex                     
000002f7  initSemaphore                 
0000032f  initRtos                      
000003ad  ComPrio                       
000003e3  loopForPrio                   
000004b9  rtosScheduler                 
0000062d  startRtos                     
00000691  createThread                  
000008cf  getPID                        
000008ed  runThread                     
00000a05  restartThread                 
00000a35  killThread                    
00000d69  stopThread                    
00000d7d  setThreadPriority             
00000d8d  yield                         
00000d91  sleep                         
00000da1  lock                          
00000daf  unlock                        
00000dbd  wait                          
00000dcb  post                          
00000df1  systickIsr                    
00000f01  pendSvIsr                     
00001009  svCallIsr                     
00001cb1  meminfoCall                   
00001cc5  Adresret                      
00001d8f  MakeEntry                     
00001e51  findCBits                     
000023b3  sizeof1536allo                
00002505  S_open_bit                    
00002785  find_open_bit                 
00002b21  roundUpToMultipleOf512        
00002b4f  roundUpToMultipleOf1024       
00002b7d  numof1024Need                 
00002b9d  numof512need                  
00002bc5  mallocFromHeap                
00002f4f  removeElement                 
00003007  freebits                      
00003041  freeToHeap                    
000030e9  MPUON                         
000030f5  allowFlashAccess              
0000310d  allowPeripheralAccess         
00003131  setupSramAccess               
000031b5  createNoSramAccessMask        
000031e1  SubAdd                        
0000336d  addSramAccessWindow           
00003405  applySramAccessMask           
00003481  getsUart0                     
00003505  parseFields                   
0000360d  LenOfStr                      
00003631  getFieldString                
0000368d  getFieldInteger               
000036df  isHex                         
0000375f  STRhexToint                   
000037f5  isCommand                     
00003873  Stringcmp                     
000038a9  ps                            
000038b5  kill                          
000038c1  pkill                         
000038cd  pi                            
000038eb  MEMEINFO                      
000038f7  pidof                         
00003903  ipcs                          
0000390f  runTask                       
0000391b  SCHED                         
00003929  PREON                         
00003937  procLiv                       
0000396d  shell                         
000044d1  __TI_printfi                  
00004f1f  __aeabi_idiv0                 
00004f1f  __aeabi_ldiv0                 
00004f21  enablePort                    
00004fdd  disablePort                   
0000505d  selectPinPushPullOutput       
000050ab  selectPinOpenDrainOutput      
000050f9  selectPinDigitalInput         
00005147  selectPinAnalogInput          
00005197  setPinCommitControl           
00005213  enablePinPullup               
00005241  disablePinPullup              
00005265  enablePinPulldown             
00005289  disablePinPulldown            
000052b1  setPinAuxFunction             
000053c3  selectPinInterruptRisingEdge  
00005413  selectPinInterruptFallingEdge 
00005463  selectPinInterruptBothEdges   
000054b9  selectPinInterruptHighLevel   
000054f3  selectPinInterruptLowLevel    
0000552d  enablePinInterrupt            
00005551  disablePinInterrupt           
00005575  clearPinInterrupt             
00005599  setPinValue                   
000055bf  togglePinValue                
000055e3  getPinValue                   
00005621  setPortValue                  
00005699  getPortValue                  
00005729  INTPeriodTime                 
0000576f  initHw                        
0000584d  Timer0ISR                     
0000587d  readPbs                       
00005909  idle                          
0000592d  flash4Hz                      
0000595b  oneshot                       
00005981  Malloc2                       
0000598d  partOfLengthyFn               
0000599d  lengthyFn                     
00005a51  readKeys                      
00005b09  debounce                      
00005b4b  uncooperative                 
00005b5b  errant                        
00005b7d  important                     
00005bb9  intTostring                   
00005c3d  intToHexStr                   
00005c87  DisStackDump                  
00005d73  mpuFaultIsr                   
00005e51  hardFaultIsr                  
00005ef1  busFaultIsr                   
00005f09  usageFaultIsr                 
00006289  main                          
00006661  __aeabi_dsub                  
0000666b  __aeabi_dadd                  
00006819  initUart0                     
0000688d  setUart0BaudRate              
000068d1  putcUart0                     
000068ed  putsUart0                     
00006919  getcUart0                     
0000692d  kbhitUart0                    
00006ab9  __aeabi_ddiv                  
00006d15  ldexp                         
00006d15  ldexpl                        
00006d15  scalbn                        
00006d15  scalbnl                       
00006e25  __aeabi_dmul                  
00006fd3  __aeabi_memcpy                
00006fd3  __aeabi_memcpy4               
00006fd3  __aeabi_memcpy8               
00006fd3  memcpy                        
0000706f  __aeabi_uldivmod              
00007105  __aeabi_cdcmpeq               
00007105  __aeabi_cdcmple               
0000718b  __aeabi_cdrcmple              
00007211  __aeabi_memclr                
00007211  __aeabi_memclr4               
00007211  __aeabi_memclr8               
00007213  __aeabi_memset                
00007213  __aeabi_memset4               
00007213  __aeabi_memset8               
00007219  memset                        
000072f9  __TI_decompress_lzss          
00007361  frexp                         
00007361  frexpl                        
0000741b  __TI_ltoa                     
000074c1  atoi                          
0000750d  snprintf                      
00007559  __aeabi_d2iz                  
000075a1  __TI_auto_init_nobinit_nopinit
000075e5  sprintf                       
00007665  _c_int00_noargs               
00007699  Push                          
000076f9  Pop                           
00007727  __aeabi_i2d                   
00007755  waitMicrosecond               
00007779  __aeabi_llsl                  
00007797  __aeabi_llsr                  
000077b5  memccpy                       
000077d1  copysign                      
000077d1  copysignl                     
0000781b  __aeabi_lmul                  
00007833  strchr                        
00007849  strlen                        
0000785d  SetASP                        
0000786f  SetTMPL                       
00007881  wcslen                        
00007895  initSystemClockTo40Mhz        
000078a5  __TI_decompress_none          
000078b3  __TI_zero_init                
000078bf  SetPSP                        
000078d3  ResetISR                      
000078dd  __aeabi_errno_addr            
000078e5  GetMSP                        
000078eb  GetPSP                        
000078f1  _system_pre_init              
000078f5  C$$EXIT                       
000078f5  abort                         
000078f8  _ctypes_                      
00007a3c  __TI_Handler_Table_Base       
00007a48  __TI_Handler_Table_Limit      
00007a50  __TI_CINIT_Base               
00007a60  __TI_CINIT_Limit              
20000000  __start___llvm_prf_cnts       
20000000  __stop___llvm_prf_cnts        
20000000  tcb                           
20000590  semaphores                    
2000059c  mutexes                       
200005a8  __stack                       
200007a8  __STACK_END                   
200007a8  __STACK_TOP                   
200007a8  taskCurrent                   
200007a9  taskCount                     
200007aa  switchTime                    
200007ab  priorityScheduler             
200007ac  priorityInheritance           
200007ad  preemption                    
200007b8  errno                         
ffffffff  __TI_pprof_out_hndl           
ffffffff  __TI_prof_data_size           
ffffffff  __TI_prof_data_start          
ffffffff  __binit__                     
ffffffff  __c_args__                    
ffffffff  binit                         
UNDEFED   __mpu_init                    
UNDEFED   _system_post_cinit            

[215 symbols]
